[2025-11-11 09:51:57,014] INFO: ğŸ® Game Server started on port 10102
[2025-11-11 09:51:57,014] INFO:    Room: 20, Players: [1, 2]
[2025-11-11 09:51:57,014] INFO:    Seed: 1889325654
[2025-11-11 09:51:59,518] INFO: ğŸ“¥ Player 1 connected from ('127.0.0.1', 57058)
[2025-11-11 09:51:59,520] INFO: [PROTOCOL] æº–å‚™ç™¼é€ 121 bytes
[2025-11-11 09:51:59,520] INFO: [PROTOCOL] å·²ç™¼é€ 125/125 bytes
[2025-11-11 09:51:59,520] INFO: [PROTOCOL] âœ… å®Œæ•´ç™¼é€ 125 bytes
[2025-11-11 09:51:59,520] INFO: âœ… Player 1 (P1) ready
[2025-11-11 09:51:59,520] INFO: ğŸ“¥ Player 2 connected from ('127.0.0.1', 57059)
[2025-11-11 09:51:59,520] INFO: [PROTOCOL] æº–å‚™ç™¼é€ 121 bytes
[2025-11-11 09:51:59,520] INFO: [PROTOCOL] å·²ç™¼é€ 125/125 bytes
[2025-11-11 09:51:59,520] INFO: [PROTOCOL] âœ… å®Œæ•´ç™¼é€ 125 bytes
[2025-11-11 09:51:59,520] INFO: âœ… Player 2 (P2) ready
[2025-11-11 09:51:59,520] INFO: âœ… Both players connected, starting game...
[2025-11-11 09:51:59,521] INFO: ğŸ® Starting input handler for player 1
[2025-11-11 09:51:59,521] INFO: ğŸ® Starting input handler for player 2
[2025-11-11 09:51:59,625] INFO: [PROTOCOL] æº–å‚™ç™¼é€ 262 bytes
[2025-11-11 09:51:59,625] INFO: [PROTOCOL] å·²ç™¼é€ 266/266 bytes
[2025-11-11 09:51:59,625] INFO: [PROTOCOL] âœ… å®Œæ•´ç™¼é€ 266 bytes
[2025-11-11 09:51:59,625] INFO: [PROTOCOL] æº–å‚™ç™¼é€ 262 bytes
[2025-11-11 09:51:59,625] INFO: [PROTOCOL] å·²ç™¼é€ 266/266 bytes
[2025-11-11 09:51:59,625] INFO: [PROTOCOL] âœ… å®Œæ•´ç™¼é€ 266 bytes
[2025-11-11 09:51:59,625] INFO: [PROTOCOL] æº–å‚™ç™¼é€ 262 bytes
[2025-11-11 09:51:59,625] INFO: [PROTOCOL] å·²ç™¼é€ 266/266 bytes
[2025-11-11 09:51:59,625] INFO: [PROTOCOL] âœ… å®Œæ•´ç™¼é€ 266 bytes
[2025-11-11 09:51:59,625] INFO: [PROTOCOL] æº–å‚™ç™¼é€ 262 bytes
[2025-11-11 09:51:59,625] INFO: [PROTOCOL] å·²ç™¼é€ 266/266 bytes
[2025-11-11 09:51:59,625] INFO: [PROTOCOL] âœ… å®Œæ•´ç™¼é€ 266 bytes
[2025-11-11 09:51:59,729] INFO: [PROTOCOL] æº–å‚™ç™¼é€ 262 bytes
[2025-11-11 09:51:59,729] INFO: [PROTOCOL] å·²ç™¼é€ 266/266 bytes
[2025-11-11 09:51:59,729] INFO: [PROTOCOL] âœ… å®Œæ•´ç™¼é€ 266 bytes
[2025-11-11 09:51:59,729] INFO: [PROTOCOL] æº–å‚™ç™¼é€ 262 bytes
[2025-11-11 09:51:59,729] INFO: [PROTOCOL] å·²ç™¼é€ 266/266 bytes
[2025-11-11 09:51:59,729] INFO: [PROTOCOL] âœ… å®Œæ•´ç™¼é€ 266 bytes
[2025-11-11 09:51:59,729] INFO: [PROTOCOL] æº–å‚™ç™¼é€ 262 bytes
[2025-11-11 09:51:59,729] INFO: [PROTOCOL] å·²ç™¼é€ 266/266 bytes
[2025-11-11 09:51:59,729] INFO: [PROTOCOL] âœ… å®Œæ•´ç™¼é€ 266 bytes
[2025-11-11 09:51:59,729] INFO: [PROTOCOL] æº–å‚™ç™¼é€ 262 bytes
[2025-11-11 09:51:59,729] INFO: [PROTOCOL] å·²ç™¼é€ 266/266 bytes
[2025-11-11 09:51:59,729] INFO: [PROTOCOL] âœ… å®Œæ•´ç™¼é€ 266 bytes
[2025-11-11 09:51:59,834] INFO: [PROTOCOL] æº–å‚™ç™¼é€ 262 bytes
[2025-11-11 09:51:59,834] INFO: [PROTOCOL] å·²ç™¼é€ 266/266 bytes
[2025-11-11 09:51:59,835] INFO: [PROTOCOL] âœ… å®Œæ•´ç™¼é€ 266 bytes
[2025-11-11 09:51:59,835] INFO: [PROTOCOL] æº–å‚™ç™¼é€ 262 bytes
[2025-11-11 09:51:59,835] INFO: [PROTOCOL] å·²ç™¼é€ 266/266 bytes
[2025-11-11 09:51:59,835] INFO: [PROTOCOL] âœ… å®Œæ•´ç™¼é€ 266 bytes
[2025-11-11 09:51:59,835] INFO: [PROTOCOL] æº–å‚™ç™¼é€ 262 bytes
[2025-11-11 09:51:59,835] INFO: [PROTOCOL] å·²ç™¼é€ 266/266 bytes
[2025-11-11 09:51:59,835] INFO: [PROTOCOL] âœ… å®Œæ•´ç™¼é€ 266 bytes
[2025-11-11 09:51:59,835] INFO: [PROTOCOL] æº–å‚™ç™¼é€ 262 bytes
[2025-11-11 09:51:59,835] INFO: [PROTOCOL] å·²ç™¼é€ 266/266 bytes
[2025-11-11 09:51:59,835] INFO: [PROTOCOL] âœ… å®Œæ•´ç™¼é€ 266 bytes
[2025-11-11 09:51:59,940] INFO: [PROTOCOL] æº–å‚™ç™¼é€ 262 bytes
[2025-11-11 09:51:59,940] INFO: [PROTOCOL] å·²ç™¼é€ 266/266 bytes
[2025-11-11 09:51:59,940] INFO: [PROTOCOL] âœ… å®Œæ•´ç™¼é€ 266 bytes
[2025-11-11 09:51:59,940] INFO: [PROTOCOL] æº–å‚™ç™¼é€ 262 bytes
[2025-11-11 09:51:59,940] INFO: [PROTOCOL] å·²ç™¼é€ 266/266 bytes
[2025-11-11 09:51:59,940] INFO: [PROTOCOL] âœ… å®Œæ•´ç™¼é€ 266 bytes
[2025-11-11 09:51:59,940] INFO: [PROTOCOL] æº–å‚™ç™¼é€ 262 bytes
[2025-11-11 09:51:59,940] INFO: [PROTOCOL] å·²ç™¼é€ 266/266 bytes
[2025-11-11 09:51:59,940] INFO: [PROTOCOL] âœ… å®Œæ•´ç™¼é€ 266 bytes
[2025-11-11 09:51:59,940] INFO: [PROTOCOL] æº–å‚™ç™¼é€ 262 bytes
[2025-11-11 09:51:59,940] INFO: [PROTOCOL] å·²ç™¼é€ 266/266 bytes
[2025-11-11 09:51:59,940] INFO: [PROTOCOL] âœ… å®Œæ•´ç™¼é€ 266 bytes
[2025-11-11 09:52:00,042] INFO: [PROTOCOL] æº–å‚™ç™¼é€ 263 bytes
[2025-11-11 09:52:00,042] INFO: [PROTOCOL] å·²ç™¼é€ 267/267 bytes
[2025-11-11 09:52:00,042] INFO: [PROTOCOL] âœ… å®Œæ•´ç™¼é€ 267 bytes
[2025-11-11 09:52:00,042] INFO: [PROTOCOL] æº–å‚™ç™¼é€ 263 bytes
[2025-11-11 09:52:00,042] INFO: [PROTOCOL] å·²ç™¼é€ 267/267 bytes
[2025-11-11 09:52:00,042] INFO: [PROTOCOL] âœ… å®Œæ•´ç™¼é€ 267 bytes
[2025-11-11 09:52:00,042] INFO: [PROTOCOL] æº–å‚™ç™¼é€ 263 bytes
[2025-11-11 09:52:00,042] INFO: [PROTOCOL] å·²ç™¼é€ 267/267 bytes
[2025-11-11 09:52:00,042] INFO: [PROTOCOL] âœ… å®Œæ•´ç™¼é€ 267 bytes
[2025-11-11 09:52:00,042] INFO: [PROTOCOL] æº–å‚™ç™¼é€ 263 bytes
[2025-11-11 09:52:00,042] INFO: [PROTOCOL] å·²ç™¼é€ 267/267 bytes
[2025-11-11 09:52:00,042] INFO: [PROTOCOL] âœ… å®Œæ•´ç™¼é€ 267 bytes
[2025-11-11 09:52:00,144] INFO: [PROTOCOL] æº–å‚™ç™¼é€ 263 bytes
[2025-11-11 09:52:00,145] INFO: [PROTOCOL] å·²ç™¼é€ 267/267 bytes
[2025-11-11 09:52:00,145] INFO: [PROTOCOL] âœ… å®Œæ•´ç™¼é€ 267 bytes
[2025-11-11 09:52:00,145] INFO: [PROTOCOL] æº–å‚™ç™¼é€ 263 bytes
[2025-11-11 09:52:00,145] INFO: [PROTOCOL] å·²ç™¼é€ 267/267 bytes
[2025-11-11 09:52:00,145] INFO: [PROTOCOL] âœ… å®Œæ•´ç™¼é€ 267 bytes
[2025-11-11 09:52:00,145] INFO: [PROTOCOL] æº–å‚™ç™¼é€ 263 bytes
[2025-11-11 09:52:00,145] INFO: [PROTOCOL] å·²ç™¼é€ 267/267 bytes
[2025-11-11 09:52:00,145] INFO: [PROTOCOL] âœ… å®Œæ•´ç™¼é€ 267 bytes
[2025-11-11 09:52:00,145] INFO: [PROTOCOL] æº–å‚™ç™¼é€ 263 bytes
[2025-11-11 09:52:00,146] INFO: [PROTOCOL] å·²ç™¼é€ 267/267 bytes
[2025-11-11 09:52:00,146] INFO: [PROTOCOL] âœ… å®Œæ•´ç™¼é€ 267 bytes
[2025-11-11 09:52:00,250] INFO: [PROTOCOL] æº–å‚™ç™¼é€ 263 bytes
[2025-11-11 09:52:00,251] INFO: [PROTOCOL] å·²ç™¼é€ 267/267 bytes
[2025-11-11 09:52:00,251] INFO: [PROTOCOL] âœ… å®Œæ•´ç™¼é€ 267 bytes
[2025-11-11 09:52:00,251] INFO: [PROTOCOL] æº–å‚™ç™¼é€ 263 bytes
[2025-11-11 09:52:00,251] INFO: [PROTOCOL] å·²ç™¼é€ 267/267 bytes
[2025-11-11 09:52:00,251] INFO: [PROTOCOL] âœ… å®Œæ•´ç™¼é€ 267 bytes
[2025-11-11 09:52:00,251] INFO: [PROTOCOL] æº–å‚™ç™¼é€ 263 bytes
[2025-11-11 09:52:00,251] INFO: [PROTOCOL] å·²ç™¼é€ 267/267 bytes
[2025-11-11 09:52:00,251] INFO: [PROTOCOL] âœ… å®Œæ•´ç™¼é€ 267 bytes
[2025-11-11 09:52:00,251] INFO: [PROTOCOL] æº–å‚™ç™¼é€ 263 bytes
[2025-11-11 09:52:00,251] INFO: [PROTOCOL] å·²ç™¼é€ 267/267 bytes
[2025-11-11 09:52:00,251] INFO: [PROTOCOL] âœ… å®Œæ•´ç™¼é€ 267 bytes
[2025-11-11 09:52:00,356] INFO: [PROTOCOL] æº–å‚™ç™¼é€ 263 bytes
[2025-11-11 09:52:00,357] INFO: [PROTOCOL] å·²ç™¼é€ 267/267 bytes
[2025-11-11 09:52:00,357] INFO: [PROTOCOL] âœ… å®Œæ•´ç™¼é€ 267 bytes
[2025-11-11 09:52:00,357] INFO: [PROTOCOL] æº–å‚™ç™¼é€ 263 bytes
[2025-11-11 09:52:00,357] INFO: [PROTOCOL] å·²ç™¼é€ 267/267 bytes
[2025-11-11 09:52:00,357] INFO: [PROTOCOL] âœ… å®Œæ•´ç™¼é€ 267 bytes
[2025-11-11 09:52:00,357] INFO: [PROTOCOL] æº–å‚™ç™¼é€ 263 bytes
[2025-11-11 09:52:00,357] INFO: [PROTOCOL] å·²ç™¼é€ 267/267 bytes
[2025-11-11 09:52:00,357] INFO: [PROTOCOL] âœ… å®Œæ•´ç™¼é€ 267 bytes
[2025-11-11 09:52:00,357] INFO: [PROTOCOL] æº–å‚™ç™¼é€ 263 bytes
[2025-11-11 09:52:00,357] INFO: [PROTOCOL] å·²ç™¼é€ 267/267 bytes
[2025-11-11 09:52:00,357] INFO: [PROTOCOL] âœ… å®Œæ•´ç™¼é€ 267 bytes
[2025-11-11 09:52:00,460] INFO: [PROTOCOL] æº–å‚™ç™¼é€ 263 bytes
[2025-11-11 09:52:00,460] INFO: [PROTOCOL] å·²ç™¼é€ 267/267 bytes
[2025-11-11 09:52:00,460] INFO: [PROTOCOL] âœ… å®Œæ•´ç™¼é€ 267 bytes
[2025-11-11 09:52:00,460] INFO: [PROTOCOL] æº–å‚™ç™¼é€ 263 bytes
[2025-11-11 09:52:00,460] INFO: [PROTOCOL] å·²ç™¼é€ 267/267 bytes
[2025-11-11 09:52:00,460] INFO: [PROTOCOL] âœ… å®Œæ•´ç™¼é€ 267 bytes
[2025-11-11 09:52:00,460] INFO: [PROTOCOL] æº–å‚™ç™¼é€ 263 bytes
[2025-11-11 09:52:00,460] INFO: [PROTOCOL] å·²ç™¼é€ 267/267 bytes
[2025-11-11 09:52:00,460] INFO: [PROTOCOL] âœ… å®Œæ•´ç™¼é€ 267 bytes
[2025-11-11 09:52:00,460] INFO: [PROTOCOL] æº–å‚™ç™¼é€ 263 bytes
[2025-11-11 09:52:00,460] INFO: [PROTOCOL] å·²ç™¼é€ 267/267 bytes
[2025-11-11 09:52:00,460] INFO: [PROTOCOL] âœ… å®Œæ•´ç™¼é€ 267 bytes
[2025-11-11 09:52:00,564] INFO: [PROTOCOL] æº–å‚™ç™¼é€ 264 bytes
[2025-11-11 09:52:00,564] INFO: [PROTOCOL] å·²ç™¼é€ 268/268 bytes
[2025-11-11 09:52:00,564] INFO: [PROTOCOL] âœ… å®Œæ•´ç™¼é€ 268 bytes
[2025-11-11 09:52:00,564] INFO: [PROTOCOL] æº–å‚™ç™¼é€ 264 bytes
[2025-11-11 09:52:00,564] INFO: [PROTOCOL] å·²ç™¼é€ 268/268 bytes
[2025-11-11 09:52:00,564] INFO: [PROTOCOL] âœ… å®Œæ•´ç™¼é€ 268 bytes
[2025-11-11 09:52:00,564] INFO: [PROTOCOL] æº–å‚™ç™¼é€ 264 bytes
[2025-11-11 09:52:00,564] INFO: [PROTOCOL] å·²ç™¼é€ 268/268 bytes
[2025-11-11 09:52:00,564] INFO: [PROTOCOL] âœ… å®Œæ•´ç™¼é€ 268 bytes
[2025-11-11 09:52:00,564] INFO: [PROTOCOL] æº–å‚™ç™¼é€ 264 bytes
[2025-11-11 09:52:00,564] INFO: [PROTOCOL] å·²ç™¼é€ 268/268 bytes
[2025-11-11 09:52:00,565] INFO: [PROTOCOL] âœ… å®Œæ•´ç™¼é€ 268 bytes
[2025-11-11 09:52:00,666] INFO: [PROTOCOL] æº–å‚™ç™¼é€ 264 bytes
[2025-11-11 09:52:00,666] INFO: [PROTOCOL] å·²ç™¼é€ 268/268 bytes
[2025-11-11 09:52:00,666] INFO: [PROTOCOL] âœ… å®Œæ•´ç™¼é€ 268 bytes
[2025-11-11 09:52:00,666] INFO: [PROTOCOL] æº–å‚™ç™¼é€ 264 bytes
[2025-11-11 09:52:00,666] INFO: [PROTOCOL] å·²ç™¼é€ 268/268 bytes
[2025-11-11 09:52:00,667] INFO: [PROTOCOL] âœ… å®Œæ•´ç™¼é€ 268 bytes
[2025-11-11 09:52:00,667] INFO: [PROTOCOL] æº–å‚™ç™¼é€ 264 bytes
[2025-11-11 09:52:00,667] INFO: [PROTOCOL] å·²ç™¼é€ 268/268 bytes
[2025-11-11 09:52:00,667] INFO: [PROTOCOL] âœ… å®Œæ•´ç™¼é€ 268 bytes
[2025-11-11 09:52:00,667] INFO: [PROTOCOL] æº–å‚™ç™¼é€ 264 bytes
[2025-11-11 09:52:00,667] INFO: [PROTOCOL] å·²ç™¼é€ 268/268 bytes
[2025-11-11 09:52:00,667] INFO: [PROTOCOL] âœ… å®Œæ•´ç™¼é€ 268 bytes
[2025-11-11 09:52:00,772] INFO: [PROTOCOL] æº–å‚™ç™¼é€ 264 bytes
[2025-11-11 09:52:00,772] INFO: [PROTOCOL] å·²ç™¼é€ 268/268 bytes
[2025-11-11 09:52:00,772] INFO: [PROTOCOL] âœ… å®Œæ•´ç™¼é€ 268 bytes
[2025-11-11 09:52:00,772] INFO: [PROTOCOL] æº–å‚™ç™¼é€ 264 bytes
[2025-11-11 09:52:00,772] INFO: [PROTOCOL] å·²ç™¼é€ 268/268 bytes
[2025-11-11 09:52:00,772] INFO: [PROTOCOL] âœ… å®Œæ•´ç™¼é€ 268 bytes
[2025-11-11 09:52:00,772] INFO: [PROTOCOL] æº–å‚™ç™¼é€ 264 bytes
[2025-11-11 09:52:00,772] INFO: [PROTOCOL] å·²ç™¼é€ 268/268 bytes
[2025-11-11 09:52:00,772] INFO: [PROTOCOL] âœ… å®Œæ•´ç™¼é€ 268 bytes
[2025-11-11 09:52:00,772] INFO: [PROTOCOL] æº–å‚™ç™¼é€ 264 bytes
[2025-11-11 09:52:00,772] INFO: [PROTOCOL] å·²ç™¼é€ 268/268 bytes
[2025-11-11 09:52:00,772] INFO: [PROTOCOL] âœ… å®Œæ•´ç™¼é€ 268 bytes
[2025-11-11 09:52:00,873] INFO: [PROTOCOL] æº–å‚™ç™¼é€ 264 bytes
[2025-11-11 09:52:00,873] INFO: [PROTOCOL] å·²ç™¼é€ 268/268 bytes
[2025-11-11 09:52:00,873] INFO: [PROTOCOL] âœ… å®Œæ•´ç™¼é€ 268 bytes
[2025-11-11 09:52:00,874] INFO: [PROTOCOL] æº–å‚™ç™¼é€ 264 bytes
[2025-11-11 09:52:00,874] INFO: [PROTOCOL] å·²ç™¼é€ 268/268 bytes
[2025-11-11 09:52:00,874] INFO: [PROTOCOL] âœ… å®Œæ•´ç™¼é€ 268 bytes
[2025-11-11 09:52:00,874] INFO: [PROTOCOL] æº–å‚™ç™¼é€ 264 bytes
[2025-11-11 09:52:00,874] INFO: [PROTOCOL] å·²ç™¼é€ 268/268 bytes
[2025-11-11 09:52:00,874] INFO: [PROTOCOL] âœ… å®Œæ•´ç™¼é€ 268 bytes
[2025-11-11 09:52:00,874] INFO: [PROTOCOL] æº–å‚™ç™¼é€ 264 bytes
[2025-11-11 09:52:00,874] INFO: [PROTOCOL] å·²ç™¼é€ 268/268 bytes
[2025-11-11 09:52:00,874] INFO: [PROTOCOL] âœ… å®Œæ•´ç™¼é€ 268 bytes
[2025-11-11 09:52:00,979] INFO: [PROTOCOL] æº–å‚™ç™¼é€ 264 bytes
[2025-11-11 09:52:00,979] INFO: [PROTOCOL] å·²ç™¼é€ 268/268 bytes
[2025-11-11 09:52:00,979] INFO: [PROTOCOL] âœ… å®Œæ•´ç™¼é€ 268 bytes
[2025-11-11 09:52:00,979] INFO: [PROTOCOL] æº–å‚™ç™¼é€ 264 bytes
[2025-11-11 09:52:00,979] INFO: [PROTOCOL] å·²ç™¼é€ 268/268 bytes
[2025-11-11 09:52:00,979] INFO: [PROTOCOL] âœ… å®Œæ•´ç™¼é€ 268 bytes
[2025-11-11 09:52:00,979] INFO: [PROTOCOL] æº–å‚™ç™¼é€ 264 bytes
[2025-11-11 09:52:00,979] INFO: [PROTOCOL] å·²ç™¼é€ 268/268 bytes
[2025-11-11 09:52:00,979] INFO: [PROTOCOL] âœ… å®Œæ•´ç™¼é€ 268 bytes
[2025-11-11 09:52:00,979] INFO: [PROTOCOL] æº–å‚™ç™¼é€ 264 bytes
[2025-11-11 09:52:00,979] INFO: [PROTOCOL] å·²ç™¼é€ 268/268 bytes
[2025-11-11 09:52:00,980] INFO: [PROTOCOL] âœ… å®Œæ•´ç™¼é€ 268 bytes
[2025-11-11 09:52:01,085] INFO: [PROTOCOL] æº–å‚™ç™¼é€ 264 bytes
[2025-11-11 09:52:01,085] INFO: [PROTOCOL] å·²ç™¼é€ 268/268 bytes
[2025-11-11 09:52:01,085] INFO: [PROTOCOL] âœ… å®Œæ•´ç™¼é€ 268 bytes
[2025-11-11 09:52:01,085] INFO: [PROTOCOL] æº–å‚™ç™¼é€ 264 bytes
[2025-11-11 09:52:01,085] INFO: [PROTOCOL] å·²ç™¼é€ 268/268 bytes
[2025-11-11 09:52:01,085] INFO: [PROTOCOL] âœ… å®Œæ•´ç™¼é€ 268 bytes
[2025-11-11 09:52:01,085] INFO: [PROTOCOL] æº–å‚™ç™¼é€ 264 bytes
[2025-11-11 09:52:01,085] INFO: [PROTOCOL] å·²ç™¼é€ 268/268 bytes
[2025-11-11 09:52:01,085] INFO: [PROTOCOL] âœ… å®Œæ•´ç™¼é€ 268 bytes
[2025-11-11 09:52:01,085] INFO: [PROTOCOL] æº–å‚™ç™¼é€ 264 bytes
[2025-11-11 09:52:01,085] INFO: [PROTOCOL] å·²ç™¼é€ 268/268 bytes
[2025-11-11 09:52:01,085] INFO: [PROTOCOL] âœ… å®Œæ•´ç™¼é€ 268 bytes
[2025-11-11 09:52:01,190] INFO: [PROTOCOL] æº–å‚™ç™¼é€ 264 bytes
[2025-11-11 09:52:01,190] INFO: [PROTOCOL] å·²ç™¼é€ 268/268 bytes
[2025-11-11 09:52:01,190] INFO: [PROTOCOL] âœ… å®Œæ•´ç™¼é€ 268 bytes
[2025-11-11 09:52:01,190] INFO: [PROTOCOL] æº–å‚™ç™¼é€ 264 bytes
[2025-11-11 09:52:01,190] INFO: [PROTOCOL] å·²ç™¼é€ 268/268 bytes
[2025-11-11 09:52:01,190] INFO: [PROTOCOL] âœ… å®Œæ•´ç™¼é€ 268 bytes
[2025-11-11 09:52:01,191] INFO: [PROTOCOL] æº–å‚™ç™¼é€ 264 bytes
[2025-11-11 09:52:01,191] INFO: [PROTOCOL] å·²ç™¼é€ 268/268 bytes
[2025-11-11 09:52:01,191] INFO: [PROTOCOL] âœ… å®Œæ•´ç™¼é€ 268 bytes
[2025-11-11 09:52:01,191] INFO: [PROTOCOL] æº–å‚™ç™¼é€ 264 bytes
[2025-11-11 09:52:01,191] INFO: [PROTOCOL] å·²ç™¼é€ 268/268 bytes
[2025-11-11 09:52:01,191] INFO: [PROTOCOL] âœ… å®Œæ•´ç™¼é€ 268 bytes
[2025-11-11 09:52:01,295] INFO: [PROTOCOL] æº–å‚™ç™¼é€ 264 bytes
[2025-11-11 09:52:01,295] INFO: [PROTOCOL] å·²ç™¼é€ 268/268 bytes
[2025-11-11 09:52:01,295] INFO: [PROTOCOL] âœ… å®Œæ•´ç™¼é€ 268 bytes
[2025-11-11 09:52:01,295] INFO: [PROTOCOL] æº–å‚™ç™¼é€ 264 bytes
[2025-11-11 09:52:01,295] INFO: [PROTOCOL] å·²ç™¼é€ 268/268 bytes
[2025-11-11 09:52:01,295] INFO: [PROTOCOL] âœ… å®Œæ•´ç™¼é€ 268 bytes
[2025-11-11 09:52:01,296] INFO: [PROTOCOL] æº–å‚™ç™¼é€ 264 bytes
[2025-11-11 09:52:01,296] INFO: [PROTOCOL] å·²ç™¼é€ 268/268 bytes
[2025-11-11 09:52:01,296] INFO: [PROTOCOL] âœ… å®Œæ•´ç™¼é€ 268 bytes
[2025-11-11 09:52:01,296] INFO: [PROTOCOL] æº–å‚™ç™¼é€ 264 bytes
[2025-11-11 09:52:01,296] INFO: [PROTOCOL] å·²ç™¼é€ 268/268 bytes
[2025-11-11 09:52:01,296] INFO: [PROTOCOL] âœ… å®Œæ•´ç™¼é€ 268 bytes
[2025-11-11 09:52:01,400] INFO: [PROTOCOL] æº–å‚™ç™¼é€ 264 bytes
[2025-11-11 09:52:01,400] INFO: [PROTOCOL] å·²ç™¼é€ 268/268 bytes
[2025-11-11 09:52:01,400] INFO: [PROTOCOL] âœ… å®Œæ•´ç™¼é€ 268 bytes
[2025-11-11 09:52:01,400] INFO: [PROTOCOL] æº–å‚™ç™¼é€ 264 bytes
[2025-11-11 09:52:01,400] INFO: [PROTOCOL] å·²ç™¼é€ 268/268 bytes
[2025-11-11 09:52:01,400] INFO: [PROTOCOL] âœ… å®Œæ•´ç™¼é€ 268 bytes
[2025-11-11 09:52:01,400] INFO: [PROTOCOL] æº–å‚™ç™¼é€ 264 bytes
[2025-11-11 09:52:01,400] INFO: [PROTOCOL] å·²ç™¼é€ 268/268 bytes
[2025-11-11 09:52:01,400] INFO: [PROTOCOL] âœ… å®Œæ•´ç™¼é€ 268 bytes
[2025-11-11 09:52:01,400] INFO: [PROTOCOL] æº–å‚™ç™¼é€ 264 bytes
[2025-11-11 09:52:01,400] INFO: [PROTOCOL] å·²ç™¼é€ 268/268 bytes
[2025-11-11 09:52:01,400] INFO: [PROTOCOL] âœ… å®Œæ•´ç™¼é€ 268 bytes
[2025-11-11 09:52:01,501] INFO: [PROTOCOL] æº–å‚™ç™¼é€ 264 bytes
[2025-11-11 09:52:01,502] INFO: [PROTOCOL] å·²ç™¼é€ 268/268 bytes
[2025-11-11 09:52:01,502] INFO: [PROTOCOL] âœ… å®Œæ•´ç™¼é€ 268 bytes
[2025-11-11 09:52:01,502] INFO: [PROTOCOL] æº–å‚™ç™¼é€ 264 bytes
[2025-11-11 09:52:01,502] INFO: [PROTOCOL] å·²ç™¼é€ 268/268 bytes
[2025-11-11 09:52:01,502] INFO: [PROTOCOL] âœ… å®Œæ•´ç™¼é€ 268 bytes
[2025-11-11 09:52:01,502] INFO: [PROTOCOL] æº–å‚™ç™¼é€ 264 bytes
[2025-11-11 09:52:01,502] INFO: [PROTOCOL] å·²ç™¼é€ 268/268 bytes
[2025-11-11 09:52:01,503] INFO: [PROTOCOL] âœ… å®Œæ•´ç™¼é€ 268 bytes
[2025-11-11 09:52:01,503] INFO: [PROTOCOL] æº–å‚™ç™¼é€ 264 bytes
[2025-11-11 09:52:01,503] INFO: [PROTOCOL] å·²ç™¼é€ 268/268 bytes
[2025-11-11 09:52:01,503] INFO: [PROTOCOL] âœ… å®Œæ•´ç™¼é€ 268 bytes
[2025-11-11 09:52:01,608] INFO: [PROTOCOL] æº–å‚™ç™¼é€ 264 bytes
[2025-11-11 09:52:01,608] INFO: [PROTOCOL] å·²ç™¼é€ 268/268 bytes
[2025-11-11 09:52:01,608] INFO: [PROTOCOL] âœ… å®Œæ•´ç™¼é€ 268 bytes
[2025-11-11 09:52:01,608] INFO: [PROTOCOL] æº–å‚™ç™¼é€ 264 bytes
[2025-11-11 09:52:01,609] INFO: [PROTOCOL] å·²ç™¼é€ 268/268 bytes
[2025-11-11 09:52:01,609] INFO: [PROTOCOL] âœ… å®Œæ•´ç™¼é€ 268 bytes
[2025-11-11 09:52:01,609] INFO: [PROTOCOL] æº–å‚™ç™¼é€ 264 bytes
[2025-11-11 09:52:01,609] INFO: [PROTOCOL] å·²ç™¼é€ 268/268 bytes
[2025-11-11 09:52:01,609] INFO: [PROTOCOL] âœ… å®Œæ•´ç™¼é€ 268 bytes
[2025-11-11 09:52:01,609] INFO: [PROTOCOL] æº–å‚™ç™¼é€ 264 bytes
[2025-11-11 09:52:01,609] INFO: [PROTOCOL] å·²ç™¼é€ 268/268 bytes
[2025-11-11 09:52:01,609] INFO: [PROTOCOL] âœ… å®Œæ•´ç™¼é€ 268 bytes
[2025-11-11 09:52:01,714] INFO: [PROTOCOL] æº–å‚™ç™¼é€ 264 bytes
[2025-11-11 09:52:01,714] INFO: [PROTOCOL] å·²ç™¼é€ 268/268 bytes
[2025-11-11 09:52:01,714] INFO: [PROTOCOL] âœ… å®Œæ•´ç™¼é€ 268 bytes
[2025-11-11 09:52:01,714] INFO: [PROTOCOL] æº–å‚™ç™¼é€ 264 bytes
[2025-11-11 09:52:01,714] INFO: [PROTOCOL] å·²ç™¼é€ 268/268 bytes
[2025-11-11 09:52:01,714] INFO: [PROTOCOL] âœ… å®Œæ•´ç™¼é€ 268 bytes
[2025-11-11 09:52:01,714] INFO: [PROTOCOL] æº–å‚™ç™¼é€ 264 bytes
[2025-11-11 09:52:01,715] INFO: [PROTOCOL] å·²ç™¼é€ 268/268 bytes
[2025-11-11 09:52:01,715] INFO: [PROTOCOL] âœ… å®Œæ•´ç™¼é€ 268 bytes
[2025-11-11 09:52:01,715] INFO: [PROTOCOL] æº–å‚™ç™¼é€ 264 bytes
[2025-11-11 09:52:01,715] INFO: [PROTOCOL] å·²ç™¼é€ 268/268 bytes
[2025-11-11 09:52:01,715] INFO: [PROTOCOL] âœ… å®Œæ•´ç™¼é€ 268 bytes
[2025-11-11 09:52:01,820] INFO: [PROTOCOL] æº–å‚™ç™¼é€ 264 bytes
[2025-11-11 09:52:01,820] INFO: [PROTOCOL] å·²ç™¼é€ 268/268 bytes
[2025-11-11 09:52:01,820] INFO: [PROTOCOL] âœ… å®Œæ•´ç™¼é€ 268 bytes
[2025-11-11 09:52:01,820] INFO: [PROTOCOL] æº–å‚™ç™¼é€ 264 bytes
[2025-11-11 09:52:01,820] INFO: [PROTOCOL] å·²ç™¼é€ 268/268 bytes
[2025-11-11 09:52:01,820] INFO: [PROTOCOL] âœ… å®Œæ•´ç™¼é€ 268 bytes
[2025-11-11 09:52:01,820] INFO: [PROTOCOL] æº–å‚™ç™¼é€ 264 bytes
[2025-11-11 09:52:01,820] INFO: [PROTOCOL] å·²ç™¼é€ 268/268 bytes
[2025-11-11 09:52:01,820] INFO: [PROTOCOL] âœ… å®Œæ•´ç™¼é€ 268 bytes
[2025-11-11 09:52:01,820] INFO: [PROTOCOL] æº–å‚™ç™¼é€ 264 bytes
[2025-11-11 09:52:01,820] INFO: [PROTOCOL] å·²ç™¼é€ 268/268 bytes
[2025-11-11 09:52:01,820] INFO: [PROTOCOL] âœ… å®Œæ•´ç™¼é€ 268 bytes
[2025-11-11 09:52:01,925] INFO: [PROTOCOL] æº–å‚™ç™¼é€ 264 bytes
[2025-11-11 09:52:01,926] INFO: [PROTOCOL] å·²ç™¼é€ 268/268 bytes
[2025-11-11 09:52:01,926] INFO: [PROTOCOL] âœ… å®Œæ•´ç™¼é€ 268 bytes
[2025-11-11 09:52:01,926] INFO: [PROTOCOL] æº–å‚™ç™¼é€ 264 bytes
[2025-11-11 09:52:01,926] INFO: [PROTOCOL] å·²ç™¼é€ 268/268 bytes
[2025-11-11 09:52:01,926] INFO: [PROTOCOL] âœ… å®Œæ•´ç™¼é€ 268 bytes
[2025-11-11 09:52:01,926] INFO: [PROTOCOL] æº–å‚™ç™¼é€ 264 bytes
[2025-11-11 09:52:01,926] INFO: [PROTOCOL] å·²ç™¼é€ 268/268 bytes
[2025-11-11 09:52:01,926] INFO: [PROTOCOL] âœ… å®Œæ•´ç™¼é€ 268 bytes
[2025-11-11 09:52:01,926] INFO: [PROTOCOL] æº–å‚™ç™¼é€ 264 bytes
[2025-11-11 09:52:01,926] INFO: [PROTOCOL] å·²ç™¼é€ 268/268 bytes
[2025-11-11 09:52:01,926] INFO: [PROTOCOL] âœ… å®Œæ•´ç™¼é€ 268 bytes
[2025-11-11 09:52:02,030] INFO: [PROTOCOL] æº–å‚™ç™¼é€ 264 bytes
[2025-11-11 09:52:02,030] INFO: [PROTOCOL] å·²ç™¼é€ 268/268 bytes
[2025-11-11 09:52:02,030] INFO: [PROTOCOL] âœ… å®Œæ•´ç™¼é€ 268 bytes
[2025-11-11 09:52:02,030] INFO: [PROTOCOL] æº–å‚™ç™¼é€ 264 bytes
[2025-11-11 09:52:02,030] INFO: [PROTOCOL] å·²ç™¼é€ 268/268 bytes
[2025-11-11 09:52:02,031] INFO: [PROTOCOL] âœ… å®Œæ•´ç™¼é€ 268 bytes
[2025-11-11 09:52:02,031] INFO: [PROTOCOL] æº–å‚™ç™¼é€ 264 bytes
[2025-11-11 09:52:02,031] INFO: [PROTOCOL] å·²ç™¼é€ 268/268 bytes
[2025-11-11 09:52:02,031] INFO: [PROTOCOL] âœ… å®Œæ•´ç™¼é€ 268 bytes
[2025-11-11 09:52:02,031] INFO: [PROTOCOL] æº–å‚™ç™¼é€ 264 bytes
[2025-11-11 09:52:02,031] INFO: [PROTOCOL] å·²ç™¼é€ 268/268 bytes
[2025-11-11 09:52:02,031] INFO: [PROTOCOL] âœ… å®Œæ•´ç™¼é€ 268 bytes
[2025-11-11 09:52:02,136] INFO: [PROTOCOL] æº–å‚™ç™¼é€ 264 bytes
[2025-11-11 09:52:02,136] INFO: [PROTOCOL] å·²ç™¼é€ 268/268 bytes
[2025-11-11 09:52:02,136] INFO: [PROTOCOL] âœ… å®Œæ•´ç™¼é€ 268 bytes
[2025-11-11 09:52:02,137] INFO: [PROTOCOL] æº–å‚™ç™¼é€ 264 bytes
[2025-11-11 09:52:02,137] INFO: [PROTOCOL] å·²ç™¼é€ 268/268 bytes
[2025-11-11 09:52:02,137] INFO: [PROTOCOL] âœ… å®Œæ•´ç™¼é€ 268 bytes
[2025-11-11 09:52:02,137] INFO: [PROTOCOL] æº–å‚™ç™¼é€ 264 bytes
[2025-11-11 09:52:02,137] INFO: [PROTOCOL] å·²ç™¼é€ 268/268 bytes
[2025-11-11 09:52:02,137] INFO: [PROTOCOL] âœ… å®Œæ•´ç™¼é€ 268 bytes
[2025-11-11 09:52:02,137] INFO: [PROTOCOL] æº–å‚™ç™¼é€ 264 bytes
[2025-11-11 09:52:02,137] INFO: [PROTOCOL] å·²ç™¼é€ 268/268 bytes
[2025-11-11 09:52:02,137] INFO: [PROTOCOL] âœ… å®Œæ•´ç™¼é€ 268 bytes
[2025-11-11 09:52:02,242] INFO: [PROTOCOL] æº–å‚™ç™¼é€ 264 bytes
[2025-11-11 09:52:02,242] INFO: [PROTOCOL] å·²ç™¼é€ 268/268 bytes
[2025-11-11 09:52:02,242] INFO: [PROTOCOL] âœ… å®Œæ•´ç™¼é€ 268 bytes
[2025-11-11 09:52:02,243] INFO: [PROTOCOL] æº–å‚™ç™¼é€ 264 bytes
[2025-11-11 09:52:02,243] INFO: [PROTOCOL] å·²ç™¼é€ 268/268 bytes
[2025-11-11 09:52:02,243] INFO: [PROTOCOL] âœ… å®Œæ•´ç™¼é€ 268 bytes
[2025-11-11 09:52:02,243] INFO: [PROTOCOL] æº–å‚™ç™¼é€ 264 bytes
[2025-11-11 09:52:02,243] INFO: [PROTOCOL] å·²ç™¼é€ 268/268 bytes
[2025-11-11 09:52:02,243] INFO: [PROTOCOL] âœ… å®Œæ•´ç™¼é€ 268 bytes
[2025-11-11 09:52:02,243] INFO: [PROTOCOL] æº–å‚™ç™¼é€ 264 bytes
[2025-11-11 09:52:02,243] INFO: [PROTOCOL] å·²ç™¼é€ 268/268 bytes
[2025-11-11 09:52:02,243] INFO: [PROTOCOL] âœ… å®Œæ•´ç™¼é€ 268 bytes
[2025-11-11 09:52:02,347] INFO: [PROTOCOL] æº–å‚™ç™¼é€ 264 bytes
[2025-11-11 09:52:02,348] INFO: [PROTOCOL] å·²ç™¼é€ 268/268 bytes
[2025-11-11 09:52:02,348] INFO: [PROTOCOL] âœ… å®Œæ•´ç™¼é€ 268 bytes
[2025-11-11 09:52:02,348] INFO: [PROTOCOL] æº–å‚™ç™¼é€ 264 bytes
[2025-11-11 09:52:02,349] INFO: [PROTOCOL] å·²ç™¼é€ 268/268 bytes
[2025-11-11 09:52:02,349] INFO: [PROTOCOL] âœ… å®Œæ•´ç™¼é€ 268 bytes
[2025-11-11 09:52:02,349] INFO: [PROTOCOL] æº–å‚™ç™¼é€ 264 bytes
[2025-11-11 09:52:02,349] INFO: [PROTOCOL] å·²ç™¼é€ 268/268 bytes
[2025-11-11 09:52:02,349] INFO: [PROTOCOL] âœ… å®Œæ•´ç™¼é€ 268 bytes
[2025-11-11 09:52:02,349] INFO: [PROTOCOL] æº–å‚™ç™¼é€ 264 bytes
[2025-11-11 09:52:02,349] INFO: [PROTOCOL] å·²ç™¼é€ 268/268 bytes
[2025-11-11 09:52:02,349] INFO: [PROTOCOL] âœ… å®Œæ•´ç™¼é€ 268 bytes
[2025-11-11 09:52:02,456] INFO: [PROTOCOL] æº–å‚™ç™¼é€ 264 bytes
[2025-11-11 09:52:02,456] INFO: [PROTOCOL] å·²ç™¼é€ 268/268 bytes
[2025-11-11 09:52:02,457] INFO: [PROTOCOL] âœ… å®Œæ•´ç™¼é€ 268 bytes
[2025-11-11 09:52:02,457] INFO: [PROTOCOL] æº–å‚™ç™¼é€ 264 bytes
[2025-11-11 09:52:02,457] INFO: [PROTOCOL] å·²ç™¼é€ 268/268 bytes
[2025-11-11 09:52:02,457] INFO: [PROTOCOL] âœ… å®Œæ•´ç™¼é€ 268 bytes
[2025-11-11 09:52:02,458] INFO: [PROTOCOL] æº–å‚™ç™¼é€ 264 bytes
[2025-11-11 09:52:02,458] INFO: [PROTOCOL] å·²ç™¼é€ 268/268 bytes
[2025-11-11 09:52:02,458] INFO: [PROTOCOL] âœ… å®Œæ•´ç™¼é€ 268 bytes
[2025-11-11 09:52:02,458] INFO: [PROTOCOL] æº–å‚™ç™¼é€ 264 bytes
[2025-11-11 09:52:02,458] INFO: [PROTOCOL] å·²ç™¼é€ 268/268 bytes
[2025-11-11 09:52:02,458] INFO: [PROTOCOL] âœ… å®Œæ•´ç™¼é€ 268 bytes
[2025-11-11 09:52:02,562] INFO: [PROTOCOL] æº–å‚™ç™¼é€ 264 bytes
[2025-11-11 09:52:02,562] INFO: [PROTOCOL] å·²ç™¼é€ 268/268 bytes
[2025-11-11 09:52:02,562] INFO: [PROTOCOL] âœ… å®Œæ•´ç™¼é€ 268 bytes
[2025-11-11 09:52:02,562] INFO: [PROTOCOL] æº–å‚™ç™¼é€ 264 bytes
[2025-11-11 09:52:02,563] INFO: [PROTOCOL] å·²ç™¼é€ 268/268 bytes
[2025-11-11 09:52:02,563] INFO: [PROTOCOL] âœ… å®Œæ•´ç™¼é€ 268 bytes
[2025-11-11 09:52:02,563] INFO: [PROTOCOL] æº–å‚™ç™¼é€ 264 bytes
[2025-11-11 09:52:02,563] INFO: [PROTOCOL] å·²ç™¼é€ 268/268 bytes
[2025-11-11 09:52:02,563] INFO: [PROTOCOL] âœ… å®Œæ•´ç™¼é€ 268 bytes
[2025-11-11 09:52:02,563] INFO: [PROTOCOL] æº–å‚™ç™¼é€ 264 bytes
[2025-11-11 09:52:02,563] INFO: [PROTOCOL] å·²ç™¼é€ 268/268 bytes
[2025-11-11 09:52:02,563] INFO: [PROTOCOL] âœ… å®Œæ•´ç™¼é€ 268 bytes
[2025-11-11 09:52:02,669] INFO: [PROTOCOL] æº–å‚™ç™¼é€ 264 bytes
[2025-11-11 09:52:02,669] INFO: [PROTOCOL] å·²ç™¼é€ 268/268 bytes
[2025-11-11 09:52:02,670] INFO: [PROTOCOL] âœ… å®Œæ•´ç™¼é€ 268 bytes
[2025-11-11 09:52:02,670] INFO: [PROTOCOL] æº–å‚™ç™¼é€ 264 bytes
[2025-11-11 09:52:02,670] INFO: [PROTOCOL] å·²ç™¼é€ 268/268 bytes
[2025-11-11 09:52:02,670] INFO: [PROTOCOL] âœ… å®Œæ•´ç™¼é€ 268 bytes
[2025-11-11 09:52:02,670] INFO: [PROTOCOL] æº–å‚™ç™¼é€ 264 bytes
[2025-11-11 09:52:02,670] INFO: [PROTOCOL] å·²ç™¼é€ 268/268 bytes
[2025-11-11 09:52:02,670] INFO: [PROTOCOL] âœ… å®Œæ•´ç™¼é€ 268 bytes
[2025-11-11 09:52:02,670] INFO: [PROTOCOL] æº–å‚™ç™¼é€ 264 bytes
[2025-11-11 09:52:02,671] INFO: [PROTOCOL] å·²ç™¼é€ 268/268 bytes
[2025-11-11 09:52:02,671] INFO: [PROTOCOL] âœ… å®Œæ•´ç™¼é€ 268 bytes
[2025-11-11 09:52:02,776] INFO: [PROTOCOL] æº–å‚™ç™¼é€ 264 bytes
[2025-11-11 09:52:02,777] INFO: [PROTOCOL] å·²ç™¼é€ 268/268 bytes
[2025-11-11 09:52:02,777] INFO: [PROTOCOL] âœ… å®Œæ•´ç™¼é€ 268 bytes
[2025-11-11 09:52:02,777] INFO: [PROTOCOL] æº–å‚™ç™¼é€ 264 bytes
[2025-11-11 09:52:02,777] INFO: [PROTOCOL] å·²ç™¼é€ 268/268 bytes
[2025-11-11 09:52:02,777] INFO: [PROTOCOL] âœ… å®Œæ•´ç™¼é€ 268 bytes
[2025-11-11 09:52:02,777] INFO: [PROTOCOL] æº–å‚™ç™¼é€ 264 bytes
[2025-11-11 09:52:02,777] INFO: [PROTOCOL] å·²ç™¼é€ 268/268 bytes
[2025-11-11 09:52:02,777] INFO: [PROTOCOL] âœ… å®Œæ•´ç™¼é€ 268 bytes
[2025-11-11 09:52:02,778] INFO: [PROTOCOL] æº–å‚™ç™¼é€ 264 bytes
[2025-11-11 09:52:02,778] INFO: [PROTOCOL] å·²ç™¼é€ 268/268 bytes
[2025-11-11 09:52:02,778] INFO: [PROTOCOL] âœ… å®Œæ•´ç™¼é€ 268 bytes
[2025-11-11 09:52:02,878] INFO: [PROTOCOL] æº–å‚™ç™¼é€ 264 bytes
[2025-11-11 09:52:02,879] INFO: [PROTOCOL] å·²ç™¼é€ 268/268 bytes
[2025-11-11 09:52:02,879] INFO: [PROTOCOL] âœ… å®Œæ•´ç™¼é€ 268 bytes
[2025-11-11 09:52:02,879] INFO: [PROTOCOL] æº–å‚™ç™¼é€ 264 bytes
[2025-11-11 09:52:02,879] INFO: [PROTOCOL] å·²ç™¼é€ 268/268 bytes
[2025-11-11 09:52:02,879] INFO: [PROTOCOL] âœ… å®Œæ•´ç™¼é€ 268 bytes
[2025-11-11 09:52:02,879] INFO: [PROTOCOL] æº–å‚™ç™¼é€ 264 bytes
[2025-11-11 09:52:02,879] INFO: [PROTOCOL] å·²ç™¼é€ 268/268 bytes
[2025-11-11 09:52:02,879] INFO: [PROTOCOL] âœ… å®Œæ•´ç™¼é€ 268 bytes
[2025-11-11 09:52:02,879] INFO: [PROTOCOL] æº–å‚™ç™¼é€ 264 bytes
[2025-11-11 09:52:02,879] INFO: [PROTOCOL] å·²ç™¼é€ 268/268 bytes
[2025-11-11 09:52:02,879] INFO: [PROTOCOL] âœ… å®Œæ•´ç™¼é€ 268 bytes
[2025-11-11 09:52:02,982] INFO: [PROTOCOL] æº–å‚™ç™¼é€ 264 bytes
[2025-11-11 09:52:02,982] INFO: [PROTOCOL] å·²ç™¼é€ 268/268 bytes
[2025-11-11 09:52:02,982] INFO: [PROTOCOL] âœ… å®Œæ•´ç™¼é€ 268 bytes
[2025-11-11 09:52:02,983] INFO: [PROTOCOL] æº–å‚™ç™¼é€ 264 bytes
[2025-11-11 09:52:02,983] INFO: [PROTOCOL] å·²ç™¼é€ 268/268 bytes
[2025-11-11 09:52:02,983] INFO: [PROTOCOL] âœ… å®Œæ•´ç™¼é€ 268 bytes
[2025-11-11 09:52:02,983] INFO: [PROTOCOL] æº–å‚™ç™¼é€ 264 bytes
[2025-11-11 09:52:02,983] INFO: [PROTOCOL] å·²ç™¼é€ 268/268 bytes
[2025-11-11 09:52:02,983] INFO: [PROTOCOL] âœ… å®Œæ•´ç™¼é€ 268 bytes
[2025-11-11 09:52:02,983] INFO: [PROTOCOL] æº–å‚™ç™¼é€ 264 bytes
[2025-11-11 09:52:02,984] INFO: [PROTOCOL] å·²ç™¼é€ 268/268 bytes
[2025-11-11 09:52:02,984] INFO: [PROTOCOL] âœ… å®Œæ•´ç™¼é€ 268 bytes
[2025-11-11 09:52:03,084] INFO: [PROTOCOL] æº–å‚™ç™¼é€ 264 bytes
[2025-11-11 09:52:03,084] INFO: [PROTOCOL] å·²ç™¼é€ 268/268 bytes
[2025-11-11 09:52:03,084] INFO: [PROTOCOL] âœ… å®Œæ•´ç™¼é€ 268 bytes
[2025-11-11 09:52:03,084] INFO: [PROTOCOL] æº–å‚™ç™¼é€ 264 bytes
[2025-11-11 09:52:03,084] INFO: [PROTOCOL] å·²ç™¼é€ 268/268 bytes
[2025-11-11 09:52:03,084] INFO: [PROTOCOL] âœ… å®Œæ•´ç™¼é€ 268 bytes
[2025-11-11 09:52:03,084] INFO: [PROTOCOL] æº–å‚™ç™¼é€ 264 bytes
[2025-11-11 09:52:03,084] INFO: [PROTOCOL] å·²ç™¼é€ 268/268 bytes
[2025-11-11 09:52:03,084] INFO: [PROTOCOL] âœ… å®Œæ•´ç™¼é€ 268 bytes
[2025-11-11 09:52:03,084] INFO: [PROTOCOL] æº–å‚™ç™¼é€ 264 bytes
[2025-11-11 09:52:03,084] INFO: [PROTOCOL] å·²ç™¼é€ 268/268 bytes
[2025-11-11 09:52:03,085] INFO: [PROTOCOL] âœ… å®Œæ•´ç™¼é€ 268 bytes
[2025-11-11 09:52:03,190] INFO: [PROTOCOL] æº–å‚™ç™¼é€ 264 bytes
[2025-11-11 09:52:03,190] INFO: [PROTOCOL] å·²ç™¼é€ 268/268 bytes
[2025-11-11 09:52:03,190] INFO: [PROTOCOL] âœ… å®Œæ•´ç™¼é€ 268 bytes
[2025-11-11 09:52:03,191] INFO: [PROTOCOL] æº–å‚™ç™¼é€ 264 bytes
[2025-11-11 09:52:03,191] INFO: [PROTOCOL] å·²ç™¼é€ 268/268 bytes
[2025-11-11 09:52:03,191] INFO: [PROTOCOL] âœ… å®Œæ•´ç™¼é€ 268 bytes
[2025-11-11 09:52:03,191] INFO: [PROTOCOL] æº–å‚™ç™¼é€ 264 bytes
[2025-11-11 09:52:03,191] INFO: [PROTOCOL] å·²ç™¼é€ 268/268 bytes
[2025-11-11 09:52:03,191] INFO: [PROTOCOL] âœ… å®Œæ•´ç™¼é€ 268 bytes
[2025-11-11 09:52:03,191] INFO: [PROTOCOL] æº–å‚™ç™¼é€ 264 bytes
[2025-11-11 09:52:03,191] INFO: [PROTOCOL] å·²ç™¼é€ 268/268 bytes
[2025-11-11 09:52:03,191] INFO: [PROTOCOL] âœ… å®Œæ•´ç™¼é€ 268 bytes
[2025-11-11 09:52:03,297] INFO: [PROTOCOL] æº–å‚™ç™¼é€ 264 bytes
[2025-11-11 09:52:03,298] INFO: [PROTOCOL] å·²ç™¼é€ 268/268 bytes
[2025-11-11 09:52:03,298] INFO: [PROTOCOL] âœ… å®Œæ•´ç™¼é€ 268 bytes
[2025-11-11 09:52:03,298] INFO: [PROTOCOL] æº–å‚™ç™¼é€ 264 bytes
[2025-11-11 09:52:03,298] INFO: [PROTOCOL] å·²ç™¼é€ 268/268 bytes
[2025-11-11 09:52:03,298] INFO: [PROTOCOL] âœ… å®Œæ•´ç™¼é€ 268 bytes
[2025-11-11 09:52:03,298] INFO: [PROTOCOL] æº–å‚™ç™¼é€ 264 bytes
[2025-11-11 09:52:03,298] INFO: [PROTOCOL] å·²ç™¼é€ 268/268 bytes
[2025-11-11 09:52:03,298] INFO: [PROTOCOL] âœ… å®Œæ•´ç™¼é€ 268 bytes
[2025-11-11 09:52:03,298] INFO: [PROTOCOL] æº–å‚™ç™¼é€ 264 bytes
[2025-11-11 09:52:03,299] INFO: [PROTOCOL] å·²ç™¼é€ 268/268 bytes
[2025-11-11 09:52:03,299] INFO: [PROTOCOL] âœ… å®Œæ•´ç™¼é€ 268 bytes
[2025-11-11 09:52:03,405] INFO: [PROTOCOL] æº–å‚™ç™¼é€ 264 bytes
[2025-11-11 09:52:03,405] INFO: [PROTOCOL] å·²ç™¼é€ 268/268 bytes
[2025-11-11 09:52:03,405] INFO: [PROTOCOL] âœ… å®Œæ•´ç™¼é€ 268 bytes
[2025-11-11 09:52:03,405] INFO: [PROTOCOL] æº–å‚™ç™¼é€ 264 bytes
[2025-11-11 09:52:03,405] INFO: [PROTOCOL] å·²ç™¼é€ 268/268 bytes
[2025-11-11 09:52:03,405] INFO: [PROTOCOL] âœ… å®Œæ•´ç™¼é€ 268 bytes
[2025-11-11 09:52:03,405] INFO: [PROTOCOL] æº–å‚™ç™¼é€ 264 bytes
[2025-11-11 09:52:03,406] INFO: [PROTOCOL] å·²ç™¼é€ 268/268 bytes
[2025-11-11 09:52:03,406] INFO: [PROTOCOL] âœ… å®Œæ•´ç™¼é€ 268 bytes
[2025-11-11 09:52:03,406] INFO: [PROTOCOL] æº–å‚™ç™¼é€ 264 bytes
[2025-11-11 09:52:03,406] INFO: [PROTOCOL] å·²ç™¼é€ 268/268 bytes
[2025-11-11 09:52:03,406] INFO: [PROTOCOL] âœ… å®Œæ•´ç™¼é€ 268 bytes
[2025-11-11 09:52:03,511] INFO: [PROTOCOL] æº–å‚™ç™¼é€ 264 bytes
[2025-11-11 09:52:03,512] INFO: [PROTOCOL] å·²ç™¼é€ 268/268 bytes
[2025-11-11 09:52:03,512] INFO: [PROTOCOL] âœ… å®Œæ•´ç™¼é€ 268 bytes
[2025-11-11 09:52:03,512] INFO: [PROTOCOL] æº–å‚™ç™¼é€ 264 bytes
[2025-11-11 09:52:03,512] INFO: [PROTOCOL] å·²ç™¼é€ 268/268 bytes
[2025-11-11 09:52:03,512] INFO: [PROTOCOL] âœ… å®Œæ•´ç™¼é€ 268 bytes
[2025-11-11 09:52:03,512] INFO: [PROTOCOL] æº–å‚™ç™¼é€ 264 bytes
[2025-11-11 09:52:03,512] INFO: [PROTOCOL] å·²ç™¼é€ 268/268 bytes
[2025-11-11 09:52:03,513] INFO: [PROTOCOL] âœ… å®Œæ•´ç™¼é€ 268 bytes
[2025-11-11 09:52:03,513] INFO: [PROTOCOL] æº–å‚™ç™¼é€ 264 bytes
[2025-11-11 09:52:03,513] INFO: [PROTOCOL] å·²ç™¼é€ 268/268 bytes
[2025-11-11 09:52:03,513] INFO: [PROTOCOL] âœ… å®Œæ•´ç™¼é€ 268 bytes
[2025-11-11 09:52:03,617] INFO: [PROTOCOL] æº–å‚™ç™¼é€ 264 bytes
[2025-11-11 09:52:03,617] INFO: [PROTOCOL] å·²ç™¼é€ 268/268 bytes
[2025-11-11 09:52:03,618] INFO: [PROTOCOL] âœ… å®Œæ•´ç™¼é€ 268 bytes
[2025-11-11 09:52:03,618] INFO: [PROTOCOL] æº–å‚™ç™¼é€ 264 bytes
[2025-11-11 09:52:03,618] INFO: [PROTOCOL] å·²ç™¼é€ 268/268 bytes
[2025-11-11 09:52:03,618] INFO: [PROTOCOL] âœ… å®Œæ•´ç™¼é€ 268 bytes
[2025-11-11 09:52:03,618] INFO: [PROTOCOL] æº–å‚™ç™¼é€ 264 bytes
[2025-11-11 09:52:03,618] INFO: [PROTOCOL] å·²ç™¼é€ 268/268 bytes
[2025-11-11 09:52:03,618] INFO: [PROTOCOL] âœ… å®Œæ•´ç™¼é€ 268 bytes
[2025-11-11 09:52:03,618] INFO: [PROTOCOL] æº–å‚™ç™¼é€ 264 bytes
[2025-11-11 09:52:03,618] INFO: [PROTOCOL] å·²ç™¼é€ 268/268 bytes
[2025-11-11 09:52:03,618] INFO: [PROTOCOL] âœ… å®Œæ•´ç™¼é€ 268 bytes
[2025-11-11 09:52:03,723] INFO: [PROTOCOL] æº–å‚™ç™¼é€ 264 bytes
[2025-11-11 09:52:03,723] INFO: [PROTOCOL] å·²ç™¼é€ 268/268 bytes
[2025-11-11 09:52:03,723] INFO: [PROTOCOL] âœ… å®Œæ•´ç™¼é€ 268 bytes
[2025-11-11 09:52:03,723] INFO: [PROTOCOL] æº–å‚™ç™¼é€ 264 bytes
[2025-11-11 09:52:03,724] INFO: [PROTOCOL] å·²ç™¼é€ 268/268 bytes
[2025-11-11 09:52:03,724] INFO: [PROTOCOL] âœ… å®Œæ•´ç™¼é€ 268 bytes
[2025-11-11 09:52:03,724] INFO: [PROTOCOL] æº–å‚™ç™¼é€ 264 bytes
[2025-11-11 09:52:03,724] INFO: [PROTOCOL] å·²ç™¼é€ 268/268 bytes
[2025-11-11 09:52:03,724] INFO: [PROTOCOL] âœ… å®Œæ•´ç™¼é€ 268 bytes
[2025-11-11 09:52:03,724] INFO: [PROTOCOL] æº–å‚™ç™¼é€ 264 bytes
[2025-11-11 09:52:03,724] INFO: [PROTOCOL] å·²ç™¼é€ 268/268 bytes
[2025-11-11 09:52:03,724] INFO: [PROTOCOL] âœ… å®Œæ•´ç™¼é€ 268 bytes
[2025-11-11 09:52:03,827] INFO: [PROTOCOL] æº–å‚™ç™¼é€ 264 bytes
[2025-11-11 09:52:03,827] INFO: [PROTOCOL] å·²ç™¼é€ 268/268 bytes
[2025-11-11 09:52:03,827] INFO: [PROTOCOL] âœ… å®Œæ•´ç™¼é€ 268 bytes
[2025-11-11 09:52:03,827] INFO: [PROTOCOL] æº–å‚™ç™¼é€ 264 bytes
[2025-11-11 09:52:03,827] INFO: [PROTOCOL] å·²ç™¼é€ 268/268 bytes
[2025-11-11 09:52:03,827] INFO: [PROTOCOL] âœ… å®Œæ•´ç™¼é€ 268 bytes
[2025-11-11 09:52:03,827] INFO: [PROTOCOL] æº–å‚™ç™¼é€ 264 bytes
[2025-11-11 09:52:03,828] INFO: [PROTOCOL] å·²ç™¼é€ 268/268 bytes
[2025-11-11 09:52:03,828] INFO: [PROTOCOL] âœ… å®Œæ•´ç™¼é€ 268 bytes
[2025-11-11 09:52:03,828] INFO: [PROTOCOL] æº–å‚™ç™¼é€ 264 bytes
[2025-11-11 09:52:03,828] INFO: [PROTOCOL] å·²ç™¼é€ 268/268 bytes
[2025-11-11 09:52:03,828] INFO: [PROTOCOL] âœ… å®Œæ•´ç™¼é€ 268 bytes
[2025-11-11 09:52:03,934] INFO: [PROTOCOL] æº–å‚™ç™¼é€ 264 bytes
[2025-11-11 09:52:03,934] INFO: [PROTOCOL] å·²ç™¼é€ 268/268 bytes
[2025-11-11 09:52:03,935] INFO: [PROTOCOL] âœ… å®Œæ•´ç™¼é€ 268 bytes
[2025-11-11 09:52:03,935] INFO: [PROTOCOL] æº–å‚™ç™¼é€ 264 bytes
[2025-11-11 09:52:03,935] INFO: [PROTOCOL] å·²ç™¼é€ 268/268 bytes
[2025-11-11 09:52:03,935] INFO: [PROTOCOL] âœ… å®Œæ•´ç™¼é€ 268 bytes
[2025-11-11 09:52:03,935] INFO: [PROTOCOL] æº–å‚™ç™¼é€ 264 bytes
[2025-11-11 09:52:03,936] INFO: [PROTOCOL] å·²ç™¼é€ 268/268 bytes
[2025-11-11 09:52:03,936] INFO: [PROTOCOL] âœ… å®Œæ•´ç™¼é€ 268 bytes
[2025-11-11 09:52:03,936] INFO: [PROTOCOL] æº–å‚™ç™¼é€ 264 bytes
[2025-11-11 09:52:03,937] INFO: [PROTOCOL] å·²ç™¼é€ 268/268 bytes
[2025-11-11 09:52:03,937] INFO: [PROTOCOL] âœ… å®Œæ•´ç™¼é€ 268 bytes
[2025-11-11 09:52:04,000] ERROR: âŒ ProtocolError for 2: æ¥æ”¶å¤±æ•—: [Errno 54] Connection reset by peer
[2025-11-11 09:52:04,000] WARNING: âš ï¸ Player 2 disconnected during game!
[2025-11-11 09:52:04,001] INFO: [PROTOCOL] æº–å‚™ç™¼é€ 126 bytes
[2025-11-11 09:52:04,001] INFO: [PROTOCOL] å·²ç™¼é€ 130/130 bytes
[2025-11-11 09:52:04,001] INFO: [PROTOCOL] âœ… å®Œæ•´ç™¼é€ 130 bytes
[2025-11-11 09:52:04,001] INFO: [PROTOCOL] æº–å‚™ç™¼é€ 126 bytes
[2025-11-11 09:52:04,001] ERROR: [PROTOCOL] âŒ ç™¼é€è¨Šæ¯å¤±æ•—: ç™¼é€å¤±æ•—: [Errno 32] Broken pipe
[2025-11-11 09:52:04,001] INFO: ğŸ“Š Attempting to report game result to lobby: room=20, results={'P1': {'user_id': 1, 'score': 0, 'lines_cleared': 0}, 'P2': {'user_id': 2, 'score': 0, 'lines_cleared': 0}}
[2025-11-11 09:52:04,001] INFO: ğŸ“¡ Connecting to lobby server at localhost:10002...
[2025-11-11 09:52:04,004] INFO: âœ… Connected to lobby server
[2025-11-11 09:52:04,004] INFO: ğŸ† Winner: None
[2025-11-11 09:52:04,004] INFO: ğŸ“¤ Sending report: {'action': 'report_game_result', 'data': {'room_id': 20, 'winner': None, 'results': {'P1': {'user_id': 1, 'score': 0, 'lines_cleared': 0}, 'P2': {'user_id': 2, 'score': 0, 'lines_cleared': 0}}}}
[2025-11-11 09:52:04,004] INFO: [PROTOCOL] æº–å‚™ç™¼é€ 194 bytes
[2025-11-11 09:52:04,004] INFO: [PROTOCOL] å·²ç™¼é€ 198/198 bytes
[2025-11-11 09:52:04,004] INFO: [PROTOCOL] âœ… å®Œæ•´ç™¼é€ 198 bytes
[2025-11-11 09:52:04,004] INFO: âœ… Report sent, waiting for response...
[2025-11-11 09:52:04,097] INFO: ğŸ® Game Over! Winner: None
[2025-11-11 09:52:04,097] INFO: [PROTOCOL] æº–å‚™ç™¼é€ 158 bytes
[2025-11-11 09:52:04,097] INFO: [PROTOCOL] å·²ç™¼é€ 162/162 bytes
[2025-11-11 09:52:04,097] INFO: [PROTOCOL] âœ… å®Œæ•´ç™¼é€ 162 bytes
[2025-11-11 09:52:04,097] INFO: [PROTOCOL] æº–å‚™ç™¼é€ 158 bytes
[2025-11-11 09:52:04,097] ERROR: [PROTOCOL] âŒ ç™¼é€è¨Šæ¯å¤±æ•—: ç™¼é€å¤±æ•—: [Errno 32] Broken pipe
[2025-11-11 09:52:04,097] INFO: ğŸ“Š Attempting to report game result to lobby: room=20, results={'P1': {'user_id': 1, 'score': 0, 'lines_cleared': 0, 'max_combo': 0}, 'P2': {'user_id': 2, 'score': 0, 'lines_cleared': 0, 'max_combo': 0}}
[2025-11-11 09:52:04,097] INFO: ğŸ“¡ Connecting to lobby server at localhost:10002...
[2025-11-11 09:52:04,103] INFO: âœ… Connected to lobby server
[2025-11-11 09:52:04,103] INFO: ğŸ† Winner: None
[2025-11-11 09:52:04,103] INFO: ğŸ“¤ Sending report: {'action': 'report_game_result', 'data': {'room_id': 20, 'winner': None, 'results': {'P1': {'user_id': 1, 'score': 0, 'lines_cleared': 0, 'max_combo': 0}, 'P2': {'user_id': 2, 'score': 0, 'lines_cleared': 0, 'max_combo': 0}}}}
[2025-11-11 09:52:04,103] INFO: [PROTOCOL] æº–å‚™ç™¼é€ 226 bytes
[2025-11-11 09:52:04,103] INFO: [PROTOCOL] å·²ç™¼é€ 230/230 bytes
[2025-11-11 09:52:04,103] INFO: [PROTOCOL] âœ… å®Œæ•´ç™¼é€ 230 bytes
[2025-11-11 09:52:04,103] INFO: âœ… Report sent, waiting for response...
[2025-11-11 09:52:04,526] INFO: ğŸ”Œ Player 1 input handler stopped
[2025-11-11 09:52:09,006] ERROR: âŒ Failed to report game result: æ¥æ”¶é€¾æ™‚
Traceback (most recent call last):
  File "/Users/ninachung/Documents/GitHub/Network_programming/game_server/../lobby_server/protocol.py", line 77, in recv_exact
    chunk = sock.recv(n - len(data))
            ^^^^^^^^^^^^^^^^^^^^^^^^
ConnectionResetError: [Errno 54] Connection reset by peer

During handling of the above exception, another exception occurred:

Traceback (most recent call last):
  File "/Users/ninachung/Documents/GitHub/Network_programming/game_server/game_server.py", line 316, in handle_player_input
    msg_str = recv_message(sock)
              ^^^^^^^^^^^^^^^^^^
  File "/Users/ninachung/Documents/GitHub/Network_programming/game_server/../lobby_server/protocol.py", line 103, in recv_message
    header = recv_exact(sock, 4)
             ^^^^^^^^^^^^^^^^^^^
  File "/Users/ninachung/Documents/GitHub/Network_programming/game_server/../lobby_server/protocol.py", line 84, in recv_exact
    raise ProtocolError(f"æ¥æ”¶å¤±æ•—: {e}")
lobby_server.protocol.ProtocolError: æ¥æ”¶å¤±æ•—: [Errno 54] Connection reset by peer

During handling of the above exception, another exception occurred:

Traceback (most recent call last):
  File "/Users/ninachung/Documents/GitHub/Network_programming/game_server/../lobby_server/protocol.py", line 77, in recv_exact
    chunk = sock.recv(n - len(data))
            ^^^^^^^^^^^^^^^^^^^^^^^^
TimeoutError: timed out

During handling of the above exception, another exception occurred:

Traceback (most recent call last):
  File "/Users/ninachung/Documents/GitHub/Network_programming/game_server/game_server.py", line 607, in report_game_result
    response_str = recv_message(lobby_sock)
                   ^^^^^^^^^^^^^^^^^^^^^^^^
  File "/Users/ninachung/Documents/GitHub/Network_programming/game_server/../lobby_server/protocol.py", line 103, in recv_message
    header = recv_exact(sock, 4)
             ^^^^^^^^^^^^^^^^^^^
  File "/Users/ninachung/Documents/GitHub/Network_programming/game_server/../lobby_server/protocol.py", line 82, in recv_exact
    raise ProtocolError("æ¥æ”¶é€¾æ™‚")
lobby_server.protocol.ProtocolError: æ¥æ”¶é€¾æ™‚
[2025-11-11 09:52:09,015] INFO: ğŸ Game ended due to player 2 disconnection
[2025-11-11 09:52:09,015] INFO: ğŸ”Œ Player 2 input handler stopped
[2025-11-11 09:52:09,104] ERROR: âŒ Failed to report game result: æ¥æ”¶é€¾æ™‚
Traceback (most recent call last):
  File "/Users/ninachung/Documents/GitHub/Network_programming/game_server/../lobby_server/protocol.py", line 77, in recv_exact
    chunk = sock.recv(n - len(data))
            ^^^^^^^^^^^^^^^^^^^^^^^^
TimeoutError: timed out

During handling of the above exception, another exception occurred:

Traceback (most recent call last):
  File "/Users/ninachung/Documents/GitHub/Network_programming/game_server/game_server.py", line 607, in report_game_result
    response_str = recv_message(lobby_sock)
                   ^^^^^^^^^^^^^^^^^^^^^^^^
  File "/Users/ninachung/Documents/GitHub/Network_programming/game_server/../lobby_server/protocol.py", line 103, in recv_message
    header = recv_exact(sock, 4)
             ^^^^^^^^^^^^^^^^^^^
  File "/Users/ninachung/Documents/GitHub/Network_programming/game_server/../lobby_server/protocol.py", line 82, in recv_exact
    raise ProtocolError("æ¥æ”¶é€¾æ™‚")
lobby_server.protocol.ProtocolError: æ¥æ”¶é€¾æ™‚
[2025-11-11 09:52:09,105] INFO: ğŸ“Š Final results: {'P1': {'user_id': 1, 'score': 0, 'lines_cleared': 0, 'max_combo': 0}, 'P2': {'user_id': 2, 'score': 0, 'lines_cleared': 0, 'max_combo': 0}}
[2025-11-11 09:52:11,111] INFO: ğŸ›‘ Shutting down Game Server...
[2025-11-11 09:52:11,111] INFO: âœ… Game Server shut down
[2025-11-11 09:52:11,111] INFO: ğŸ›‘ Shutting down Game Server...
[2025-11-11 09:52:11,111] INFO: âœ… Game Server shut down
