[2025-11-11 09:53:46,679] INFO: 🎮 Game Server started on port 10102
[2025-11-11 09:53:46,679] INFO:    Room: 21, Players: [1, 2]
[2025-11-11 09:53:46,679] INFO:    Seed: 1889435319
[2025-11-11 09:53:49,011] INFO: 📥 Player 1 connected from ('127.0.0.1', 57172)
[2025-11-11 09:53:49,013] INFO: [PROTOCOL] 準備發送 121 bytes
[2025-11-11 09:53:49,013] INFO: [PROTOCOL] 已發送 125/125 bytes
[2025-11-11 09:53:49,013] INFO: [PROTOCOL] ✅ 完整發送 125 bytes
[2025-11-11 09:53:49,013] INFO: ✅ Player 2 (P2) ready
[2025-11-11 09:53:49,013] INFO: 📥 Player 2 connected from ('127.0.0.1', 57173)
[2025-11-11 09:53:49,013] INFO: [PROTOCOL] 準備發送 121 bytes
[2025-11-11 09:53:49,013] INFO: [PROTOCOL] 已發送 125/125 bytes
[2025-11-11 09:53:49,014] INFO: [PROTOCOL] ✅ 完整發送 125 bytes
[2025-11-11 09:53:49,014] INFO: ✅ Player 1 (P1) ready
[2025-11-11 09:53:49,014] INFO: ✅ Both players connected, starting game...
[2025-11-11 09:53:49,014] INFO: 🎮 Starting input handler for player 2
[2025-11-11 09:53:49,014] INFO: 🎮 Starting input handler for player 1
[2025-11-11 09:53:49,119] INFO: [PROTOCOL] 準備發送 262 bytes
[2025-11-11 09:53:49,119] INFO: [PROTOCOL] 已發送 266/266 bytes
[2025-11-11 09:53:49,119] INFO: [PROTOCOL] ✅ 完整發送 266 bytes
[2025-11-11 09:53:49,119] INFO: [PROTOCOL] 準備發送 262 bytes
[2025-11-11 09:53:49,119] INFO: [PROTOCOL] 已發送 266/266 bytes
[2025-11-11 09:53:49,119] INFO: [PROTOCOL] ✅ 完整發送 266 bytes
[2025-11-11 09:53:49,119] INFO: [PROTOCOL] 準備發送 262 bytes
[2025-11-11 09:53:49,120] INFO: [PROTOCOL] 已發送 266/266 bytes
[2025-11-11 09:53:49,120] INFO: [PROTOCOL] ✅ 完整發送 266 bytes
[2025-11-11 09:53:49,120] INFO: [PROTOCOL] 準備發送 262 bytes
[2025-11-11 09:53:49,120] INFO: [PROTOCOL] 已發送 266/266 bytes
[2025-11-11 09:53:49,120] INFO: [PROTOCOL] ✅ 完整發送 266 bytes
[2025-11-11 09:53:49,224] INFO: [PROTOCOL] 準備發送 262 bytes
[2025-11-11 09:53:49,224] INFO: [PROTOCOL] 已發送 266/266 bytes
[2025-11-11 09:53:49,224] INFO: [PROTOCOL] ✅ 完整發送 266 bytes
[2025-11-11 09:53:49,224] INFO: [PROTOCOL] 準備發送 262 bytes
[2025-11-11 09:53:49,224] INFO: [PROTOCOL] 已發送 266/266 bytes
[2025-11-11 09:53:49,224] INFO: [PROTOCOL] ✅ 完整發送 266 bytes
[2025-11-11 09:53:49,224] INFO: [PROTOCOL] 準備發送 262 bytes
[2025-11-11 09:53:49,224] INFO: [PROTOCOL] 已發送 266/266 bytes
[2025-11-11 09:53:49,224] INFO: [PROTOCOL] ✅ 完整發送 266 bytes
[2025-11-11 09:53:49,224] INFO: [PROTOCOL] 準備發送 262 bytes
[2025-11-11 09:53:49,224] INFO: [PROTOCOL] 已發送 266/266 bytes
[2025-11-11 09:53:49,224] INFO: [PROTOCOL] ✅ 完整發送 266 bytes
[2025-11-11 09:53:49,329] INFO: [PROTOCOL] 準備發送 262 bytes
[2025-11-11 09:53:49,329] INFO: [PROTOCOL] 已發送 266/266 bytes
[2025-11-11 09:53:49,329] INFO: [PROTOCOL] ✅ 完整發送 266 bytes
[2025-11-11 09:53:49,329] INFO: [PROTOCOL] 準備發送 262 bytes
[2025-11-11 09:53:49,329] INFO: [PROTOCOL] 已發送 266/266 bytes
[2025-11-11 09:53:49,329] INFO: [PROTOCOL] ✅ 完整發送 266 bytes
[2025-11-11 09:53:49,329] INFO: [PROTOCOL] 準備發送 262 bytes
[2025-11-11 09:53:49,329] INFO: [PROTOCOL] 已發送 266/266 bytes
[2025-11-11 09:53:49,329] INFO: [PROTOCOL] ✅ 完整發送 266 bytes
[2025-11-11 09:53:49,329] INFO: [PROTOCOL] 準備發送 262 bytes
[2025-11-11 09:53:49,329] INFO: [PROTOCOL] 已發送 266/266 bytes
[2025-11-11 09:53:49,329] INFO: [PROTOCOL] ✅ 完整發送 266 bytes
[2025-11-11 09:53:49,434] INFO: [PROTOCOL] 準備發送 262 bytes
[2025-11-11 09:53:49,435] INFO: [PROTOCOL] 已發送 266/266 bytes
[2025-11-11 09:53:49,435] INFO: [PROTOCOL] ✅ 完整發送 266 bytes
[2025-11-11 09:53:49,435] INFO: [PROTOCOL] 準備發送 262 bytes
[2025-11-11 09:53:49,435] INFO: [PROTOCOL] 已發送 266/266 bytes
[2025-11-11 09:53:49,435] INFO: [PROTOCOL] ✅ 完整發送 266 bytes
[2025-11-11 09:53:49,435] INFO: [PROTOCOL] 準備發送 262 bytes
[2025-11-11 09:53:49,435] INFO: [PROTOCOL] 已發送 266/266 bytes
[2025-11-11 09:53:49,435] INFO: [PROTOCOL] ✅ 完整發送 266 bytes
[2025-11-11 09:53:49,435] INFO: [PROTOCOL] 準備發送 262 bytes
[2025-11-11 09:53:49,435] INFO: [PROTOCOL] 已發送 266/266 bytes
[2025-11-11 09:53:49,435] INFO: [PROTOCOL] ✅ 完整發送 266 bytes
[2025-11-11 09:53:49,540] INFO: [PROTOCOL] 準備發送 263 bytes
[2025-11-11 09:53:49,541] INFO: [PROTOCOL] 已發送 267/267 bytes
[2025-11-11 09:53:49,541] INFO: [PROTOCOL] ✅ 完整發送 267 bytes
[2025-11-11 09:53:49,541] INFO: [PROTOCOL] 準備發送 263 bytes
[2025-11-11 09:53:49,541] INFO: [PROTOCOL] 已發送 267/267 bytes
[2025-11-11 09:53:49,541] INFO: [PROTOCOL] ✅ 完整發送 267 bytes
[2025-11-11 09:53:49,541] INFO: [PROTOCOL] 準備發送 263 bytes
[2025-11-11 09:53:49,541] INFO: [PROTOCOL] 已發送 267/267 bytes
[2025-11-11 09:53:49,541] INFO: [PROTOCOL] ✅ 完整發送 267 bytes
[2025-11-11 09:53:49,541] INFO: [PROTOCOL] 準備發送 263 bytes
[2025-11-11 09:53:49,541] INFO: [PROTOCOL] 已發送 267/267 bytes
[2025-11-11 09:53:49,541] INFO: [PROTOCOL] ✅ 完整發送 267 bytes
[2025-11-11 09:53:49,646] INFO: [PROTOCOL] 準備發送 263 bytes
[2025-11-11 09:53:49,647] INFO: [PROTOCOL] 已發送 267/267 bytes
[2025-11-11 09:53:49,647] INFO: [PROTOCOL] ✅ 完整發送 267 bytes
[2025-11-11 09:53:49,647] INFO: [PROTOCOL] 準備發送 263 bytes
[2025-11-11 09:53:49,647] INFO: [PROTOCOL] 已發送 267/267 bytes
[2025-11-11 09:53:49,647] INFO: [PROTOCOL] ✅ 完整發送 267 bytes
[2025-11-11 09:53:49,647] INFO: [PROTOCOL] 準備發送 263 bytes
[2025-11-11 09:53:49,647] INFO: [PROTOCOL] 已發送 267/267 bytes
[2025-11-11 09:53:49,647] INFO: [PROTOCOL] ✅ 完整發送 267 bytes
[2025-11-11 09:53:49,648] INFO: [PROTOCOL] 準備發送 263 bytes
[2025-11-11 09:53:49,648] INFO: [PROTOCOL] 已發送 267/267 bytes
[2025-11-11 09:53:49,648] INFO: [PROTOCOL] ✅ 完整發送 267 bytes
[2025-11-11 09:53:49,753] INFO: [PROTOCOL] 準備發送 263 bytes
[2025-11-11 09:53:49,754] INFO: [PROTOCOL] 已發送 267/267 bytes
[2025-11-11 09:53:49,754] INFO: [PROTOCOL] ✅ 完整發送 267 bytes
[2025-11-11 09:53:49,754] INFO: [PROTOCOL] 準備發送 263 bytes
[2025-11-11 09:53:49,754] INFO: [PROTOCOL] 已發送 267/267 bytes
[2025-11-11 09:53:49,754] INFO: [PROTOCOL] ✅ 完整發送 267 bytes
[2025-11-11 09:53:49,754] INFO: [PROTOCOL] 準備發送 263 bytes
[2025-11-11 09:53:49,754] INFO: [PROTOCOL] 已發送 267/267 bytes
[2025-11-11 09:53:49,754] INFO: [PROTOCOL] ✅ 完整發送 267 bytes
[2025-11-11 09:53:49,754] INFO: [PROTOCOL] 準備發送 263 bytes
[2025-11-11 09:53:49,754] INFO: [PROTOCOL] 已發送 267/267 bytes
[2025-11-11 09:53:49,754] INFO: [PROTOCOL] ✅ 完整發送 267 bytes
[2025-11-11 09:53:49,859] INFO: [PROTOCOL] 準備發送 263 bytes
[2025-11-11 09:53:49,860] INFO: [PROTOCOL] 已發送 267/267 bytes
[2025-11-11 09:53:49,860] INFO: [PROTOCOL] ✅ 完整發送 267 bytes
[2025-11-11 09:53:49,860] INFO: [PROTOCOL] 準備發送 263 bytes
[2025-11-11 09:53:49,860] INFO: [PROTOCOL] 已發送 267/267 bytes
[2025-11-11 09:53:49,860] INFO: [PROTOCOL] ✅ 完整發送 267 bytes
[2025-11-11 09:53:49,860] INFO: [PROTOCOL] 準備發送 263 bytes
[2025-11-11 09:53:49,860] INFO: [PROTOCOL] 已發送 267/267 bytes
[2025-11-11 09:53:49,860] INFO: [PROTOCOL] ✅ 完整發送 267 bytes
[2025-11-11 09:53:49,860] INFO: [PROTOCOL] 準備發送 263 bytes
[2025-11-11 09:53:49,860] INFO: [PROTOCOL] 已發送 267/267 bytes
[2025-11-11 09:53:49,860] INFO: [PROTOCOL] ✅ 完整發送 267 bytes
[2025-11-11 09:53:49,966] INFO: [PROTOCOL] 準備發送 263 bytes
[2025-11-11 09:53:49,966] INFO: [PROTOCOL] 已發送 267/267 bytes
[2025-11-11 09:53:49,966] INFO: [PROTOCOL] ✅ 完整發送 267 bytes
[2025-11-11 09:53:49,972] INFO: [PROTOCOL] 準備發送 263 bytes
[2025-11-11 09:53:49,973] INFO: [PROTOCOL] 已發送 267/267 bytes
[2025-11-11 09:53:49,973] INFO: [PROTOCOL] ✅ 完整發送 267 bytes
[2025-11-11 09:53:49,973] INFO: [PROTOCOL] 準備發送 263 bytes
[2025-11-11 09:53:49,973] INFO: [PROTOCOL] 已發送 267/267 bytes
[2025-11-11 09:53:49,973] INFO: [PROTOCOL] ✅ 完整發送 267 bytes
[2025-11-11 09:53:49,973] INFO: [PROTOCOL] 準備發送 263 bytes
[2025-11-11 09:53:49,973] INFO: [PROTOCOL] 已發送 267/267 bytes
[2025-11-11 09:53:49,973] INFO: [PROTOCOL] ✅ 完整發送 267 bytes
[2025-11-11 09:53:50,076] INFO: [PROTOCOL] 準備發送 264 bytes
[2025-11-11 09:53:50,076] INFO: [PROTOCOL] 已發送 268/268 bytes
[2025-11-11 09:53:50,076] INFO: [PROTOCOL] ✅ 完整發送 268 bytes
[2025-11-11 09:53:50,076] INFO: [PROTOCOL] 準備發送 264 bytes
[2025-11-11 09:53:50,076] INFO: [PROTOCOL] 已發送 268/268 bytes
[2025-11-11 09:53:50,076] INFO: [PROTOCOL] ✅ 完整發送 268 bytes
[2025-11-11 09:53:50,076] INFO: [PROTOCOL] 準備發送 264 bytes
[2025-11-11 09:53:50,076] INFO: [PROTOCOL] 已發送 268/268 bytes
[2025-11-11 09:53:50,076] INFO: [PROTOCOL] ✅ 完整發送 268 bytes
[2025-11-11 09:53:50,076] INFO: [PROTOCOL] 準備發送 264 bytes
[2025-11-11 09:53:50,076] INFO: [PROTOCOL] 已發送 268/268 bytes
[2025-11-11 09:53:50,076] INFO: [PROTOCOL] ✅ 完整發送 268 bytes
[2025-11-11 09:53:50,182] INFO: [PROTOCOL] 準備發送 264 bytes
[2025-11-11 09:53:50,182] INFO: [PROTOCOL] 已發送 268/268 bytes
[2025-11-11 09:53:50,183] INFO: [PROTOCOL] ✅ 完整發送 268 bytes
[2025-11-11 09:53:50,183] INFO: [PROTOCOL] 準備發送 264 bytes
[2025-11-11 09:53:50,183] INFO: [PROTOCOL] 已發送 268/268 bytes
[2025-11-11 09:53:50,183] INFO: [PROTOCOL] ✅ 完整發送 268 bytes
[2025-11-11 09:53:50,183] INFO: [PROTOCOL] 準備發送 264 bytes
[2025-11-11 09:53:50,183] INFO: [PROTOCOL] 已發送 268/268 bytes
[2025-11-11 09:53:50,183] INFO: [PROTOCOL] ✅ 完整發送 268 bytes
[2025-11-11 09:53:50,183] INFO: [PROTOCOL] 準備發送 264 bytes
[2025-11-11 09:53:50,183] INFO: [PROTOCOL] 已發送 268/268 bytes
[2025-11-11 09:53:50,183] INFO: [PROTOCOL] ✅ 完整發送 268 bytes
[2025-11-11 09:53:50,287] INFO: [PROTOCOL] 準備發送 264 bytes
[2025-11-11 09:53:50,287] INFO: [PROTOCOL] 已發送 268/268 bytes
[2025-11-11 09:53:50,287] INFO: [PROTOCOL] ✅ 完整發送 268 bytes
[2025-11-11 09:53:50,287] INFO: [PROTOCOL] 準備發送 264 bytes
[2025-11-11 09:53:50,287] INFO: [PROTOCOL] 已發送 268/268 bytes
[2025-11-11 09:53:50,287] INFO: [PROTOCOL] ✅ 完整發送 268 bytes
[2025-11-11 09:53:50,288] INFO: [PROTOCOL] 準備發送 264 bytes
[2025-11-11 09:53:50,288] INFO: [PROTOCOL] 已發送 268/268 bytes
[2025-11-11 09:53:50,288] INFO: [PROTOCOL] ✅ 完整發送 268 bytes
[2025-11-11 09:53:50,288] INFO: [PROTOCOL] 準備發送 264 bytes
[2025-11-11 09:53:50,288] INFO: [PROTOCOL] 已發送 268/268 bytes
[2025-11-11 09:53:50,288] INFO: [PROTOCOL] ✅ 完整發送 268 bytes
[2025-11-11 09:53:50,394] INFO: [PROTOCOL] 準備發送 264 bytes
[2025-11-11 09:53:50,394] INFO: [PROTOCOL] 已發送 268/268 bytes
[2025-11-11 09:53:50,394] INFO: [PROTOCOL] ✅ 完整發送 268 bytes
[2025-11-11 09:53:50,394] INFO: [PROTOCOL] 準備發送 264 bytes
[2025-11-11 09:53:50,394] INFO: [PROTOCOL] 已發送 268/268 bytes
[2025-11-11 09:53:50,394] INFO: [PROTOCOL] ✅ 完整發送 268 bytes
[2025-11-11 09:53:50,394] INFO: [PROTOCOL] 準備發送 264 bytes
[2025-11-11 09:53:50,394] INFO: [PROTOCOL] 已發送 268/268 bytes
[2025-11-11 09:53:50,394] INFO: [PROTOCOL] ✅ 完整發送 268 bytes
[2025-11-11 09:53:50,395] INFO: [PROTOCOL] 準備發送 264 bytes
[2025-11-11 09:53:50,395] INFO: [PROTOCOL] 已發送 268/268 bytes
[2025-11-11 09:53:50,395] INFO: [PROTOCOL] ✅ 完整發送 268 bytes
[2025-11-11 09:53:50,500] INFO: [PROTOCOL] 準備發送 264 bytes
[2025-11-11 09:53:50,501] INFO: [PROTOCOL] 已發送 268/268 bytes
[2025-11-11 09:53:50,501] INFO: [PROTOCOL] ✅ 完整發送 268 bytes
[2025-11-11 09:53:50,501] INFO: [PROTOCOL] 準備發送 264 bytes
[2025-11-11 09:53:50,501] INFO: [PROTOCOL] 已發送 268/268 bytes
[2025-11-11 09:53:50,501] INFO: [PROTOCOL] ✅ 完整發送 268 bytes
[2025-11-11 09:53:50,501] INFO: [PROTOCOL] 準備發送 264 bytes
[2025-11-11 09:53:50,501] INFO: [PROTOCOL] 已發送 268/268 bytes
[2025-11-11 09:53:50,501] INFO: [PROTOCOL] ✅ 完整發送 268 bytes
[2025-11-11 09:53:50,501] INFO: [PROTOCOL] 準備發送 264 bytes
[2025-11-11 09:53:50,501] INFO: [PROTOCOL] 已發送 268/268 bytes
[2025-11-11 09:53:50,501] INFO: [PROTOCOL] ✅ 完整發送 268 bytes
[2025-11-11 09:53:50,607] INFO: [PROTOCOL] 準備發送 264 bytes
[2025-11-11 09:53:50,607] INFO: [PROTOCOL] 已發送 268/268 bytes
[2025-11-11 09:53:50,607] INFO: [PROTOCOL] ✅ 完整發送 268 bytes
[2025-11-11 09:53:50,607] INFO: [PROTOCOL] 準備發送 264 bytes
[2025-11-11 09:53:50,607] INFO: [PROTOCOL] 已發送 268/268 bytes
[2025-11-11 09:53:50,607] INFO: [PROTOCOL] ✅ 完整發送 268 bytes
[2025-11-11 09:53:50,607] INFO: [PROTOCOL] 準備發送 264 bytes
[2025-11-11 09:53:50,607] INFO: [PROTOCOL] 已發送 268/268 bytes
[2025-11-11 09:53:50,607] INFO: [PROTOCOL] ✅ 完整發送 268 bytes
[2025-11-11 09:53:50,608] INFO: [PROTOCOL] 準備發送 264 bytes
[2025-11-11 09:53:50,608] INFO: [PROTOCOL] 已發送 268/268 bytes
[2025-11-11 09:53:50,608] INFO: [PROTOCOL] ✅ 完整發送 268 bytes
[2025-11-11 09:53:50,712] INFO: [PROTOCOL] 準備發送 264 bytes
[2025-11-11 09:53:50,713] INFO: [PROTOCOL] 已發送 268/268 bytes
[2025-11-11 09:53:50,713] INFO: [PROTOCOL] ✅ 完整發送 268 bytes
[2025-11-11 09:53:50,713] INFO: [PROTOCOL] 準備發送 264 bytes
[2025-11-11 09:53:50,713] INFO: [PROTOCOL] 已發送 268/268 bytes
[2025-11-11 09:53:50,713] INFO: [PROTOCOL] ✅ 完整發送 268 bytes
[2025-11-11 09:53:50,713] INFO: [PROTOCOL] 準備發送 264 bytes
[2025-11-11 09:53:50,713] INFO: [PROTOCOL] 已發送 268/268 bytes
[2025-11-11 09:53:50,713] INFO: [PROTOCOL] ✅ 完整發送 268 bytes
[2025-11-11 09:53:50,713] INFO: [PROTOCOL] 準備發送 264 bytes
[2025-11-11 09:53:50,713] INFO: [PROTOCOL] 已發送 268/268 bytes
[2025-11-11 09:53:50,713] INFO: [PROTOCOL] ✅ 完整發送 268 bytes
[2025-11-11 09:53:50,818] INFO: [PROTOCOL] 準備發送 264 bytes
[2025-11-11 09:53:50,818] INFO: [PROTOCOL] 已發送 268/268 bytes
[2025-11-11 09:53:50,818] INFO: [PROTOCOL] ✅ 完整發送 268 bytes
[2025-11-11 09:53:50,818] INFO: [PROTOCOL] 準備發送 264 bytes
[2025-11-11 09:53:50,818] INFO: [PROTOCOL] 已發送 268/268 bytes
[2025-11-11 09:53:50,818] INFO: [PROTOCOL] ✅ 完整發送 268 bytes
[2025-11-11 09:53:50,818] INFO: [PROTOCOL] 準備發送 264 bytes
[2025-11-11 09:53:50,818] INFO: [PROTOCOL] 已發送 268/268 bytes
[2025-11-11 09:53:50,818] INFO: [PROTOCOL] ✅ 完整發送 268 bytes
[2025-11-11 09:53:50,818] INFO: [PROTOCOL] 準備發送 264 bytes
[2025-11-11 09:53:50,818] INFO: [PROTOCOL] 已發送 268/268 bytes
[2025-11-11 09:53:50,818] INFO: [PROTOCOL] ✅ 完整發送 268 bytes
[2025-11-11 09:53:50,921] INFO: [PROTOCOL] 準備發送 264 bytes
[2025-11-11 09:53:50,922] INFO: [PROTOCOL] 已發送 268/268 bytes
[2025-11-11 09:53:50,922] INFO: [PROTOCOL] ✅ 完整發送 268 bytes
[2025-11-11 09:53:50,922] INFO: [PROTOCOL] 準備發送 264 bytes
[2025-11-11 09:53:50,922] INFO: [PROTOCOL] 已發送 268/268 bytes
[2025-11-11 09:53:50,922] INFO: [PROTOCOL] ✅ 完整發送 268 bytes
[2025-11-11 09:53:50,922] INFO: [PROTOCOL] 準備發送 264 bytes
[2025-11-11 09:53:50,922] INFO: [PROTOCOL] 已發送 268/268 bytes
[2025-11-11 09:53:50,922] INFO: [PROTOCOL] ✅ 完整發送 268 bytes
[2025-11-11 09:53:50,922] INFO: [PROTOCOL] 準備發送 264 bytes
[2025-11-11 09:53:50,922] INFO: [PROTOCOL] 已發送 268/268 bytes
[2025-11-11 09:53:50,922] INFO: [PROTOCOL] ✅ 完整發送 268 bytes
[2025-11-11 09:53:51,022] INFO: [PROTOCOL] 準備發送 264 bytes
[2025-11-11 09:53:51,023] INFO: [PROTOCOL] 已發送 268/268 bytes
[2025-11-11 09:53:51,023] INFO: [PROTOCOL] ✅ 完整發送 268 bytes
[2025-11-11 09:53:51,023] INFO: [PROTOCOL] 準備發送 264 bytes
[2025-11-11 09:53:51,023] INFO: [PROTOCOL] 已發送 268/268 bytes
[2025-11-11 09:53:51,023] INFO: [PROTOCOL] ✅ 完整發送 268 bytes
[2025-11-11 09:53:51,023] INFO: [PROTOCOL] 準備發送 264 bytes
[2025-11-11 09:53:51,023] INFO: [PROTOCOL] 已發送 268/268 bytes
[2025-11-11 09:53:51,023] INFO: [PROTOCOL] ✅ 完整發送 268 bytes
[2025-11-11 09:53:51,023] INFO: [PROTOCOL] 準備發送 264 bytes
[2025-11-11 09:53:51,023] INFO: [PROTOCOL] 已發送 268/268 bytes
[2025-11-11 09:53:51,023] INFO: [PROTOCOL] ✅ 完整發送 268 bytes
[2025-11-11 09:53:51,128] INFO: [PROTOCOL] 準備發送 264 bytes
[2025-11-11 09:53:51,129] INFO: [PROTOCOL] 已發送 268/268 bytes
[2025-11-11 09:53:51,129] INFO: [PROTOCOL] ✅ 完整發送 268 bytes
[2025-11-11 09:53:51,129] INFO: [PROTOCOL] 準備發送 264 bytes
[2025-11-11 09:53:51,129] INFO: [PROTOCOL] 已發送 268/268 bytes
[2025-11-11 09:53:51,129] INFO: [PROTOCOL] ✅ 完整發送 268 bytes
[2025-11-11 09:53:51,129] INFO: [PROTOCOL] 準備發送 264 bytes
[2025-11-11 09:53:51,129] INFO: [PROTOCOL] 已發送 268/268 bytes
[2025-11-11 09:53:51,129] INFO: [PROTOCOL] ✅ 完整發送 268 bytes
[2025-11-11 09:53:51,129] INFO: [PROTOCOL] 準備發送 264 bytes
[2025-11-11 09:53:51,129] INFO: [PROTOCOL] 已發送 268/268 bytes
[2025-11-11 09:53:51,129] INFO: [PROTOCOL] ✅ 完整發送 268 bytes
[2025-11-11 09:53:51,230] INFO: [PROTOCOL] 準備發送 264 bytes
[2025-11-11 09:53:51,230] INFO: [PROTOCOL] 已發送 268/268 bytes
[2025-11-11 09:53:51,230] INFO: [PROTOCOL] ✅ 完整發送 268 bytes
[2025-11-11 09:53:51,230] INFO: [PROTOCOL] 準備發送 264 bytes
[2025-11-11 09:53:51,230] INFO: [PROTOCOL] 已發送 268/268 bytes
[2025-11-11 09:53:51,230] INFO: [PROTOCOL] ✅ 完整發送 268 bytes
[2025-11-11 09:53:51,230] INFO: [PROTOCOL] 準備發送 264 bytes
[2025-11-11 09:53:51,230] INFO: [PROTOCOL] 已發送 268/268 bytes
[2025-11-11 09:53:51,230] INFO: [PROTOCOL] ✅ 完整發送 268 bytes
[2025-11-11 09:53:51,230] INFO: [PROTOCOL] 準備發送 264 bytes
[2025-11-11 09:53:51,230] INFO: [PROTOCOL] 已發送 268/268 bytes
[2025-11-11 09:53:51,230] INFO: [PROTOCOL] ✅ 完整發送 268 bytes
[2025-11-11 09:53:51,335] INFO: [PROTOCOL] 準備發送 264 bytes
[2025-11-11 09:53:51,336] INFO: [PROTOCOL] 已發送 268/268 bytes
[2025-11-11 09:53:51,336] INFO: [PROTOCOL] ✅ 完整發送 268 bytes
[2025-11-11 09:53:51,336] INFO: [PROTOCOL] 準備發送 264 bytes
[2025-11-11 09:53:51,336] INFO: [PROTOCOL] 已發送 268/268 bytes
[2025-11-11 09:53:51,336] INFO: [PROTOCOL] ✅ 完整發送 268 bytes
[2025-11-11 09:53:51,336] INFO: [PROTOCOL] 準備發送 264 bytes
[2025-11-11 09:53:51,336] INFO: [PROTOCOL] 已發送 268/268 bytes
[2025-11-11 09:53:51,336] INFO: [PROTOCOL] ✅ 完整發送 268 bytes
[2025-11-11 09:53:51,336] INFO: [PROTOCOL] 準備發送 264 bytes
[2025-11-11 09:53:51,336] INFO: [PROTOCOL] 已發送 268/268 bytes
[2025-11-11 09:53:51,336] INFO: [PROTOCOL] ✅ 完整發送 268 bytes
[2025-11-11 09:53:51,440] INFO: [PROTOCOL] 準備發送 264 bytes
[2025-11-11 09:53:51,440] INFO: [PROTOCOL] 已發送 268/268 bytes
[2025-11-11 09:53:51,440] INFO: [PROTOCOL] ✅ 完整發送 268 bytes
[2025-11-11 09:53:51,440] INFO: [PROTOCOL] 準備發送 264 bytes
[2025-11-11 09:53:51,440] INFO: [PROTOCOL] 已發送 268/268 bytes
[2025-11-11 09:53:51,440] INFO: [PROTOCOL] ✅ 完整發送 268 bytes
[2025-11-11 09:53:51,440] INFO: [PROTOCOL] 準備發送 264 bytes
[2025-11-11 09:53:51,440] INFO: [PROTOCOL] 已發送 268/268 bytes
[2025-11-11 09:53:51,440] INFO: [PROTOCOL] ✅ 完整發送 268 bytes
[2025-11-11 09:53:51,440] INFO: [PROTOCOL] 準備發送 264 bytes
[2025-11-11 09:53:51,440] INFO: [PROTOCOL] 已發送 268/268 bytes
[2025-11-11 09:53:51,440] INFO: [PROTOCOL] ✅ 完整發送 268 bytes
[2025-11-11 09:53:51,546] INFO: [PROTOCOL] 準備發送 264 bytes
[2025-11-11 09:53:51,546] INFO: [PROTOCOL] 已發送 268/268 bytes
[2025-11-11 09:53:51,546] INFO: [PROTOCOL] ✅ 完整發送 268 bytes
[2025-11-11 09:53:51,546] INFO: [PROTOCOL] 準備發送 264 bytes
[2025-11-11 09:53:51,546] INFO: [PROTOCOL] 已發送 268/268 bytes
[2025-11-11 09:53:51,546] INFO: [PROTOCOL] ✅ 完整發送 268 bytes
[2025-11-11 09:53:51,546] INFO: [PROTOCOL] 準備發送 264 bytes
[2025-11-11 09:53:51,546] INFO: [PROTOCOL] 已發送 268/268 bytes
[2025-11-11 09:53:51,546] INFO: [PROTOCOL] ✅ 完整發送 268 bytes
[2025-11-11 09:53:51,546] INFO: [PROTOCOL] 準備發送 264 bytes
[2025-11-11 09:53:51,546] INFO: [PROTOCOL] 已發送 268/268 bytes
[2025-11-11 09:53:51,546] INFO: [PROTOCOL] ✅ 完整發送 268 bytes
[2025-11-11 09:53:51,652] INFO: [PROTOCOL] 準備發送 264 bytes
[2025-11-11 09:53:51,652] INFO: [PROTOCOL] 已發送 268/268 bytes
[2025-11-11 09:53:51,652] INFO: [PROTOCOL] ✅ 完整發送 268 bytes
[2025-11-11 09:53:51,653] INFO: [PROTOCOL] 準備發送 264 bytes
[2025-11-11 09:53:51,653] INFO: [PROTOCOL] 已發送 268/268 bytes
[2025-11-11 09:53:51,653] INFO: [PROTOCOL] ✅ 完整發送 268 bytes
[2025-11-11 09:53:51,653] INFO: [PROTOCOL] 準備發送 264 bytes
[2025-11-11 09:53:51,653] INFO: [PROTOCOL] 已發送 268/268 bytes
[2025-11-11 09:53:51,653] INFO: [PROTOCOL] ✅ 完整發送 268 bytes
[2025-11-11 09:53:51,653] INFO: [PROTOCOL] 準備發送 264 bytes
[2025-11-11 09:53:51,653] INFO: [PROTOCOL] 已發送 268/268 bytes
[2025-11-11 09:53:51,653] INFO: [PROTOCOL] ✅ 完整發送 268 bytes
[2025-11-11 09:53:51,754] INFO: [PROTOCOL] 準備發送 264 bytes
[2025-11-11 09:53:51,754] INFO: [PROTOCOL] 已發送 268/268 bytes
[2025-11-11 09:53:51,755] INFO: [PROTOCOL] ✅ 完整發送 268 bytes
[2025-11-11 09:53:51,755] INFO: [PROTOCOL] 準備發送 264 bytes
[2025-11-11 09:53:51,755] INFO: [PROTOCOL] 已發送 268/268 bytes
[2025-11-11 09:53:51,755] INFO: [PROTOCOL] ✅ 完整發送 268 bytes
[2025-11-11 09:53:51,755] INFO: [PROTOCOL] 準備發送 264 bytes
[2025-11-11 09:53:51,755] INFO: [PROTOCOL] 已發送 268/268 bytes
[2025-11-11 09:53:51,755] INFO: [PROTOCOL] ✅ 完整發送 268 bytes
[2025-11-11 09:53:51,755] INFO: [PROTOCOL] 準備發送 264 bytes
[2025-11-11 09:53:51,755] INFO: [PROTOCOL] 已發送 268/268 bytes
[2025-11-11 09:53:51,755] INFO: [PROTOCOL] ✅ 完整發送 268 bytes
[2025-11-11 09:53:51,857] INFO: [PROTOCOL] 準備發送 264 bytes
[2025-11-11 09:53:51,857] INFO: [PROTOCOL] 已發送 268/268 bytes
[2025-11-11 09:53:51,857] INFO: [PROTOCOL] ✅ 完整發送 268 bytes
[2025-11-11 09:53:51,857] INFO: [PROTOCOL] 準備發送 264 bytes
[2025-11-11 09:53:51,857] INFO: [PROTOCOL] 已發送 268/268 bytes
[2025-11-11 09:53:51,857] INFO: [PROTOCOL] ✅ 完整發送 268 bytes
[2025-11-11 09:53:51,858] INFO: [PROTOCOL] 準備發送 264 bytes
[2025-11-11 09:53:51,858] INFO: [PROTOCOL] 已發送 268/268 bytes
[2025-11-11 09:53:51,858] INFO: [PROTOCOL] ✅ 完整發送 268 bytes
[2025-11-11 09:53:51,858] INFO: [PROTOCOL] 準備發送 264 bytes
[2025-11-11 09:53:51,858] INFO: [PROTOCOL] 已發送 268/268 bytes
[2025-11-11 09:53:51,858] INFO: [PROTOCOL] ✅ 完整發送 268 bytes
[2025-11-11 09:53:51,963] INFO: [PROTOCOL] 準備發送 264 bytes
[2025-11-11 09:53:51,964] INFO: [PROTOCOL] 已發送 268/268 bytes
[2025-11-11 09:53:51,964] INFO: [PROTOCOL] ✅ 完整發送 268 bytes
[2025-11-11 09:53:51,964] INFO: [PROTOCOL] 準備發送 264 bytes
[2025-11-11 09:53:51,965] INFO: [PROTOCOL] 已發送 268/268 bytes
[2025-11-11 09:53:51,965] INFO: [PROTOCOL] ✅ 完整發送 268 bytes
[2025-11-11 09:53:51,965] INFO: [PROTOCOL] 準備發送 264 bytes
[2025-11-11 09:53:51,966] INFO: [PROTOCOL] 已發送 268/268 bytes
[2025-11-11 09:53:51,966] INFO: [PROTOCOL] ✅ 完整發送 268 bytes
[2025-11-11 09:53:51,966] INFO: [PROTOCOL] 準備發送 264 bytes
[2025-11-11 09:53:51,966] INFO: [PROTOCOL] 已發送 268/268 bytes
[2025-11-11 09:53:51,966] INFO: [PROTOCOL] ✅ 完整發送 268 bytes
[2025-11-11 09:53:52,069] INFO: [PROTOCOL] 準備發送 264 bytes
[2025-11-11 09:53:52,069] INFO: [PROTOCOL] 已發送 268/268 bytes
[2025-11-11 09:53:52,069] INFO: [PROTOCOL] ✅ 完整發送 268 bytes
[2025-11-11 09:53:52,069] INFO: [PROTOCOL] 準備發送 264 bytes
[2025-11-11 09:53:52,069] INFO: [PROTOCOL] 已發送 268/268 bytes
[2025-11-11 09:53:52,069] INFO: [PROTOCOL] ✅ 完整發送 268 bytes
[2025-11-11 09:53:52,070] INFO: [PROTOCOL] 準備發送 264 bytes
[2025-11-11 09:53:52,070] INFO: [PROTOCOL] 已發送 268/268 bytes
[2025-11-11 09:53:52,070] INFO: [PROTOCOL] ✅ 完整發送 268 bytes
[2025-11-11 09:53:52,070] INFO: [PROTOCOL] 準備發送 264 bytes
[2025-11-11 09:53:52,070] INFO: [PROTOCOL] 已發送 268/268 bytes
[2025-11-11 09:53:52,070] INFO: [PROTOCOL] ✅ 完整發送 268 bytes
[2025-11-11 09:53:52,175] INFO: [PROTOCOL] 準備發送 264 bytes
[2025-11-11 09:53:52,175] INFO: [PROTOCOL] 已發送 268/268 bytes
[2025-11-11 09:53:52,175] INFO: [PROTOCOL] ✅ 完整發送 268 bytes
[2025-11-11 09:53:52,175] INFO: [PROTOCOL] 準備發送 264 bytes
[2025-11-11 09:53:52,175] INFO: [PROTOCOL] 已發送 268/268 bytes
[2025-11-11 09:53:52,175] INFO: [PROTOCOL] ✅ 完整發送 268 bytes
[2025-11-11 09:53:52,175] INFO: [PROTOCOL] 準備發送 264 bytes
[2025-11-11 09:53:52,175] INFO: [PROTOCOL] 已發送 268/268 bytes
[2025-11-11 09:53:52,175] INFO: [PROTOCOL] ✅ 完整發送 268 bytes
[2025-11-11 09:53:52,175] INFO: [PROTOCOL] 準備發送 264 bytes
[2025-11-11 09:53:52,176] INFO: [PROTOCOL] 已發送 268/268 bytes
[2025-11-11 09:53:52,176] INFO: [PROTOCOL] ✅ 完整發送 268 bytes
[2025-11-11 09:53:52,279] INFO: [PROTOCOL] 準備發送 264 bytes
[2025-11-11 09:53:52,279] INFO: [PROTOCOL] 已發送 268/268 bytes
[2025-11-11 09:53:52,280] INFO: [PROTOCOL] ✅ 完整發送 268 bytes
[2025-11-11 09:53:52,280] INFO: [PROTOCOL] 準備發送 264 bytes
[2025-11-11 09:53:52,280] INFO: [PROTOCOL] 已發送 268/268 bytes
[2025-11-11 09:53:52,280] INFO: [PROTOCOL] ✅ 完整發送 268 bytes
[2025-11-11 09:53:52,280] INFO: [PROTOCOL] 準備發送 264 bytes
[2025-11-11 09:53:52,280] INFO: [PROTOCOL] 已發送 268/268 bytes
[2025-11-11 09:53:52,280] INFO: [PROTOCOL] ✅ 完整發送 268 bytes
[2025-11-11 09:53:52,280] INFO: [PROTOCOL] 準備發送 264 bytes
[2025-11-11 09:53:52,280] INFO: [PROTOCOL] 已發送 268/268 bytes
[2025-11-11 09:53:52,280] INFO: [PROTOCOL] ✅ 完整發送 268 bytes
[2025-11-11 09:53:52,386] INFO: [PROTOCOL] 準備發送 264 bytes
[2025-11-11 09:53:52,386] INFO: [PROTOCOL] 已發送 268/268 bytes
[2025-11-11 09:53:52,386] INFO: [PROTOCOL] ✅ 完整發送 268 bytes
[2025-11-11 09:53:52,386] INFO: [PROTOCOL] 準備發送 264 bytes
[2025-11-11 09:53:52,386] INFO: [PROTOCOL] 已發送 268/268 bytes
[2025-11-11 09:53:52,386] INFO: [PROTOCOL] ✅ 完整發送 268 bytes
[2025-11-11 09:53:52,386] INFO: [PROTOCOL] 準備發送 264 bytes
[2025-11-11 09:53:52,386] INFO: [PROTOCOL] 已發送 268/268 bytes
[2025-11-11 09:53:52,386] INFO: [PROTOCOL] ✅ 完整發送 268 bytes
[2025-11-11 09:53:52,387] INFO: [PROTOCOL] 準備發送 264 bytes
[2025-11-11 09:53:52,387] INFO: [PROTOCOL] 已發送 268/268 bytes
[2025-11-11 09:53:52,387] INFO: [PROTOCOL] ✅ 完整發送 268 bytes
[2025-11-11 09:53:52,492] INFO: [PROTOCOL] 準備發送 264 bytes
[2025-11-11 09:53:52,492] INFO: [PROTOCOL] 已發送 268/268 bytes
[2025-11-11 09:53:52,492] INFO: [PROTOCOL] ✅ 完整發送 268 bytes
[2025-11-11 09:53:52,492] INFO: [PROTOCOL] 準備發送 264 bytes
[2025-11-11 09:53:52,492] INFO: [PROTOCOL] 已發送 268/268 bytes
[2025-11-11 09:53:52,492] INFO: [PROTOCOL] ✅ 完整發送 268 bytes
[2025-11-11 09:53:52,492] INFO: [PROTOCOL] 準備發送 264 bytes
[2025-11-11 09:53:52,492] INFO: [PROTOCOL] 已發送 268/268 bytes
[2025-11-11 09:53:52,492] INFO: [PROTOCOL] ✅ 完整發送 268 bytes
[2025-11-11 09:53:52,492] INFO: [PROTOCOL] 準備發送 264 bytes
[2025-11-11 09:53:52,492] INFO: [PROTOCOL] 已發送 268/268 bytes
[2025-11-11 09:53:52,492] INFO: [PROTOCOL] ✅ 完整發送 268 bytes
[2025-11-11 09:53:52,597] INFO: [PROTOCOL] 準備發送 264 bytes
[2025-11-11 09:53:52,597] INFO: [PROTOCOL] 已發送 268/268 bytes
[2025-11-11 09:53:52,598] INFO: [PROTOCOL] ✅ 完整發送 268 bytes
[2025-11-11 09:53:52,598] INFO: [PROTOCOL] 準備發送 264 bytes
[2025-11-11 09:53:52,598] INFO: [PROTOCOL] 已發送 268/268 bytes
[2025-11-11 09:53:52,598] INFO: [PROTOCOL] ✅ 完整發送 268 bytes
[2025-11-11 09:53:52,598] INFO: [PROTOCOL] 準備發送 264 bytes
[2025-11-11 09:53:52,598] INFO: [PROTOCOL] 已發送 268/268 bytes
[2025-11-11 09:53:52,598] INFO: [PROTOCOL] ✅ 完整發送 268 bytes
[2025-11-11 09:53:52,598] INFO: [PROTOCOL] 準備發送 264 bytes
[2025-11-11 09:53:52,598] INFO: [PROTOCOL] 已發送 268/268 bytes
[2025-11-11 09:53:52,598] INFO: [PROTOCOL] ✅ 完整發送 268 bytes
[2025-11-11 09:53:52,702] INFO: [PROTOCOL] 準備發送 264 bytes
[2025-11-11 09:53:52,702] INFO: [PROTOCOL] 已發送 268/268 bytes
[2025-11-11 09:53:52,702] INFO: [PROTOCOL] ✅ 完整發送 268 bytes
[2025-11-11 09:53:52,702] INFO: [PROTOCOL] 準備發送 264 bytes
[2025-11-11 09:53:52,702] INFO: [PROTOCOL] 已發送 268/268 bytes
[2025-11-11 09:53:52,702] INFO: [PROTOCOL] ✅ 完整發送 268 bytes
[2025-11-11 09:53:52,702] INFO: [PROTOCOL] 準備發送 264 bytes
[2025-11-11 09:53:52,702] INFO: [PROTOCOL] 已發送 268/268 bytes
[2025-11-11 09:53:52,702] INFO: [PROTOCOL] ✅ 完整發送 268 bytes
[2025-11-11 09:53:52,702] INFO: [PROTOCOL] 準備發送 264 bytes
[2025-11-11 09:53:52,702] INFO: [PROTOCOL] 已發送 268/268 bytes
[2025-11-11 09:53:52,702] INFO: [PROTOCOL] ✅ 完整發送 268 bytes
[2025-11-11 09:53:52,807] INFO: [PROTOCOL] 準備發送 264 bytes
[2025-11-11 09:53:52,808] INFO: [PROTOCOL] 已發送 268/268 bytes
[2025-11-11 09:53:52,808] INFO: [PROTOCOL] ✅ 完整發送 268 bytes
[2025-11-11 09:53:52,808] INFO: [PROTOCOL] 準備發送 264 bytes
[2025-11-11 09:53:52,808] INFO: [PROTOCOL] 已發送 268/268 bytes
[2025-11-11 09:53:52,808] INFO: [PROTOCOL] ✅ 完整發送 268 bytes
[2025-11-11 09:53:52,808] INFO: [PROTOCOL] 準備發送 264 bytes
[2025-11-11 09:53:52,808] INFO: [PROTOCOL] 已發送 268/268 bytes
[2025-11-11 09:53:52,808] INFO: [PROTOCOL] ✅ 完整發送 268 bytes
[2025-11-11 09:53:52,808] INFO: [PROTOCOL] 準備發送 264 bytes
[2025-11-11 09:53:52,808] INFO: [PROTOCOL] 已發送 268/268 bytes
[2025-11-11 09:53:52,808] INFO: [PROTOCOL] ✅ 完整發送 268 bytes
[2025-11-11 09:53:52,911] INFO: [PROTOCOL] 準備發送 264 bytes
[2025-11-11 09:53:52,911] INFO: [PROTOCOL] 已發送 268/268 bytes
[2025-11-11 09:53:52,911] INFO: [PROTOCOL] ✅ 完整發送 268 bytes
[2025-11-11 09:53:52,911] INFO: [PROTOCOL] 準備發送 264 bytes
[2025-11-11 09:53:52,911] INFO: [PROTOCOL] 已發送 268/268 bytes
[2025-11-11 09:53:52,912] INFO: [PROTOCOL] ✅ 完整發送 268 bytes
[2025-11-11 09:53:52,912] INFO: [PROTOCOL] 準備發送 264 bytes
[2025-11-11 09:53:52,912] INFO: [PROTOCOL] 已發送 268/268 bytes
[2025-11-11 09:53:52,912] INFO: [PROTOCOL] ✅ 完整發送 268 bytes
[2025-11-11 09:53:52,912] INFO: [PROTOCOL] 準備發送 264 bytes
[2025-11-11 09:53:52,912] INFO: [PROTOCOL] 已發送 268/268 bytes
[2025-11-11 09:53:52,912] INFO: [PROTOCOL] ✅ 完整發送 268 bytes
[2025-11-11 09:53:53,017] INFO: [PROTOCOL] 準備發送 264 bytes
[2025-11-11 09:53:53,017] INFO: [PROTOCOL] 已發送 268/268 bytes
[2025-11-11 09:53:53,017] INFO: [PROTOCOL] ✅ 完整發送 268 bytes
[2025-11-11 09:53:53,017] INFO: [PROTOCOL] 準備發送 264 bytes
[2025-11-11 09:53:53,017] INFO: [PROTOCOL] 已發送 268/268 bytes
[2025-11-11 09:53:53,017] INFO: [PROTOCOL] ✅ 完整發送 268 bytes
[2025-11-11 09:53:53,018] INFO: [PROTOCOL] 準備發送 264 bytes
[2025-11-11 09:53:53,018] INFO: [PROTOCOL] 已發送 268/268 bytes
[2025-11-11 09:53:53,018] INFO: [PROTOCOL] ✅ 完整發送 268 bytes
[2025-11-11 09:53:53,018] INFO: [PROTOCOL] 準備發送 264 bytes
[2025-11-11 09:53:53,018] INFO: [PROTOCOL] 已發送 268/268 bytes
[2025-11-11 09:53:53,018] INFO: [PROTOCOL] ✅ 完整發送 268 bytes
[2025-11-11 09:53:53,123] INFO: [PROTOCOL] 準備發送 264 bytes
[2025-11-11 09:53:53,123] INFO: [PROTOCOL] 已發送 268/268 bytes
[2025-11-11 09:53:53,123] INFO: [PROTOCOL] ✅ 完整發送 268 bytes
[2025-11-11 09:53:53,123] INFO: [PROTOCOL] 準備發送 264 bytes
[2025-11-11 09:53:53,123] INFO: [PROTOCOL] 已發送 268/268 bytes
[2025-11-11 09:53:53,123] INFO: [PROTOCOL] ✅ 完整發送 268 bytes
[2025-11-11 09:53:53,123] INFO: [PROTOCOL] 準備發送 264 bytes
[2025-11-11 09:53:53,123] INFO: [PROTOCOL] 已發送 268/268 bytes
[2025-11-11 09:53:53,123] INFO: [PROTOCOL] ✅ 完整發送 268 bytes
[2025-11-11 09:53:53,123] INFO: [PROTOCOL] 準備發送 264 bytes
[2025-11-11 09:53:53,123] INFO: [PROTOCOL] 已發送 268/268 bytes
[2025-11-11 09:53:53,123] INFO: [PROTOCOL] ✅ 完整發送 268 bytes
[2025-11-11 09:53:53,229] INFO: [PROTOCOL] 準備發送 264 bytes
[2025-11-11 09:53:53,229] INFO: [PROTOCOL] 已發送 268/268 bytes
[2025-11-11 09:53:53,229] INFO: [PROTOCOL] ✅ 完整發送 268 bytes
[2025-11-11 09:53:53,229] INFO: [PROTOCOL] 準備發送 264 bytes
[2025-11-11 09:53:53,229] INFO: [PROTOCOL] 已發送 268/268 bytes
[2025-11-11 09:53:53,229] INFO: [PROTOCOL] ✅ 完整發送 268 bytes
[2025-11-11 09:53:53,229] INFO: [PROTOCOL] 準備發送 264 bytes
[2025-11-11 09:53:53,230] INFO: [PROTOCOL] 已發送 268/268 bytes
[2025-11-11 09:53:53,230] INFO: [PROTOCOL] ✅ 完整發送 268 bytes
[2025-11-11 09:53:53,230] INFO: [PROTOCOL] 準備發送 264 bytes
[2025-11-11 09:53:53,230] INFO: [PROTOCOL] 已發送 268/268 bytes
[2025-11-11 09:53:53,230] INFO: [PROTOCOL] ✅ 完整發送 268 bytes
[2025-11-11 09:53:53,335] INFO: [PROTOCOL] 準備發送 264 bytes
[2025-11-11 09:53:53,335] INFO: [PROTOCOL] 已發送 268/268 bytes
[2025-11-11 09:53:53,335] INFO: [PROTOCOL] ✅ 完整發送 268 bytes
[2025-11-11 09:53:53,336] INFO: [PROTOCOL] 準備發送 264 bytes
[2025-11-11 09:53:53,336] INFO: [PROTOCOL] 已發送 268/268 bytes
[2025-11-11 09:53:53,336] INFO: [PROTOCOL] ✅ 完整發送 268 bytes
[2025-11-11 09:53:53,336] INFO: [PROTOCOL] 準備發送 264 bytes
[2025-11-11 09:53:53,336] INFO: [PROTOCOL] 已發送 268/268 bytes
[2025-11-11 09:53:53,336] INFO: [PROTOCOL] ✅ 完整發送 268 bytes
[2025-11-11 09:53:53,336] INFO: [PROTOCOL] 準備發送 264 bytes
[2025-11-11 09:53:53,336] INFO: [PROTOCOL] 已發送 268/268 bytes
[2025-11-11 09:53:53,336] INFO: [PROTOCOL] ✅ 完整發送 268 bytes
[2025-11-11 09:53:53,441] INFO: [PROTOCOL] 準備發送 264 bytes
[2025-11-11 09:53:53,441] INFO: [PROTOCOL] 已發送 268/268 bytes
[2025-11-11 09:53:53,441] INFO: [PROTOCOL] ✅ 完整發送 268 bytes
[2025-11-11 09:53:53,441] INFO: [PROTOCOL] 準備發送 264 bytes
[2025-11-11 09:53:53,441] INFO: [PROTOCOL] 已發送 268/268 bytes
[2025-11-11 09:53:53,441] INFO: [PROTOCOL] ✅ 完整發送 268 bytes
[2025-11-11 09:53:53,441] INFO: [PROTOCOL] 準備發送 264 bytes
[2025-11-11 09:53:53,441] INFO: [PROTOCOL] 已發送 268/268 bytes
[2025-11-11 09:53:53,441] INFO: [PROTOCOL] ✅ 完整發送 268 bytes
[2025-11-11 09:53:53,441] INFO: [PROTOCOL] 準備發送 264 bytes
[2025-11-11 09:53:53,441] INFO: [PROTOCOL] 已發送 268/268 bytes
[2025-11-11 09:53:53,442] INFO: [PROTOCOL] ✅ 完整發送 268 bytes
[2025-11-11 09:53:53,544] INFO: [PROTOCOL] 準備發送 264 bytes
[2025-11-11 09:53:53,544] INFO: [PROTOCOL] 已發送 268/268 bytes
[2025-11-11 09:53:53,544] INFO: [PROTOCOL] ✅ 完整發送 268 bytes
[2025-11-11 09:53:53,544] INFO: [PROTOCOL] 準備發送 264 bytes
[2025-11-11 09:53:53,544] INFO: [PROTOCOL] 已發送 268/268 bytes
[2025-11-11 09:53:53,544] INFO: [PROTOCOL] ✅ 完整發送 268 bytes
[2025-11-11 09:53:53,544] INFO: [PROTOCOL] 準備發送 264 bytes
[2025-11-11 09:53:53,544] INFO: [PROTOCOL] 已發送 268/268 bytes
[2025-11-11 09:53:53,544] INFO: [PROTOCOL] ✅ 完整發送 268 bytes
[2025-11-11 09:53:53,544] INFO: [PROTOCOL] 準備發送 264 bytes
[2025-11-11 09:53:53,544] INFO: [PROTOCOL] 已發送 268/268 bytes
[2025-11-11 09:53:53,544] INFO: [PROTOCOL] ✅ 完整發送 268 bytes
[2025-11-11 09:53:53,649] INFO: [PROTOCOL] 準備發送 263 bytes
[2025-11-11 09:53:53,650] INFO: [PROTOCOL] 已發送 267/267 bytes
[2025-11-11 09:53:53,650] INFO: [PROTOCOL] ✅ 完整發送 267 bytes
[2025-11-11 09:53:53,650] INFO: [PROTOCOL] 準備發送 263 bytes
[2025-11-11 09:53:53,650] INFO: [PROTOCOL] 已發送 267/267 bytes
[2025-11-11 09:53:53,650] INFO: [PROTOCOL] ✅ 完整發送 267 bytes
[2025-11-11 09:53:53,650] INFO: [PROTOCOL] 準備發送 263 bytes
[2025-11-11 09:53:53,650] INFO: [PROTOCOL] 已發送 267/267 bytes
[2025-11-11 09:53:53,650] INFO: [PROTOCOL] ✅ 完整發送 267 bytes
[2025-11-11 09:53:53,650] INFO: [PROTOCOL] 準備發送 263 bytes
[2025-11-11 09:53:53,650] INFO: [PROTOCOL] 已發送 267/267 bytes
[2025-11-11 09:53:53,650] INFO: [PROTOCOL] ✅ 完整發送 267 bytes
[2025-11-11 09:53:53,753] INFO: [PROTOCOL] 準備發送 263 bytes
[2025-11-11 09:53:53,754] INFO: [PROTOCOL] 已發送 267/267 bytes
[2025-11-11 09:53:53,754] INFO: [PROTOCOL] ✅ 完整發送 267 bytes
[2025-11-11 09:53:53,754] INFO: [PROTOCOL] 準備發送 263 bytes
[2025-11-11 09:53:53,754] INFO: [PROTOCOL] 已發送 267/267 bytes
[2025-11-11 09:53:53,754] INFO: [PROTOCOL] ✅ 完整發送 267 bytes
[2025-11-11 09:53:53,754] INFO: [PROTOCOL] 準備發送 263 bytes
[2025-11-11 09:53:53,754] INFO: [PROTOCOL] 已發送 267/267 bytes
[2025-11-11 09:53:53,755] INFO: [PROTOCOL] ✅ 完整發送 267 bytes
[2025-11-11 09:53:53,755] INFO: [PROTOCOL] 準備發送 263 bytes
[2025-11-11 09:53:53,755] INFO: [PROTOCOL] 已發送 267/267 bytes
[2025-11-11 09:53:53,755] INFO: [PROTOCOL] ✅ 完整發送 267 bytes
[2025-11-11 09:53:53,860] INFO: [PROTOCOL] 準備發送 263 bytes
[2025-11-11 09:53:53,860] INFO: [PROTOCOL] 已發送 267/267 bytes
[2025-11-11 09:53:53,861] INFO: [PROTOCOL] ✅ 完整發送 267 bytes
[2025-11-11 09:53:53,861] INFO: [PROTOCOL] 準備發送 263 bytes
[2025-11-11 09:53:53,861] INFO: [PROTOCOL] 已發送 267/267 bytes
[2025-11-11 09:53:53,861] INFO: [PROTOCOL] ✅ 完整發送 267 bytes
[2025-11-11 09:53:53,861] INFO: [PROTOCOL] 準備發送 263 bytes
[2025-11-11 09:53:53,861] INFO: [PROTOCOL] 已發送 267/267 bytes
[2025-11-11 09:53:53,861] INFO: [PROTOCOL] ✅ 完整發送 267 bytes
[2025-11-11 09:53:53,861] INFO: [PROTOCOL] 準備發送 263 bytes
[2025-11-11 09:53:53,861] INFO: [PROTOCOL] 已發送 267/267 bytes
[2025-11-11 09:53:53,861] INFO: [PROTOCOL] ✅ 完整發送 267 bytes
[2025-11-11 09:53:53,967] INFO: [PROTOCOL] 準備發送 263 bytes
[2025-11-11 09:53:53,967] INFO: [PROTOCOL] 已發送 267/267 bytes
[2025-11-11 09:53:53,968] INFO: [PROTOCOL] ✅ 完整發送 267 bytes
[2025-11-11 09:53:53,968] INFO: [PROTOCOL] 準備發送 263 bytes
[2025-11-11 09:53:53,968] INFO: [PROTOCOL] 已發送 267/267 bytes
[2025-11-11 09:53:53,968] INFO: [PROTOCOL] ✅ 完整發送 267 bytes
[2025-11-11 09:53:53,968] INFO: [PROTOCOL] 準備發送 263 bytes
[2025-11-11 09:53:53,968] INFO: [PROTOCOL] 已發送 267/267 bytes
[2025-11-11 09:53:53,968] INFO: [PROTOCOL] ✅ 完整發送 267 bytes
[2025-11-11 09:53:53,968] INFO: [PROTOCOL] 準備發送 263 bytes
[2025-11-11 09:53:53,968] INFO: [PROTOCOL] 已發送 267/267 bytes
[2025-11-11 09:53:53,969] INFO: [PROTOCOL] ✅ 完整發送 267 bytes
[2025-11-11 09:53:54,074] INFO: [PROTOCOL] 準備發送 265 bytes
[2025-11-11 09:53:54,074] INFO: [PROTOCOL] 已發送 269/269 bytes
[2025-11-11 09:53:54,074] INFO: [PROTOCOL] ✅ 完整發送 269 bytes
[2025-11-11 09:53:54,074] INFO: [PROTOCOL] 準備發送 265 bytes
[2025-11-11 09:53:54,075] INFO: [PROTOCOL] 已發送 269/269 bytes
[2025-11-11 09:53:54,075] INFO: [PROTOCOL] ✅ 完整發送 269 bytes
[2025-11-11 09:53:54,075] INFO: [PROTOCOL] 準備發送 265 bytes
[2025-11-11 09:53:54,075] INFO: [PROTOCOL] 已發送 269/269 bytes
[2025-11-11 09:53:54,075] INFO: [PROTOCOL] ✅ 完整發送 269 bytes
[2025-11-11 09:53:54,075] INFO: [PROTOCOL] 準備發送 265 bytes
[2025-11-11 09:53:54,075] INFO: [PROTOCOL] 已發送 269/269 bytes
[2025-11-11 09:53:54,075] INFO: [PROTOCOL] ✅ 完整發送 269 bytes
[2025-11-11 09:53:54,180] INFO: [PROTOCOL] 準備發送 265 bytes
[2025-11-11 09:53:54,180] INFO: [PROTOCOL] 已發送 269/269 bytes
[2025-11-11 09:53:54,180] INFO: [PROTOCOL] ✅ 完整發送 269 bytes
[2025-11-11 09:53:54,181] INFO: [PROTOCOL] 準備發送 265 bytes
[2025-11-11 09:53:54,181] INFO: [PROTOCOL] 已發送 269/269 bytes
[2025-11-11 09:53:54,181] INFO: [PROTOCOL] ✅ 完整發送 269 bytes
[2025-11-11 09:53:54,181] INFO: [PROTOCOL] 準備發送 265 bytes
[2025-11-11 09:53:54,181] INFO: [PROTOCOL] 已發送 269/269 bytes
[2025-11-11 09:53:54,181] INFO: [PROTOCOL] ✅ 完整發送 269 bytes
[2025-11-11 09:53:54,181] INFO: [PROTOCOL] 準備發送 265 bytes
[2025-11-11 09:53:54,181] INFO: [PROTOCOL] 已發送 269/269 bytes
[2025-11-11 09:53:54,181] INFO: [PROTOCOL] ✅ 完整發送 269 bytes
[2025-11-11 09:53:54,284] INFO: [PROTOCOL] 準備發送 265 bytes
[2025-11-11 09:53:54,284] INFO: [PROTOCOL] 已發送 269/269 bytes
[2025-11-11 09:53:54,284] INFO: [PROTOCOL] ✅ 完整發送 269 bytes
[2025-11-11 09:53:54,284] INFO: [PROTOCOL] 準備發送 265 bytes
[2025-11-11 09:53:54,284] INFO: [PROTOCOL] 已發送 269/269 bytes
[2025-11-11 09:53:54,284] INFO: [PROTOCOL] ✅ 完整發送 269 bytes
[2025-11-11 09:53:54,284] INFO: [PROTOCOL] 準備發送 265 bytes
[2025-11-11 09:53:54,285] INFO: [PROTOCOL] 已發送 269/269 bytes
[2025-11-11 09:53:54,285] INFO: [PROTOCOL] ✅ 完整發送 269 bytes
[2025-11-11 09:53:54,285] INFO: [PROTOCOL] 準備發送 265 bytes
[2025-11-11 09:53:54,285] INFO: [PROTOCOL] 已發送 269/269 bytes
[2025-11-11 09:53:54,285] INFO: [PROTOCOL] ✅ 完整發送 269 bytes
[2025-11-11 09:53:54,390] INFO: [PROTOCOL] 準備發送 265 bytes
[2025-11-11 09:53:54,390] INFO: [PROTOCOL] 已發送 269/269 bytes
[2025-11-11 09:53:54,390] INFO: [PROTOCOL] ✅ 完整發送 269 bytes
[2025-11-11 09:53:54,390] INFO: [PROTOCOL] 準備發送 265 bytes
[2025-11-11 09:53:54,390] INFO: [PROTOCOL] 已發送 269/269 bytes
[2025-11-11 09:53:54,390] INFO: [PROTOCOL] ✅ 完整發送 269 bytes
[2025-11-11 09:53:54,390] INFO: [PROTOCOL] 準備發送 265 bytes
[2025-11-11 09:53:54,391] INFO: [PROTOCOL] 已發送 269/269 bytes
[2025-11-11 09:53:54,391] INFO: [PROTOCOL] ✅ 完整發送 269 bytes
[2025-11-11 09:53:54,391] INFO: [PROTOCOL] 準備發送 265 bytes
[2025-11-11 09:53:54,391] INFO: [PROTOCOL] 已發送 269/269 bytes
[2025-11-11 09:53:54,391] INFO: [PROTOCOL] ✅ 完整發送 269 bytes
[2025-11-11 09:53:54,496] INFO: [PROTOCOL] 準備發送 265 bytes
[2025-11-11 09:53:54,496] INFO: [PROTOCOL] 已發送 269/269 bytes
[2025-11-11 09:53:54,496] INFO: [PROTOCOL] ✅ 完整發送 269 bytes
[2025-11-11 09:53:54,497] INFO: [PROTOCOL] 準備發送 265 bytes
[2025-11-11 09:53:54,497] INFO: [PROTOCOL] 已發送 269/269 bytes
[2025-11-11 09:53:54,497] INFO: [PROTOCOL] ✅ 完整發送 269 bytes
[2025-11-11 09:53:54,497] INFO: [PROTOCOL] 準備發送 265 bytes
[2025-11-11 09:53:54,497] INFO: [PROTOCOL] 已發送 269/269 bytes
[2025-11-11 09:53:54,497] INFO: [PROTOCOL] ✅ 完整發送 269 bytes
[2025-11-11 09:53:54,497] INFO: [PROTOCOL] 準備發送 265 bytes
[2025-11-11 09:53:54,497] INFO: [PROTOCOL] 已發送 269/269 bytes
[2025-11-11 09:53:54,497] INFO: [PROTOCOL] ✅ 完整發送 269 bytes
[2025-11-11 09:53:54,600] INFO: [PROTOCOL] 準備發送 265 bytes
[2025-11-11 09:53:54,600] INFO: [PROTOCOL] 已發送 269/269 bytes
[2025-11-11 09:53:54,601] INFO: [PROTOCOL] ✅ 完整發送 269 bytes
[2025-11-11 09:53:54,601] INFO: [PROTOCOL] 準備發送 265 bytes
[2025-11-11 09:53:54,601] INFO: [PROTOCOL] 已發送 269/269 bytes
[2025-11-11 09:53:54,601] INFO: [PROTOCOL] ✅ 完整發送 269 bytes
[2025-11-11 09:53:54,602] INFO: [PROTOCOL] 準備發送 265 bytes
[2025-11-11 09:53:54,602] INFO: [PROTOCOL] 已發送 269/269 bytes
[2025-11-11 09:53:54,602] INFO: [PROTOCOL] ✅ 完整發送 269 bytes
[2025-11-11 09:53:54,602] INFO: [PROTOCOL] 準備發送 265 bytes
[2025-11-11 09:53:54,602] INFO: [PROTOCOL] 已發送 269/269 bytes
[2025-11-11 09:53:54,602] INFO: [PROTOCOL] ✅ 完整發送 269 bytes
[2025-11-11 09:53:54,708] INFO: [PROTOCOL] 準備發送 265 bytes
[2025-11-11 09:53:54,708] INFO: [PROTOCOL] 已發送 269/269 bytes
[2025-11-11 09:53:54,708] INFO: [PROTOCOL] ✅ 完整發送 269 bytes
[2025-11-11 09:53:54,708] INFO: [PROTOCOL] 準備發送 265 bytes
[2025-11-11 09:53:54,708] INFO: [PROTOCOL] 已發送 269/269 bytes
[2025-11-11 09:53:54,709] INFO: [PROTOCOL] ✅ 完整發送 269 bytes
[2025-11-11 09:53:54,709] INFO: [PROTOCOL] 準備發送 265 bytes
[2025-11-11 09:53:54,709] INFO: [PROTOCOL] 已發送 269/269 bytes
[2025-11-11 09:53:54,709] INFO: [PROTOCOL] ✅ 完整發送 269 bytes
[2025-11-11 09:53:54,709] INFO: [PROTOCOL] 準備發送 265 bytes
[2025-11-11 09:53:54,709] INFO: [PROTOCOL] 已發送 269/269 bytes
[2025-11-11 09:53:54,709] INFO: [PROTOCOL] ✅ 完整發送 269 bytes
[2025-11-11 09:53:54,815] INFO: [PROTOCOL] 準備發送 265 bytes
[2025-11-11 09:53:54,815] INFO: [PROTOCOL] 已發送 269/269 bytes
[2025-11-11 09:53:54,815] INFO: [PROTOCOL] ✅ 完整發送 269 bytes
[2025-11-11 09:53:54,815] INFO: [PROTOCOL] 準備發送 265 bytes
[2025-11-11 09:53:54,815] INFO: [PROTOCOL] 已發送 269/269 bytes
[2025-11-11 09:53:54,815] INFO: [PROTOCOL] ✅ 完整發送 269 bytes
[2025-11-11 09:53:54,815] INFO: [PROTOCOL] 準備發送 265 bytes
[2025-11-11 09:53:54,815] INFO: [PROTOCOL] 已發送 269/269 bytes
[2025-11-11 09:53:54,815] INFO: [PROTOCOL] ✅ 完整發送 269 bytes
[2025-11-11 09:53:54,815] INFO: [PROTOCOL] 準備發送 265 bytes
[2025-11-11 09:53:54,815] INFO: [PROTOCOL] 已發送 269/269 bytes
[2025-11-11 09:53:54,815] INFO: [PROTOCOL] ✅ 完整發送 269 bytes
[2025-11-11 09:53:54,921] INFO: [PROTOCOL] 準備發送 265 bytes
[2025-11-11 09:53:54,921] INFO: [PROTOCOL] 已發送 269/269 bytes
[2025-11-11 09:53:54,921] INFO: [PROTOCOL] ✅ 完整發送 269 bytes
[2025-11-11 09:53:54,921] INFO: [PROTOCOL] 準備發送 265 bytes
[2025-11-11 09:53:54,921] INFO: [PROTOCOL] 已發送 269/269 bytes
[2025-11-11 09:53:54,922] INFO: [PROTOCOL] ✅ 完整發送 269 bytes
[2025-11-11 09:53:54,922] INFO: [PROTOCOL] 準備發送 265 bytes
[2025-11-11 09:53:54,922] INFO: [PROTOCOL] 已發送 269/269 bytes
[2025-11-11 09:53:54,922] INFO: [PROTOCOL] ✅ 完整發送 269 bytes
[2025-11-11 09:53:54,922] INFO: [PROTOCOL] 準備發送 265 bytes
[2025-11-11 09:53:54,922] INFO: [PROTOCOL] 已發送 269/269 bytes
[2025-11-11 09:53:54,922] INFO: [PROTOCOL] ✅ 完整發送 269 bytes
[2025-11-11 09:53:55,023] INFO: [PROTOCOL] 準備發送 265 bytes
[2025-11-11 09:53:55,023] INFO: [PROTOCOL] 已發送 269/269 bytes
[2025-11-11 09:53:55,023] INFO: [PROTOCOL] ✅ 完整發送 269 bytes
[2025-11-11 09:53:55,024] INFO: [PROTOCOL] 準備發送 265 bytes
[2025-11-11 09:53:55,024] INFO: [PROTOCOL] 已發送 269/269 bytes
[2025-11-11 09:53:55,024] INFO: [PROTOCOL] ✅ 完整發送 269 bytes
[2025-11-11 09:53:55,024] INFO: [PROTOCOL] 準備發送 265 bytes
[2025-11-11 09:53:55,024] INFO: [PROTOCOL] 已發送 269/269 bytes
[2025-11-11 09:53:55,024] INFO: [PROTOCOL] ✅ 完整發送 269 bytes
[2025-11-11 09:53:55,024] INFO: [PROTOCOL] 準備發送 265 bytes
[2025-11-11 09:53:55,024] INFO: [PROTOCOL] 已發送 269/269 bytes
[2025-11-11 09:53:55,024] INFO: [PROTOCOL] ✅ 完整發送 269 bytes
[2025-11-11 09:53:55,130] INFO: [PROTOCOL] 準備發送 265 bytes
[2025-11-11 09:53:55,130] INFO: [PROTOCOL] 已發送 269/269 bytes
[2025-11-11 09:53:55,130] INFO: [PROTOCOL] ✅ 完整發送 269 bytes
[2025-11-11 09:53:55,130] INFO: [PROTOCOL] 準備發送 265 bytes
[2025-11-11 09:53:55,130] INFO: [PROTOCOL] 已發送 269/269 bytes
[2025-11-11 09:53:55,130] INFO: [PROTOCOL] ✅ 完整發送 269 bytes
[2025-11-11 09:53:55,131] INFO: [PROTOCOL] 準備發送 265 bytes
[2025-11-11 09:53:55,131] INFO: [PROTOCOL] 已發送 269/269 bytes
[2025-11-11 09:53:55,131] INFO: [PROTOCOL] ✅ 完整發送 269 bytes
[2025-11-11 09:53:55,131] INFO: [PROTOCOL] 準備發送 265 bytes
[2025-11-11 09:53:55,131] INFO: [PROTOCOL] 已發送 269/269 bytes
[2025-11-11 09:53:55,131] INFO: [PROTOCOL] ✅ 完整發送 269 bytes
[2025-11-11 09:53:55,236] INFO: [PROTOCOL] 準備發送 265 bytes
[2025-11-11 09:53:55,237] INFO: [PROTOCOL] 已發送 269/269 bytes
[2025-11-11 09:53:55,237] INFO: [PROTOCOL] ✅ 完整發送 269 bytes
[2025-11-11 09:53:55,237] INFO: [PROTOCOL] 準備發送 265 bytes
[2025-11-11 09:53:55,237] INFO: [PROTOCOL] 已發送 269/269 bytes
[2025-11-11 09:53:55,237] INFO: [PROTOCOL] ✅ 完整發送 269 bytes
[2025-11-11 09:53:55,237] INFO: [PROTOCOL] 準備發送 265 bytes
[2025-11-11 09:53:55,237] INFO: [PROTOCOL] 已發送 269/269 bytes
[2025-11-11 09:53:55,238] INFO: [PROTOCOL] ✅ 完整發送 269 bytes
[2025-11-11 09:53:55,238] INFO: [PROTOCOL] 準備發送 265 bytes
[2025-11-11 09:53:55,238] INFO: [PROTOCOL] 已發送 269/269 bytes
[2025-11-11 09:53:55,238] INFO: [PROTOCOL] ✅ 完整發送 269 bytes
[2025-11-11 09:53:55,343] INFO: [PROTOCOL] 準備發送 265 bytes
[2025-11-11 09:53:55,343] INFO: [PROTOCOL] 已發送 269/269 bytes
[2025-11-11 09:53:55,343] INFO: [PROTOCOL] ✅ 完整發送 269 bytes
[2025-11-11 09:53:55,344] INFO: [PROTOCOL] 準備發送 265 bytes
[2025-11-11 09:53:55,344] INFO: [PROTOCOL] 已發送 269/269 bytes
[2025-11-11 09:53:55,344] INFO: [PROTOCOL] ✅ 完整發送 269 bytes
[2025-11-11 09:53:55,344] INFO: [PROTOCOL] 準備發送 265 bytes
[2025-11-11 09:53:55,344] INFO: [PROTOCOL] 已發送 269/269 bytes
[2025-11-11 09:53:55,344] INFO: [PROTOCOL] ✅ 完整發送 269 bytes
[2025-11-11 09:53:55,344] INFO: [PROTOCOL] 準備發送 265 bytes
[2025-11-11 09:53:55,344] INFO: [PROTOCOL] 已發送 269/269 bytes
[2025-11-11 09:53:55,344] INFO: [PROTOCOL] ✅ 完整發送 269 bytes
[2025-11-11 09:53:55,450] INFO: [PROTOCOL] 準備發送 265 bytes
[2025-11-11 09:53:55,450] INFO: [PROTOCOL] 已發送 269/269 bytes
[2025-11-11 09:53:55,450] INFO: [PROTOCOL] ✅ 完整發送 269 bytes
[2025-11-11 09:53:55,450] INFO: [PROTOCOL] 準備發送 265 bytes
[2025-11-11 09:53:55,451] INFO: [PROTOCOL] 已發送 269/269 bytes
[2025-11-11 09:53:55,451] INFO: [PROTOCOL] ✅ 完整發送 269 bytes
[2025-11-11 09:53:55,451] INFO: [PROTOCOL] 準備發送 265 bytes
[2025-11-11 09:53:55,451] INFO: [PROTOCOL] 已發送 269/269 bytes
[2025-11-11 09:53:55,451] INFO: [PROTOCOL] ✅ 完整發送 269 bytes
[2025-11-11 09:53:55,451] INFO: [PROTOCOL] 準備發送 265 bytes
[2025-11-11 09:53:55,451] INFO: [PROTOCOL] 已發送 269/269 bytes
[2025-11-11 09:53:55,451] INFO: [PROTOCOL] ✅ 完整發送 269 bytes
[2025-11-11 09:53:55,555] INFO: [PROTOCOL] 準備發送 265 bytes
[2025-11-11 09:53:55,556] INFO: [PROTOCOL] 已發送 269/269 bytes
[2025-11-11 09:53:55,557] INFO: [PROTOCOL] ✅ 完整發送 269 bytes
[2025-11-11 09:53:55,557] INFO: [PROTOCOL] 準備發送 265 bytes
[2025-11-11 09:53:55,557] INFO: [PROTOCOL] 已發送 269/269 bytes
[2025-11-11 09:53:55,557] INFO: [PROTOCOL] ✅ 完整發送 269 bytes
[2025-11-11 09:53:55,557] INFO: [PROTOCOL] 準備發送 265 bytes
[2025-11-11 09:53:55,558] INFO: [PROTOCOL] 已發送 269/269 bytes
[2025-11-11 09:53:55,558] INFO: [PROTOCOL] ✅ 完整發送 269 bytes
[2025-11-11 09:53:55,558] INFO: [PROTOCOL] 準備發送 265 bytes
[2025-11-11 09:53:55,558] INFO: [PROTOCOL] 已發送 269/269 bytes
[2025-11-11 09:53:55,558] INFO: [PROTOCOL] ✅ 完整發送 269 bytes
[2025-11-11 09:53:55,662] INFO: [PROTOCOL] 準備發送 265 bytes
[2025-11-11 09:53:55,662] INFO: [PROTOCOL] 已發送 269/269 bytes
[2025-11-11 09:53:55,662] INFO: [PROTOCOL] ✅ 完整發送 269 bytes
[2025-11-11 09:53:55,663] INFO: [PROTOCOL] 準備發送 265 bytes
[2025-11-11 09:53:55,663] INFO: [PROTOCOL] 已發送 269/269 bytes
[2025-11-11 09:53:55,663] INFO: [PROTOCOL] ✅ 完整發送 269 bytes
[2025-11-11 09:53:55,663] INFO: [PROTOCOL] 準備發送 265 bytes
[2025-11-11 09:53:55,664] INFO: [PROTOCOL] 已發送 269/269 bytes
[2025-11-11 09:53:55,664] INFO: [PROTOCOL] ✅ 完整發送 269 bytes
[2025-11-11 09:53:55,664] INFO: [PROTOCOL] 準備發送 265 bytes
[2025-11-11 09:53:55,664] INFO: [PROTOCOL] 已發送 269/269 bytes
[2025-11-11 09:53:55,665] INFO: [PROTOCOL] ✅ 完整發送 269 bytes
[2025-11-11 09:53:55,767] ERROR: ❌ ProtocolError for 2: 接收失敗: [Errno 54] Connection reset by peer
[2025-11-11 09:53:55,768] WARNING: ⚠️ Player 2 disconnected during game!
[2025-11-11 09:53:55,768] INFO: [PROTOCOL] 準備發送 126 bytes
[2025-11-11 09:53:55,768] ERROR: [PROTOCOL] ❌ 發送訊息失敗: 發送失敗: [Errno 32] Broken pipe
[2025-11-11 09:53:55,769] INFO: [PROTOCOL] 準備發送 126 bytes
[2025-11-11 09:53:55,770] INFO: [PROTOCOL] 已發送 130/130 bytes
[2025-11-11 09:53:55,770] INFO: [PROTOCOL] ✅ 完整發送 130 bytes
[2025-11-11 09:53:55,770] INFO: 🎮 Game Over! Winner: None
[2025-11-11 09:53:55,770] INFO: 📊 Attempting to report game result to lobby: room=21, results={'P1': {'user_id': 1, 'score': 0, 'lines_cleared': 0}, 'P2': {'user_id': 2, 'score': 0, 'lines_cleared': 0}}
[2025-11-11 09:53:55,771] INFO: [PROTOCOL] 準備發送 158 bytes
[2025-11-11 09:53:55,771] INFO: 📡 Connecting to lobby server at localhost:10002...
[2025-11-11 09:53:55,771] ERROR: [PROTOCOL] ❌ 發送訊息失敗: 發送失敗: [Errno 32] Broken pipe
[2025-11-11 09:53:55,771] INFO: [PROTOCOL] 準備發送 158 bytes
[2025-11-11 09:53:55,771] INFO: [PROTOCOL] 已發送 162/162 bytes
[2025-11-11 09:53:55,771] INFO: [PROTOCOL] ✅ 完整發送 162 bytes
[2025-11-11 09:53:55,771] INFO: 📊 Attempting to report game result to lobby: room=21, results={'P2': {'user_id': 2, 'score': 0, 'lines_cleared': 0, 'max_combo': 0}, 'P1': {'user_id': 1, 'score': 0, 'lines_cleared': 0, 'max_combo': 0}}
[2025-11-11 09:53:55,771] INFO: 📡 Connecting to lobby server at localhost:10002...
[2025-11-11 09:53:55,775] INFO: ✅ Connected to lobby server
[2025-11-11 09:53:55,776] INFO: ✅ Connected to lobby server
[2025-11-11 09:53:55,776] INFO: 🏆 Winner: None
[2025-11-11 09:53:55,776] INFO: 🏆 Winner: None
[2025-11-11 09:53:55,776] INFO: 📤 Sending report: {'action': 'report_game_result', 'data': {'room_id': 21, 'winner': None, 'results': {'P2': {'user_id': 2, 'score': 0, 'lines_cleared': 0, 'max_combo': 0}, 'P1': {'user_id': 1, 'score': 0, 'lines_cleared': 0, 'max_combo': 0}}}}
[2025-11-11 09:53:55,776] INFO: [PROTOCOL] 準備發送 226 bytes
[2025-11-11 09:53:55,776] INFO: [PROTOCOL] 已發送 230/230 bytes
[2025-11-11 09:53:55,776] INFO: 📤 Sending report: {'action': 'report_game_result', 'data': {'room_id': 21, 'winner': None, 'results': {'P1': {'user_id': 1, 'score': 0, 'lines_cleared': 0}, 'P2': {'user_id': 2, 'score': 0, 'lines_cleared': 0}}}}
[2025-11-11 09:53:55,777] INFO: [PROTOCOL] ✅ 完整發送 230 bytes
[2025-11-11 09:53:55,777] INFO: ✅ Report sent, waiting for response...
[2025-11-11 09:53:55,777] INFO: [PROTOCOL] 準備發送 194 bytes
[2025-11-11 09:53:55,777] INFO: [PROTOCOL] 已發送 198/198 bytes
[2025-11-11 09:53:55,777] INFO: [PROTOCOL] ✅ 完整發送 198 bytes
[2025-11-11 09:53:55,777] INFO: ✅ Report sent, waiting for response...
[2025-11-11 09:53:56,020] INFO: 🔌 Player 1 input handler stopped
[2025-11-11 09:54:00,779] ERROR: ❌ Failed to report game result: 接收逾時
[2025-11-11 09:54:00,780] ERROR: ❌ Failed to report game result: 接收逾時
Traceback (most recent call last):
Traceback (most recent call last):
  File "/Users/ninachung/Documents/GitHub/Network_programming/game_server/../lobby_server/protocol.py", line 77, in recv_exact
    chunk = sock.recv(n - len(data))
            ^^^^^^^^^^^^^^^^^^^^^^^^
  File "/Users/ninachung/Documents/GitHub/Network_programming/game_server/../lobby_server/protocol.py", line 77, in recv_exact
    chunk = sock.recv(n - len(data))
            ^^^^^^^^^^^^^^^^^^^^^^^^
TimeoutError: timed out
ConnectionResetError: [Errno 54] Connection reset by peer

During handling of the above exception, another exception occurred:


During handling of the above exception, another exception occurred:

Traceback (most recent call last):
Traceback (most recent call last):
  File "/Users/ninachung/Documents/GitHub/Network_programming/game_server/game_server.py", line 607, in report_game_result
    response_str = recv_message(lobby_sock)
                   ^^^^^^^^^^^^^^^^^^^^^^^^
  File "/Users/ninachung/Documents/GitHub/Network_programming/game_server/game_server.py", line 316, in handle_player_input
    msg_str = recv_message(sock)
              ^^^^^^^^^^^^^^^^^^
  File "/Users/ninachung/Documents/GitHub/Network_programming/game_server/../lobby_server/protocol.py", line 103, in recv_message
    header = recv_exact(sock, 4)
             ^^^^^^^^^^^^^^^^^^^
  File "/Users/ninachung/Documents/GitHub/Network_programming/game_server/../lobby_server/protocol.py", line 103, in recv_message
    header = recv_exact(sock, 4)
             ^^^^^^^^^^^^^^^^^^^
  File "/Users/ninachung/Documents/GitHub/Network_programming/game_server/../lobby_server/protocol.py", line 82, in recv_exact
    raise ProtocolError("接收逾時")
  File "/Users/ninachung/Documents/GitHub/Network_programming/game_server/../lobby_server/protocol.py", line 84, in recv_exact
    raise ProtocolError(f"接收失敗: {e}")
lobby_server.protocol.ProtocolError: 接收逾時
lobby_server.protocol.ProtocolError: 接收失敗: [Errno 54] Connection reset by peer

During handling of the above exception, another exception occurred:

Traceback (most recent call last):
  File "/Users/ninachung/Documents/GitHub/Network_programming/game_server/../lobby_server/protocol.py", line 77, in recv_exact
    chunk = sock.recv(n - len(data))
            ^^^^^^^^^^^^^^^^^^^^^^^^
[2025-11-11 09:54:00,795] INFO: 📊 Final results: {'P2': {'user_id': 2, 'score': 0, 'lines_cleared': 0, 'max_combo': 0}, 'P1': {'user_id': 1, 'score': 0, 'lines_cleared': 0, 'max_combo': 0}}
TimeoutError: timed out

During handling of the above exception, another exception occurred:

Traceback (most recent call last):
  File "/Users/ninachung/Documents/GitHub/Network_programming/game_server/game_server.py", line 607, in report_game_result
    response_str = recv_message(lobby_sock)
                   ^^^^^^^^^^^^^^^^^^^^^^^^
  File "/Users/ninachung/Documents/GitHub/Network_programming/game_server/../lobby_server/protocol.py", line 103, in recv_message
    header = recv_exact(sock, 4)
             ^^^^^^^^^^^^^^^^^^^
  File "/Users/ninachung/Documents/GitHub/Network_programming/game_server/../lobby_server/protocol.py", line 82, in recv_exact
    raise ProtocolError("接收逾時")
lobby_server.protocol.ProtocolError: 接收逾時
[2025-11-11 09:54:00,795] INFO: 🏁 Game ended due to player 2 disconnection
[2025-11-11 09:54:00,795] INFO: 🔌 Player 2 input handler stopped
[2025-11-11 09:54:02,800] INFO: 🛑 Shutting down Game Server...
[2025-11-11 09:54:02,800] INFO: ✅ Game Server shut down
[2025-11-11 09:54:02,800] INFO: 🛑 Shutting down Game Server...
[2025-11-11 09:54:02,800] INFO: ✅ Game Server shut down
