[2025-11-10 16:07:05,149] INFO: ğŸ® Game Server started on port 10102
[2025-11-10 16:07:05,149] INFO:    Room: 2, Players: [1, 2]
[2025-11-10 16:07:05,149] INFO:    Seed: 1825433789
[2025-11-10 16:07:06,987] INFO: ğŸ“¥ Player 1 connected from ('127.0.0.1', 57264)
[2025-11-10 16:07:06,988] INFO: âœ… Player 1 (P1) ready
[2025-11-10 16:07:07,017] INFO: ğŸ“¥ Player 2 connected from ('127.0.0.1', 57265)
[2025-11-10 16:07:07,018] INFO: âœ… Player 2 (P2) ready
[2025-11-10 16:07:07,018] INFO: âœ… Both players connected, starting game...
[2025-11-10 16:07:07,018] INFO: ğŸ® Starting input handler for player 1
[2025-11-10 16:07:07,019] INFO: ğŸ® Starting input handler for player 2
[2025-11-10 16:07:15,486] ERROR: âŒ ProtocolError for 2: é€£ç·šå·²é—œé–‰ï¼ˆrecv å›å‚³ç©ºè³‡æ–™ï¼‰
[2025-11-10 16:07:15,487] WARNING: âš ï¸ Player 2 disconnected during game!
[2025-11-10 16:07:15,487] ERROR: âŒ Error handling input for 2: 'GameServer' object has no attribute 'player1_id'
Traceback (most recent call last):
  File "/Users/ninachung/Documents/GitHub/Network_programming/game_server/game_server.py", line 316, in handle_player_input
    msg_str = recv_message(sock)
              ^^^^^^^^^^^^^^^^^^
  File "/Users/ninachung/Documents/GitHub/Network_programming/game_server/../db_server/protocol.py", line 94, in recv_message
    header = recv_exact(sock, 4)
             ^^^^^^^^^^^^^^^^^^^
  File "/Users/ninachung/Documents/GitHub/Network_programming/game_server/../db_server/protocol.py", line 70, in recv_exact
    raise ProtocolError("é€£ç·šå·²é—œé–‰ï¼ˆrecv å›å‚³ç©ºè³‡æ–™ï¼‰")
db_server.protocol.ProtocolError: é€£ç·šå·²é—œé–‰ï¼ˆrecv å›å‚³ç©ºè³‡æ–™ï¼‰

During handling of the above exception, another exception occurred:

Traceback (most recent call last):
  File "/Users/ninachung/Documents/GitHub/Network_programming/game_server/game_server.py", line 346, in handle_player_input
    self.handle_player_disconnect(user_id)
  File "/Users/ninachung/Documents/GitHub/Network_programming/game_server/game_server.py", line 640, in handle_player_disconnect
    for role, player_info in [("P1", self.players.get(self.player1_id)), ("P2", self.players.get(self.player2_id))]:
                                                      ^^^^^^^^^^^^^^^
AttributeError: 'GameServer' object has no attribute 'player1_id'. Did you mean: 'player_ids'?
[2025-11-10 16:07:15,495] INFO: ğŸ”Œ Player 2 input handler stopped
[2025-11-10 16:07:15,549] INFO: ğŸ® Game Over! Winner: None
[2025-11-10 16:07:16,026] INFO: ğŸ”Œ Player 1 input handler stopped
[2025-11-10 16:09:11,077] INFO: ğŸ›‘ Shutting down Game Server...
[2025-11-10 16:09:11,078] INFO: âœ… Game Server shut down
[2025-11-10 16:09:11,079] INFO: 
âš ï¸ Interrupted
[2025-11-10 16:09:11,080] INFO: ğŸ›‘ Shutting down Game Server...
[2025-11-10 16:09:11,080] INFO: âœ… Game Server shut down
