[2025-11-11 09:18:41,442] INFO: 🎮 Game Server started on port 10102
[2025-11-11 09:18:41,443] INFO:    Room: 12, Players: [1, 2]
[2025-11-11 09:18:41,443] INFO:    Seed: 1887330082
[2025-11-11 09:18:46,010] INFO: 📥 Player 1 connected from ('127.0.0.1', 55276)
[2025-11-11 09:18:46,012] INFO: [PROTOCOL] 準備發送 121 bytes
[2025-11-11 09:18:46,012] INFO: [PROTOCOL] 已發送 125/125 bytes
[2025-11-11 09:18:46,012] INFO: [PROTOCOL] ✅ 完整發送 125 bytes
[2025-11-11 09:18:46,012] INFO: ✅ Player 2 (P2) ready
[2025-11-11 09:18:46,012] INFO: 📥 Player 2 connected from ('127.0.0.1', 55277)
[2025-11-11 09:18:46,013] INFO: [PROTOCOL] 準備發送 121 bytes
[2025-11-11 09:18:46,013] INFO: [PROTOCOL] 已發送 125/125 bytes
[2025-11-11 09:18:46,013] INFO: [PROTOCOL] ✅ 完整發送 125 bytes
[2025-11-11 09:18:46,013] INFO: ✅ Player 1 (P1) ready
[2025-11-11 09:18:46,013] INFO: ✅ Both players connected, starting game...
[2025-11-11 09:18:46,013] INFO: 🎮 Starting input handler for player 2
[2025-11-11 09:18:46,013] INFO: 🎮 Starting input handler for player 1
[2025-11-11 09:18:46,120] INFO: [PROTOCOL] 準備發送 262 bytes
[2025-11-11 09:18:46,120] INFO: [PROTOCOL] 已發送 266/266 bytes
[2025-11-11 09:18:46,121] INFO: [PROTOCOL] ✅ 完整發送 266 bytes
[2025-11-11 09:18:46,121] INFO: [PROTOCOL] 準備發送 262 bytes
[2025-11-11 09:18:46,121] INFO: [PROTOCOL] 已發送 266/266 bytes
[2025-11-11 09:18:46,121] INFO: [PROTOCOL] ✅ 完整發送 266 bytes
[2025-11-11 09:18:46,121] INFO: [PROTOCOL] 準備發送 262 bytes
[2025-11-11 09:18:46,122] INFO: [PROTOCOL] 已發送 266/266 bytes
[2025-11-11 09:18:46,122] INFO: [PROTOCOL] ✅ 完整發送 266 bytes
[2025-11-11 09:18:46,122] INFO: [PROTOCOL] 準備發送 262 bytes
[2025-11-11 09:18:46,122] INFO: [PROTOCOL] 已發送 266/266 bytes
[2025-11-11 09:18:46,122] INFO: [PROTOCOL] ✅ 完整發送 266 bytes
[2025-11-11 09:18:46,227] INFO: [PROTOCOL] 準備發送 262 bytes
[2025-11-11 09:18:46,227] INFO: [PROTOCOL] 已發送 266/266 bytes
[2025-11-11 09:18:46,228] INFO: [PROTOCOL] ✅ 完整發送 266 bytes
[2025-11-11 09:18:46,228] INFO: [PROTOCOL] 準備發送 262 bytes
[2025-11-11 09:18:46,228] INFO: [PROTOCOL] 已發送 266/266 bytes
[2025-11-11 09:18:46,228] INFO: [PROTOCOL] ✅ 完整發送 266 bytes
[2025-11-11 09:18:46,228] INFO: [PROTOCOL] 準備發送 262 bytes
[2025-11-11 09:18:46,228] INFO: [PROTOCOL] 已發送 266/266 bytes
[2025-11-11 09:18:46,228] INFO: [PROTOCOL] ✅ 完整發送 266 bytes
[2025-11-11 09:18:46,228] INFO: [PROTOCOL] 準備發送 262 bytes
[2025-11-11 09:18:46,228] INFO: [PROTOCOL] 已發送 266/266 bytes
[2025-11-11 09:18:46,228] INFO: [PROTOCOL] ✅ 完整發送 266 bytes
[2025-11-11 09:18:46,330] INFO: [PROTOCOL] 準備發送 262 bytes
[2025-11-11 09:18:46,330] INFO: [PROTOCOL] 已發送 266/266 bytes
[2025-11-11 09:18:46,330] INFO: [PROTOCOL] ✅ 完整發送 266 bytes
[2025-11-11 09:18:46,330] INFO: [PROTOCOL] 準備發送 262 bytes
[2025-11-11 09:18:46,330] INFO: [PROTOCOL] 已發送 266/266 bytes
[2025-11-11 09:18:46,330] INFO: [PROTOCOL] ✅ 完整發送 266 bytes
[2025-11-11 09:18:46,330] INFO: [PROTOCOL] 準備發送 262 bytes
[2025-11-11 09:18:46,330] INFO: [PROTOCOL] 已發送 266/266 bytes
[2025-11-11 09:18:46,330] INFO: [PROTOCOL] ✅ 完整發送 266 bytes
[2025-11-11 09:18:46,330] INFO: [PROTOCOL] 準備發送 262 bytes
[2025-11-11 09:18:46,330] INFO: [PROTOCOL] 已發送 266/266 bytes
[2025-11-11 09:18:46,330] INFO: [PROTOCOL] ✅ 完整發送 266 bytes
[2025-11-11 09:18:46,434] INFO: [PROTOCOL] 準備發送 262 bytes
[2025-11-11 09:18:46,435] INFO: [PROTOCOL] 已發送 266/266 bytes
[2025-11-11 09:18:46,435] INFO: [PROTOCOL] ✅ 完整發送 266 bytes
[2025-11-11 09:18:46,435] INFO: [PROTOCOL] 準備發送 262 bytes
[2025-11-11 09:18:46,435] INFO: [PROTOCOL] 已發送 266/266 bytes
[2025-11-11 09:18:46,435] INFO: [PROTOCOL] ✅ 完整發送 266 bytes
[2025-11-11 09:18:46,435] INFO: [PROTOCOL] 準備發送 262 bytes
[2025-11-11 09:18:46,435] INFO: [PROTOCOL] 已發送 266/266 bytes
[2025-11-11 09:18:46,435] INFO: [PROTOCOL] ✅ 完整發送 266 bytes
[2025-11-11 09:18:46,435] INFO: [PROTOCOL] 準備發送 262 bytes
[2025-11-11 09:18:46,435] INFO: [PROTOCOL] 已發送 266/266 bytes
[2025-11-11 09:18:46,435] INFO: [PROTOCOL] ✅ 完整發送 266 bytes
[2025-11-11 09:18:46,539] INFO: [PROTOCOL] 準備發送 263 bytes
[2025-11-11 09:18:46,540] INFO: [PROTOCOL] 已發送 267/267 bytes
[2025-11-11 09:18:46,540] INFO: [PROTOCOL] ✅ 完整發送 267 bytes
[2025-11-11 09:18:46,540] INFO: [PROTOCOL] 準備發送 263 bytes
[2025-11-11 09:18:46,540] INFO: [PROTOCOL] 已發送 267/267 bytes
[2025-11-11 09:18:46,540] INFO: [PROTOCOL] ✅ 完整發送 267 bytes
[2025-11-11 09:18:46,540] INFO: [PROTOCOL] 準備發送 263 bytes
[2025-11-11 09:18:46,540] INFO: [PROTOCOL] 已發送 267/267 bytes
[2025-11-11 09:18:46,540] INFO: [PROTOCOL] ✅ 完整發送 267 bytes
[2025-11-11 09:18:46,540] INFO: [PROTOCOL] 準備發送 263 bytes
[2025-11-11 09:18:46,540] INFO: [PROTOCOL] 已發送 267/267 bytes
[2025-11-11 09:18:46,540] INFO: [PROTOCOL] ✅ 完整發送 267 bytes
[2025-11-11 09:18:46,645] INFO: [PROTOCOL] 準備發送 263 bytes
[2025-11-11 09:18:46,645] INFO: [PROTOCOL] 已發送 267/267 bytes
[2025-11-11 09:18:46,645] INFO: [PROTOCOL] ✅ 完整發送 267 bytes
[2025-11-11 09:18:46,645] INFO: [PROTOCOL] 準備發送 263 bytes
[2025-11-11 09:18:46,645] INFO: [PROTOCOL] 已發送 267/267 bytes
[2025-11-11 09:18:46,645] INFO: [PROTOCOL] ✅ 完整發送 267 bytes
[2025-11-11 09:18:46,645] INFO: [PROTOCOL] 準備發送 263 bytes
[2025-11-11 09:18:46,645] INFO: [PROTOCOL] 已發送 267/267 bytes
[2025-11-11 09:18:46,645] INFO: [PROTOCOL] ✅ 完整發送 267 bytes
[2025-11-11 09:18:46,645] INFO: [PROTOCOL] 準備發送 263 bytes
[2025-11-11 09:18:46,645] INFO: [PROTOCOL] 已發送 267/267 bytes
[2025-11-11 09:18:46,646] INFO: [PROTOCOL] ✅ 完整發送 267 bytes
[2025-11-11 09:18:46,751] INFO: [PROTOCOL] 準備發送 263 bytes
[2025-11-11 09:18:46,751] INFO: [PROTOCOL] 已發送 267/267 bytes
[2025-11-11 09:18:46,751] INFO: [PROTOCOL] ✅ 完整發送 267 bytes
[2025-11-11 09:18:46,751] INFO: [PROTOCOL] 準備發送 263 bytes
[2025-11-11 09:18:46,751] INFO: [PROTOCOL] 已發送 267/267 bytes
[2025-11-11 09:18:46,751] INFO: [PROTOCOL] ✅ 完整發送 267 bytes
[2025-11-11 09:18:46,751] INFO: [PROTOCOL] 準備發送 263 bytes
[2025-11-11 09:18:46,751] INFO: [PROTOCOL] 已發送 267/267 bytes
[2025-11-11 09:18:46,751] INFO: [PROTOCOL] ✅ 完整發送 267 bytes
[2025-11-11 09:18:46,751] INFO: [PROTOCOL] 準備發送 263 bytes
[2025-11-11 09:18:46,751] INFO: [PROTOCOL] 已發送 267/267 bytes
[2025-11-11 09:18:46,751] INFO: [PROTOCOL] ✅ 完整發送 267 bytes
[2025-11-11 09:18:46,857] INFO: [PROTOCOL] 準備發送 263 bytes
[2025-11-11 09:18:46,857] INFO: [PROTOCOL] 已發送 267/267 bytes
[2025-11-11 09:18:46,858] INFO: [PROTOCOL] ✅ 完整發送 267 bytes
[2025-11-11 09:18:46,858] INFO: [PROTOCOL] 準備發送 263 bytes
[2025-11-11 09:18:46,858] INFO: [PROTOCOL] 已發送 267/267 bytes
[2025-11-11 09:18:46,858] INFO: [PROTOCOL] ✅ 完整發送 267 bytes
[2025-11-11 09:18:46,858] INFO: [PROTOCOL] 準備發送 263 bytes
[2025-11-11 09:18:46,858] INFO: [PROTOCOL] 已發送 267/267 bytes
[2025-11-11 09:18:46,858] INFO: [PROTOCOL] ✅ 完整發送 267 bytes
[2025-11-11 09:18:46,858] INFO: [PROTOCOL] 準備發送 263 bytes
[2025-11-11 09:18:46,858] INFO: [PROTOCOL] 已發送 267/267 bytes
[2025-11-11 09:18:46,858] INFO: [PROTOCOL] ✅ 完整發送 267 bytes
[2025-11-11 09:18:46,964] INFO: [PROTOCOL] 準備發送 263 bytes
[2025-11-11 09:18:46,964] INFO: [PROTOCOL] 已發送 267/267 bytes
[2025-11-11 09:18:46,964] INFO: [PROTOCOL] ✅ 完整發送 267 bytes
[2025-11-11 09:18:46,964] INFO: [PROTOCOL] 準備發送 263 bytes
[2025-11-11 09:18:46,964] INFO: [PROTOCOL] 已發送 267/267 bytes
[2025-11-11 09:18:46,964] INFO: [PROTOCOL] ✅ 完整發送 267 bytes
[2025-11-11 09:18:46,964] INFO: [PROTOCOL] 準備發送 263 bytes
[2025-11-11 09:18:46,964] INFO: [PROTOCOL] 已發送 267/267 bytes
[2025-11-11 09:18:46,964] INFO: [PROTOCOL] ✅ 完整發送 267 bytes
[2025-11-11 09:18:46,964] INFO: [PROTOCOL] 準備發送 263 bytes
[2025-11-11 09:18:46,964] INFO: [PROTOCOL] 已發送 267/267 bytes
[2025-11-11 09:18:46,964] INFO: [PROTOCOL] ✅ 完整發送 267 bytes
[2025-11-11 09:18:47,070] INFO: [PROTOCOL] 準備發送 264 bytes
[2025-11-11 09:18:47,070] INFO: [PROTOCOL] 已發送 268/268 bytes
[2025-11-11 09:18:47,070] INFO: [PROTOCOL] ✅ 完整發送 268 bytes
[2025-11-11 09:18:47,070] INFO: [PROTOCOL] 準備發送 264 bytes
[2025-11-11 09:18:47,070] INFO: [PROTOCOL] 已發送 268/268 bytes
[2025-11-11 09:18:47,070] INFO: [PROTOCOL] ✅ 完整發送 268 bytes
[2025-11-11 09:18:47,070] INFO: [PROTOCOL] 準備發送 264 bytes
[2025-11-11 09:18:47,071] INFO: [PROTOCOL] 已發送 268/268 bytes
[2025-11-11 09:18:47,071] INFO: [PROTOCOL] ✅ 完整發送 268 bytes
[2025-11-11 09:18:47,071] INFO: [PROTOCOL] 準備發送 264 bytes
[2025-11-11 09:18:47,071] INFO: [PROTOCOL] 已發送 268/268 bytes
[2025-11-11 09:18:47,071] INFO: [PROTOCOL] ✅ 完整發送 268 bytes
[2025-11-11 09:18:47,176] INFO: [PROTOCOL] 準備發送 264 bytes
[2025-11-11 09:18:47,176] INFO: [PROTOCOL] 已發送 268/268 bytes
[2025-11-11 09:18:47,176] INFO: [PROTOCOL] ✅ 完整發送 268 bytes
[2025-11-11 09:18:47,177] INFO: [PROTOCOL] 準備發送 264 bytes
[2025-11-11 09:18:47,177] INFO: [PROTOCOL] 已發送 268/268 bytes
[2025-11-11 09:18:47,177] INFO: [PROTOCOL] ✅ 完整發送 268 bytes
[2025-11-11 09:18:47,177] INFO: [PROTOCOL] 準備發送 264 bytes
[2025-11-11 09:18:47,177] INFO: [PROTOCOL] 已發送 268/268 bytes
[2025-11-11 09:18:47,177] INFO: [PROTOCOL] ✅ 完整發送 268 bytes
[2025-11-11 09:18:47,177] INFO: [PROTOCOL] 準備發送 264 bytes
[2025-11-11 09:18:47,177] INFO: [PROTOCOL] 已發送 268/268 bytes
[2025-11-11 09:18:47,177] INFO: [PROTOCOL] ✅ 完整發送 268 bytes
[2025-11-11 09:18:47,282] INFO: [PROTOCOL] 準備發送 264 bytes
[2025-11-11 09:18:47,282] INFO: [PROTOCOL] 已發送 268/268 bytes
[2025-11-11 09:18:47,282] INFO: [PROTOCOL] ✅ 完整發送 268 bytes
[2025-11-11 09:18:47,282] INFO: [PROTOCOL] 準備發送 264 bytes
[2025-11-11 09:18:47,282] INFO: [PROTOCOL] 已發送 268/268 bytes
[2025-11-11 09:18:47,282] INFO: [PROTOCOL] ✅ 完整發送 268 bytes
[2025-11-11 09:18:47,282] INFO: [PROTOCOL] 準備發送 264 bytes
[2025-11-11 09:18:47,282] INFO: [PROTOCOL] 已發送 268/268 bytes
[2025-11-11 09:18:47,282] INFO: [PROTOCOL] ✅ 完整發送 268 bytes
[2025-11-11 09:18:47,283] INFO: [PROTOCOL] 準備發送 264 bytes
[2025-11-11 09:18:47,283] INFO: [PROTOCOL] 已發送 268/268 bytes
[2025-11-11 09:18:47,283] INFO: [PROTOCOL] ✅ 完整發送 268 bytes
[2025-11-11 09:18:47,388] INFO: [PROTOCOL] 準備發送 264 bytes
[2025-11-11 09:18:47,388] INFO: [PROTOCOL] 已發送 268/268 bytes
[2025-11-11 09:18:47,388] INFO: [PROTOCOL] ✅ 完整發送 268 bytes
[2025-11-11 09:18:47,388] INFO: [PROTOCOL] 準備發送 264 bytes
[2025-11-11 09:18:47,388] INFO: [PROTOCOL] 已發送 268/268 bytes
[2025-11-11 09:18:47,388] INFO: [PROTOCOL] ✅ 完整發送 268 bytes
[2025-11-11 09:18:47,388] INFO: [PROTOCOL] 準備發送 264 bytes
[2025-11-11 09:18:47,388] INFO: [PROTOCOL] 已發送 268/268 bytes
[2025-11-11 09:18:47,388] INFO: [PROTOCOL] ✅ 完整發送 268 bytes
[2025-11-11 09:18:47,388] INFO: [PROTOCOL] 準備發送 264 bytes
[2025-11-11 09:18:47,388] INFO: [PROTOCOL] 已發送 268/268 bytes
[2025-11-11 09:18:47,388] INFO: [PROTOCOL] ✅ 完整發送 268 bytes
[2025-11-11 09:18:47,491] INFO: [PROTOCOL] 準備發送 264 bytes
[2025-11-11 09:18:47,492] INFO: [PROTOCOL] 已發送 268/268 bytes
[2025-11-11 09:18:47,492] INFO: [PROTOCOL] ✅ 完整發送 268 bytes
[2025-11-11 09:18:47,492] INFO: [PROTOCOL] 準備發送 264 bytes
[2025-11-11 09:18:47,492] INFO: [PROTOCOL] 已發送 268/268 bytes
[2025-11-11 09:18:47,492] INFO: [PROTOCOL] ✅ 完整發送 268 bytes
[2025-11-11 09:18:47,492] INFO: [PROTOCOL] 準備發送 264 bytes
[2025-11-11 09:18:47,492] INFO: [PROTOCOL] 已發送 268/268 bytes
[2025-11-11 09:18:47,492] INFO: [PROTOCOL] ✅ 完整發送 268 bytes
[2025-11-11 09:18:47,492] INFO: [PROTOCOL] 準備發送 264 bytes
[2025-11-11 09:18:47,492] INFO: [PROTOCOL] 已發送 268/268 bytes
[2025-11-11 09:18:47,492] INFO: [PROTOCOL] ✅ 完整發送 268 bytes
[2025-11-11 09:18:47,594] INFO: [PROTOCOL] 準備發送 264 bytes
[2025-11-11 09:18:47,594] INFO: [PROTOCOL] 已發送 268/268 bytes
[2025-11-11 09:18:47,594] INFO: [PROTOCOL] ✅ 完整發送 268 bytes
[2025-11-11 09:18:47,594] INFO: [PROTOCOL] 準備發送 264 bytes
[2025-11-11 09:18:47,594] INFO: [PROTOCOL] 已發送 268/268 bytes
[2025-11-11 09:18:47,595] INFO: [PROTOCOL] ✅ 完整發送 268 bytes
[2025-11-11 09:18:47,595] INFO: [PROTOCOL] 準備發送 264 bytes
[2025-11-11 09:18:47,595] INFO: [PROTOCOL] 已發送 268/268 bytes
[2025-11-11 09:18:47,595] INFO: [PROTOCOL] ✅ 完整發送 268 bytes
[2025-11-11 09:18:47,595] INFO: [PROTOCOL] 準備發送 264 bytes
[2025-11-11 09:18:47,595] INFO: [PROTOCOL] 已發送 268/268 bytes
[2025-11-11 09:18:47,595] INFO: [PROTOCOL] ✅ 完整發送 268 bytes
[2025-11-11 09:18:47,700] INFO: [PROTOCOL] 準備發送 264 bytes
[2025-11-11 09:18:47,700] INFO: [PROTOCOL] 已發送 268/268 bytes
[2025-11-11 09:18:47,700] INFO: [PROTOCOL] ✅ 完整發送 268 bytes
[2025-11-11 09:18:47,700] INFO: [PROTOCOL] 準備發送 264 bytes
[2025-11-11 09:18:47,700] INFO: [PROTOCOL] 已發送 268/268 bytes
[2025-11-11 09:18:47,700] INFO: [PROTOCOL] ✅ 完整發送 268 bytes
[2025-11-11 09:18:47,700] INFO: [PROTOCOL] 準備發送 264 bytes
[2025-11-11 09:18:47,700] INFO: [PROTOCOL] 已發送 268/268 bytes
[2025-11-11 09:18:47,700] INFO: [PROTOCOL] ✅ 完整發送 268 bytes
[2025-11-11 09:18:47,700] INFO: [PROTOCOL] 準備發送 264 bytes
[2025-11-11 09:18:47,700] INFO: [PROTOCOL] 已發送 268/268 bytes
[2025-11-11 09:18:47,700] INFO: [PROTOCOL] ✅ 完整發送 268 bytes
[2025-11-11 09:18:47,806] INFO: [PROTOCOL] 準備發送 264 bytes
[2025-11-11 09:18:47,806] INFO: [PROTOCOL] 已發送 268/268 bytes
[2025-11-11 09:18:47,806] INFO: [PROTOCOL] ✅ 完整發送 268 bytes
[2025-11-11 09:18:47,806] INFO: [PROTOCOL] 準備發送 264 bytes
[2025-11-11 09:18:47,806] INFO: [PROTOCOL] 已發送 268/268 bytes
[2025-11-11 09:18:47,806] INFO: [PROTOCOL] ✅ 完整發送 268 bytes
[2025-11-11 09:18:47,806] INFO: [PROTOCOL] 準備發送 264 bytes
[2025-11-11 09:18:47,807] INFO: [PROTOCOL] 已發送 268/268 bytes
[2025-11-11 09:18:47,807] INFO: [PROTOCOL] ✅ 完整發送 268 bytes
[2025-11-11 09:18:47,807] INFO: [PROTOCOL] 準備發送 264 bytes
[2025-11-11 09:18:47,807] INFO: [PROTOCOL] 已發送 268/268 bytes
[2025-11-11 09:18:47,807] INFO: [PROTOCOL] ✅ 完整發送 268 bytes
[2025-11-11 09:18:47,912] INFO: [PROTOCOL] 準備發送 264 bytes
[2025-11-11 09:18:47,913] INFO: [PROTOCOL] 已發送 268/268 bytes
[2025-11-11 09:18:47,913] INFO: [PROTOCOL] ✅ 完整發送 268 bytes
[2025-11-11 09:18:47,913] INFO: [PROTOCOL] 準備發送 264 bytes
[2025-11-11 09:18:47,913] INFO: [PROTOCOL] 已發送 268/268 bytes
[2025-11-11 09:18:47,914] INFO: [PROTOCOL] ✅ 完整發送 268 bytes
[2025-11-11 09:18:47,914] INFO: [PROTOCOL] 準備發送 264 bytes
[2025-11-11 09:18:47,916] INFO: [PROTOCOL] 已發送 268/268 bytes
[2025-11-11 09:18:47,916] INFO: [PROTOCOL] ✅ 完整發送 268 bytes
[2025-11-11 09:18:47,916] INFO: [PROTOCOL] 準備發送 264 bytes
[2025-11-11 09:18:47,916] INFO: [PROTOCOL] 已發送 268/268 bytes
[2025-11-11 09:18:47,917] INFO: [PROTOCOL] ✅ 完整發送 268 bytes
[2025-11-11 09:18:48,022] INFO: [PROTOCOL] 準備發送 264 bytes
[2025-11-11 09:18:48,022] INFO: [PROTOCOL] 已發送 268/268 bytes
[2025-11-11 09:18:48,022] INFO: [PROTOCOL] ✅ 完整發送 268 bytes
[2025-11-11 09:18:48,022] INFO: [PROTOCOL] 準備發送 264 bytes
[2025-11-11 09:18:48,022] INFO: [PROTOCOL] 已發送 268/268 bytes
[2025-11-11 09:18:48,023] INFO: [PROTOCOL] ✅ 完整發送 268 bytes
[2025-11-11 09:18:48,023] INFO: [PROTOCOL] 準備發送 264 bytes
[2025-11-11 09:18:48,023] INFO: [PROTOCOL] 已發送 268/268 bytes
[2025-11-11 09:18:48,023] INFO: [PROTOCOL] ✅ 完整發送 268 bytes
[2025-11-11 09:18:48,023] INFO: [PROTOCOL] 準備發送 264 bytes
[2025-11-11 09:18:48,023] INFO: [PROTOCOL] 已發送 268/268 bytes
[2025-11-11 09:18:48,023] INFO: [PROTOCOL] ✅ 完整發送 268 bytes
[2025-11-11 09:18:48,127] INFO: [PROTOCOL] 準備發送 264 bytes
[2025-11-11 09:18:48,127] INFO: [PROTOCOL] 已發送 268/268 bytes
[2025-11-11 09:18:48,127] INFO: [PROTOCOL] ✅ 完整發送 268 bytes
[2025-11-11 09:18:48,127] INFO: [PROTOCOL] 準備發送 264 bytes
[2025-11-11 09:18:48,127] INFO: [PROTOCOL] 已發送 268/268 bytes
[2025-11-11 09:18:48,127] INFO: [PROTOCOL] ✅ 完整發送 268 bytes
[2025-11-11 09:18:48,127] INFO: [PROTOCOL] 準備發送 264 bytes
[2025-11-11 09:18:48,127] INFO: [PROTOCOL] 已發送 268/268 bytes
[2025-11-11 09:18:48,127] INFO: [PROTOCOL] ✅ 完整發送 268 bytes
[2025-11-11 09:18:48,127] INFO: [PROTOCOL] 準備發送 264 bytes
[2025-11-11 09:18:48,128] INFO: [PROTOCOL] 已發送 268/268 bytes
[2025-11-11 09:18:48,128] INFO: [PROTOCOL] ✅ 完整發送 268 bytes
[2025-11-11 09:18:48,233] INFO: [PROTOCOL] 準備發送 264 bytes
[2025-11-11 09:18:48,233] INFO: [PROTOCOL] 已發送 268/268 bytes
[2025-11-11 09:18:48,233] INFO: [PROTOCOL] ✅ 完整發送 268 bytes
[2025-11-11 09:18:48,233] INFO: [PROTOCOL] 準備發送 264 bytes
[2025-11-11 09:18:48,233] INFO: [PROTOCOL] 已發送 268/268 bytes
[2025-11-11 09:18:48,233] INFO: [PROTOCOL] ✅ 完整發送 268 bytes
[2025-11-11 09:18:48,233] INFO: [PROTOCOL] 準備發送 264 bytes
[2025-11-11 09:18:48,233] INFO: [PROTOCOL] 已發送 268/268 bytes
[2025-11-11 09:18:48,233] INFO: [PROTOCOL] ✅ 完整發送 268 bytes
[2025-11-11 09:18:48,233] INFO: [PROTOCOL] 準備發送 264 bytes
[2025-11-11 09:18:48,233] INFO: [PROTOCOL] 已發送 268/268 bytes
[2025-11-11 09:18:48,233] INFO: [PROTOCOL] ✅ 完整發送 268 bytes
[2025-11-11 09:18:48,338] INFO: [PROTOCOL] 準備發送 264 bytes
[2025-11-11 09:18:48,339] INFO: [PROTOCOL] 已發送 268/268 bytes
[2025-11-11 09:18:48,339] INFO: [PROTOCOL] ✅ 完整發送 268 bytes
[2025-11-11 09:18:48,339] INFO: [PROTOCOL] 準備發送 264 bytes
[2025-11-11 09:18:48,339] INFO: [PROTOCOL] 已發送 268/268 bytes
[2025-11-11 09:18:48,339] INFO: [PROTOCOL] ✅ 完整發送 268 bytes
[2025-11-11 09:18:48,339] INFO: [PROTOCOL] 準備發送 264 bytes
[2025-11-11 09:18:48,339] INFO: [PROTOCOL] 已發送 268/268 bytes
[2025-11-11 09:18:48,339] INFO: [PROTOCOL] ✅ 完整發送 268 bytes
[2025-11-11 09:18:48,339] INFO: [PROTOCOL] 準備發送 264 bytes
[2025-11-11 09:18:48,339] INFO: [PROTOCOL] 已發送 268/268 bytes
[2025-11-11 09:18:48,339] INFO: [PROTOCOL] ✅ 完整發送 268 bytes
[2025-11-11 09:18:48,444] INFO: [PROTOCOL] 準備發送 264 bytes
[2025-11-11 09:18:48,444] INFO: [PROTOCOL] 已發送 268/268 bytes
[2025-11-11 09:18:48,444] INFO: [PROTOCOL] ✅ 完整發送 268 bytes
[2025-11-11 09:18:48,444] INFO: [PROTOCOL] 準備發送 264 bytes
[2025-11-11 09:18:48,444] INFO: [PROTOCOL] 已發送 268/268 bytes
[2025-11-11 09:18:48,444] INFO: [PROTOCOL] ✅ 完整發送 268 bytes
[2025-11-11 09:18:48,445] INFO: [PROTOCOL] 準備發送 264 bytes
[2025-11-11 09:18:48,445] INFO: [PROTOCOL] 已發送 268/268 bytes
[2025-11-11 09:18:48,445] INFO: [PROTOCOL] ✅ 完整發送 268 bytes
[2025-11-11 09:18:48,445] INFO: [PROTOCOL] 準備發送 264 bytes
[2025-11-11 09:18:48,445] INFO: [PROTOCOL] 已發送 268/268 bytes
[2025-11-11 09:18:48,445] INFO: [PROTOCOL] ✅ 完整發送 268 bytes
[2025-11-11 09:18:48,550] INFO: [PROTOCOL] 準備發送 264 bytes
[2025-11-11 09:18:48,550] INFO: [PROTOCOL] 已發送 268/268 bytes
[2025-11-11 09:18:48,551] INFO: [PROTOCOL] ✅ 完整發送 268 bytes
[2025-11-11 09:18:48,551] INFO: [PROTOCOL] 準備發送 264 bytes
[2025-11-11 09:18:48,551] INFO: [PROTOCOL] 已發送 268/268 bytes
[2025-11-11 09:18:48,551] INFO: [PROTOCOL] ✅ 完整發送 268 bytes
[2025-11-11 09:18:48,551] INFO: [PROTOCOL] 準備發送 264 bytes
[2025-11-11 09:18:48,551] INFO: [PROTOCOL] 已發送 268/268 bytes
[2025-11-11 09:18:48,551] INFO: [PROTOCOL] ✅ 完整發送 268 bytes
[2025-11-11 09:18:48,551] INFO: [PROTOCOL] 準備發送 264 bytes
[2025-11-11 09:18:48,551] INFO: [PROTOCOL] 已發送 268/268 bytes
[2025-11-11 09:18:48,551] INFO: [PROTOCOL] ✅ 完整發送 268 bytes
[2025-11-11 09:18:48,655] INFO: [PROTOCOL] 準備發送 264 bytes
[2025-11-11 09:18:48,655] INFO: [PROTOCOL] 已發送 268/268 bytes
[2025-11-11 09:18:48,655] INFO: [PROTOCOL] ✅ 完整發送 268 bytes
[2025-11-11 09:18:48,655] INFO: [PROTOCOL] 準備發送 264 bytes
[2025-11-11 09:18:48,655] INFO: [PROTOCOL] 已發送 268/268 bytes
[2025-11-11 09:18:48,655] INFO: [PROTOCOL] ✅ 完整發送 268 bytes
[2025-11-11 09:18:48,655] INFO: [PROTOCOL] 準備發送 264 bytes
[2025-11-11 09:18:48,655] INFO: [PROTOCOL] 已發送 268/268 bytes
[2025-11-11 09:18:48,655] INFO: [PROTOCOL] ✅ 完整發送 268 bytes
[2025-11-11 09:18:48,655] INFO: [PROTOCOL] 準備發送 264 bytes
[2025-11-11 09:18:48,655] INFO: [PROTOCOL] 已發送 268/268 bytes
[2025-11-11 09:18:48,655] INFO: [PROTOCOL] ✅ 完整發送 268 bytes
[2025-11-11 09:18:48,761] INFO: [PROTOCOL] 準備發送 264 bytes
[2025-11-11 09:18:48,761] INFO: [PROTOCOL] 已發送 268/268 bytes
[2025-11-11 09:18:48,761] INFO: [PROTOCOL] ✅ 完整發送 268 bytes
[2025-11-11 09:18:48,761] INFO: [PROTOCOL] 準備發送 264 bytes
[2025-11-11 09:18:48,761] INFO: [PROTOCOL] 已發送 268/268 bytes
[2025-11-11 09:18:48,761] INFO: [PROTOCOL] ✅ 完整發送 268 bytes
[2025-11-11 09:18:48,761] INFO: [PROTOCOL] 準備發送 264 bytes
[2025-11-11 09:18:48,761] INFO: [PROTOCOL] 已發送 268/268 bytes
[2025-11-11 09:18:48,761] INFO: [PROTOCOL] ✅ 完整發送 268 bytes
[2025-11-11 09:18:48,761] INFO: [PROTOCOL] 準備發送 264 bytes
[2025-11-11 09:18:48,761] INFO: [PROTOCOL] 已發送 268/268 bytes
[2025-11-11 09:18:48,761] INFO: [PROTOCOL] ✅ 完整發送 268 bytes
[2025-11-11 09:18:48,866] INFO: [PROTOCOL] 準備發送 264 bytes
[2025-11-11 09:18:48,867] INFO: [PROTOCOL] 已發送 268/268 bytes
[2025-11-11 09:18:48,867] INFO: [PROTOCOL] ✅ 完整發送 268 bytes
[2025-11-11 09:18:48,867] INFO: [PROTOCOL] 準備發送 264 bytes
[2025-11-11 09:18:48,868] INFO: [PROTOCOL] 已發送 268/268 bytes
[2025-11-11 09:18:48,868] INFO: [PROTOCOL] ✅ 完整發送 268 bytes
[2025-11-11 09:18:48,868] INFO: [PROTOCOL] 準備發送 264 bytes
[2025-11-11 09:18:48,868] INFO: [PROTOCOL] 已發送 268/268 bytes
[2025-11-11 09:18:48,868] INFO: [PROTOCOL] ✅ 完整發送 268 bytes
[2025-11-11 09:18:48,868] INFO: [PROTOCOL] 準備發送 264 bytes
[2025-11-11 09:18:48,868] INFO: [PROTOCOL] 已發送 268/268 bytes
[2025-11-11 09:18:48,868] INFO: [PROTOCOL] ✅ 完整發送 268 bytes
[2025-11-11 09:18:48,970] INFO: [PROTOCOL] 準備發送 264 bytes
[2025-11-11 09:18:48,970] INFO: [PROTOCOL] 已發送 268/268 bytes
[2025-11-11 09:18:48,970] INFO: [PROTOCOL] ✅ 完整發送 268 bytes
[2025-11-11 09:18:48,970] INFO: [PROTOCOL] 準備發送 264 bytes
[2025-11-11 09:18:48,970] INFO: [PROTOCOL] 已發送 268/268 bytes
[2025-11-11 09:18:48,970] INFO: [PROTOCOL] ✅ 完整發送 268 bytes
[2025-11-11 09:18:48,970] INFO: [PROTOCOL] 準備發送 264 bytes
[2025-11-11 09:18:48,970] INFO: [PROTOCOL] 已發送 268/268 bytes
[2025-11-11 09:18:48,970] INFO: [PROTOCOL] ✅ 完整發送 268 bytes
[2025-11-11 09:18:48,970] INFO: [PROTOCOL] 準備發送 264 bytes
[2025-11-11 09:18:48,970] INFO: [PROTOCOL] 已發送 268/268 bytes
[2025-11-11 09:18:48,970] INFO: [PROTOCOL] ✅ 完整發送 268 bytes
[2025-11-11 09:18:49,075] INFO: [PROTOCOL] 準備發送 264 bytes
[2025-11-11 09:18:49,076] INFO: [PROTOCOL] 已發送 268/268 bytes
[2025-11-11 09:18:49,076] INFO: [PROTOCOL] ✅ 完整發送 268 bytes
[2025-11-11 09:18:49,076] INFO: [PROTOCOL] 準備發送 264 bytes
[2025-11-11 09:18:49,076] INFO: [PROTOCOL] 已發送 268/268 bytes
[2025-11-11 09:18:49,076] INFO: [PROTOCOL] ✅ 完整發送 268 bytes
[2025-11-11 09:18:49,076] INFO: [PROTOCOL] 準備發送 264 bytes
[2025-11-11 09:18:49,076] INFO: [PROTOCOL] 已發送 268/268 bytes
[2025-11-11 09:18:49,076] INFO: [PROTOCOL] ✅ 完整發送 268 bytes
[2025-11-11 09:18:49,076] INFO: [PROTOCOL] 準備發送 264 bytes
[2025-11-11 09:18:49,076] INFO: [PROTOCOL] 已發送 268/268 bytes
[2025-11-11 09:18:49,076] INFO: [PROTOCOL] ✅ 完整發送 268 bytes
[2025-11-11 09:18:49,178] INFO: [PROTOCOL] 準備發送 264 bytes
[2025-11-11 09:18:49,179] INFO: [PROTOCOL] 已發送 268/268 bytes
[2025-11-11 09:18:49,179] INFO: [PROTOCOL] ✅ 完整發送 268 bytes
[2025-11-11 09:18:49,179] INFO: [PROTOCOL] 準備發送 264 bytes
[2025-11-11 09:18:49,179] INFO: [PROTOCOL] 已發送 268/268 bytes
[2025-11-11 09:18:49,179] INFO: [PROTOCOL] ✅ 完整發送 268 bytes
[2025-11-11 09:18:49,179] INFO: [PROTOCOL] 準備發送 264 bytes
[2025-11-11 09:18:49,179] INFO: [PROTOCOL] 已發送 268/268 bytes
[2025-11-11 09:18:49,179] INFO: [PROTOCOL] ✅ 完整發送 268 bytes
[2025-11-11 09:18:49,179] INFO: [PROTOCOL] 準備發送 264 bytes
[2025-11-11 09:18:49,179] INFO: [PROTOCOL] 已發送 268/268 bytes
[2025-11-11 09:18:49,179] INFO: [PROTOCOL] ✅ 完整發送 268 bytes
[2025-11-11 09:18:49,282] INFO: [PROTOCOL] 準備發送 264 bytes
[2025-11-11 09:18:49,282] INFO: [PROTOCOL] 已發送 268/268 bytes
[2025-11-11 09:18:49,282] INFO: [PROTOCOL] ✅ 完整發送 268 bytes
[2025-11-11 09:18:49,282] INFO: [PROTOCOL] 準備發送 264 bytes
[2025-11-11 09:18:49,282] INFO: [PROTOCOL] 已發送 268/268 bytes
[2025-11-11 09:18:49,282] INFO: [PROTOCOL] ✅ 完整發送 268 bytes
[2025-11-11 09:18:49,282] INFO: [PROTOCOL] 準備發送 264 bytes
[2025-11-11 09:18:49,282] INFO: [PROTOCOL] 已發送 268/268 bytes
[2025-11-11 09:18:49,283] INFO: [PROTOCOL] ✅ 完整發送 268 bytes
[2025-11-11 09:18:49,283] INFO: [PROTOCOL] 準備發送 264 bytes
[2025-11-11 09:18:49,283] INFO: [PROTOCOL] 已發送 268/268 bytes
[2025-11-11 09:18:49,283] INFO: [PROTOCOL] ✅ 完整發送 268 bytes
[2025-11-11 09:18:49,388] INFO: [PROTOCOL] 準備發送 264 bytes
[2025-11-11 09:18:49,388] INFO: [PROTOCOL] 已發送 268/268 bytes
[2025-11-11 09:18:49,388] INFO: [PROTOCOL] ✅ 完整發送 268 bytes
[2025-11-11 09:18:49,388] INFO: [PROTOCOL] 準備發送 264 bytes
[2025-11-11 09:18:49,388] INFO: [PROTOCOL] 已發送 268/268 bytes
[2025-11-11 09:18:49,388] INFO: [PROTOCOL] ✅ 完整發送 268 bytes
[2025-11-11 09:18:49,388] INFO: [PROTOCOL] 準備發送 264 bytes
[2025-11-11 09:18:49,388] INFO: [PROTOCOL] 已發送 268/268 bytes
[2025-11-11 09:18:49,388] INFO: [PROTOCOL] ✅ 完整發送 268 bytes
[2025-11-11 09:18:49,388] INFO: [PROTOCOL] 準備發送 264 bytes
[2025-11-11 09:18:49,388] INFO: [PROTOCOL] 已發送 268/268 bytes
[2025-11-11 09:18:49,388] INFO: [PROTOCOL] ✅ 完整發送 268 bytes
[2025-11-11 09:18:49,494] INFO: [PROTOCOL] 準備發送 264 bytes
[2025-11-11 09:18:49,494] INFO: [PROTOCOL] 已發送 268/268 bytes
[2025-11-11 09:18:49,494] INFO: [PROTOCOL] ✅ 完整發送 268 bytes
[2025-11-11 09:18:49,494] INFO: [PROTOCOL] 準備發送 264 bytes
[2025-11-11 09:18:49,494] INFO: [PROTOCOL] 已發送 268/268 bytes
[2025-11-11 09:18:49,494] INFO: [PROTOCOL] ✅ 完整發送 268 bytes
[2025-11-11 09:18:49,494] INFO: [PROTOCOL] 準備發送 264 bytes
[2025-11-11 09:18:49,494] INFO: [PROTOCOL] 已發送 268/268 bytes
[2025-11-11 09:18:49,494] INFO: [PROTOCOL] ✅ 完整發送 268 bytes
[2025-11-11 09:18:49,494] INFO: [PROTOCOL] 準備發送 264 bytes
[2025-11-11 09:18:49,494] INFO: [PROTOCOL] 已發送 268/268 bytes
[2025-11-11 09:18:49,494] INFO: [PROTOCOL] ✅ 完整發送 268 bytes
[2025-11-11 09:18:49,598] INFO: [PROTOCOL] 準備發送 264 bytes
[2025-11-11 09:18:49,598] INFO: [PROTOCOL] 已發送 268/268 bytes
[2025-11-11 09:18:49,598] INFO: [PROTOCOL] ✅ 完整發送 268 bytes
[2025-11-11 09:18:49,598] INFO: [PROTOCOL] 準備發送 264 bytes
[2025-11-11 09:18:49,598] INFO: [PROTOCOL] 已發送 268/268 bytes
[2025-11-11 09:18:49,598] INFO: [PROTOCOL] ✅ 完整發送 268 bytes
[2025-11-11 09:18:49,598] INFO: [PROTOCOL] 準備發送 264 bytes
[2025-11-11 09:18:49,598] INFO: [PROTOCOL] 已發送 268/268 bytes
[2025-11-11 09:18:49,598] INFO: [PROTOCOL] ✅ 完整發送 268 bytes
[2025-11-11 09:18:49,598] INFO: [PROTOCOL] 準備發送 264 bytes
[2025-11-11 09:18:49,599] INFO: [PROTOCOL] 已發送 268/268 bytes
[2025-11-11 09:18:49,599] INFO: [PROTOCOL] ✅ 完整發送 268 bytes
[2025-11-11 09:18:49,704] INFO: [PROTOCOL] 準備發送 264 bytes
[2025-11-11 09:18:49,704] INFO: [PROTOCOL] 已發送 268/268 bytes
[2025-11-11 09:18:49,704] INFO: [PROTOCOL] ✅ 完整發送 268 bytes
[2025-11-11 09:18:49,704] INFO: [PROTOCOL] 準備發送 264 bytes
[2025-11-11 09:18:49,704] INFO: [PROTOCOL] 已發送 268/268 bytes
[2025-11-11 09:18:49,704] INFO: [PROTOCOL] ✅ 完整發送 268 bytes
[2025-11-11 09:18:49,704] INFO: [PROTOCOL] 準備發送 264 bytes
[2025-11-11 09:18:49,705] INFO: [PROTOCOL] 已發送 268/268 bytes
[2025-11-11 09:18:49,705] INFO: [PROTOCOL] ✅ 完整發送 268 bytes
[2025-11-11 09:18:49,705] INFO: [PROTOCOL] 準備發送 264 bytes
[2025-11-11 09:18:49,705] INFO: [PROTOCOL] 已發送 268/268 bytes
[2025-11-11 09:18:49,705] INFO: [PROTOCOL] ✅ 完整發送 268 bytes
[2025-11-11 09:18:49,807] INFO: [PROTOCOL] 準備發送 264 bytes
[2025-11-11 09:18:49,807] INFO: [PROTOCOL] 已發送 268/268 bytes
[2025-11-11 09:18:49,807] INFO: [PROTOCOL] ✅ 完整發送 268 bytes
[2025-11-11 09:18:49,808] INFO: [PROTOCOL] 準備發送 264 bytes
[2025-11-11 09:18:49,808] INFO: [PROTOCOL] 已發送 268/268 bytes
[2025-11-11 09:18:49,808] INFO: [PROTOCOL] ✅ 完整發送 268 bytes
[2025-11-11 09:18:49,808] INFO: [PROTOCOL] 準備發送 264 bytes
[2025-11-11 09:18:49,808] INFO: [PROTOCOL] 已發送 268/268 bytes
[2025-11-11 09:18:49,808] INFO: [PROTOCOL] ✅ 完整發送 268 bytes
[2025-11-11 09:18:49,808] INFO: [PROTOCOL] 準備發送 264 bytes
[2025-11-11 09:18:49,808] INFO: [PROTOCOL] 已發送 268/268 bytes
[2025-11-11 09:18:49,808] INFO: [PROTOCOL] ✅ 完整發送 268 bytes
[2025-11-11 09:18:49,915] INFO: [PROTOCOL] 準備發送 264 bytes
[2025-11-11 09:18:49,916] INFO: [PROTOCOL] 已發送 268/268 bytes
[2025-11-11 09:18:49,916] INFO: [PROTOCOL] ✅ 完整發送 268 bytes
[2025-11-11 09:18:49,916] INFO: [PROTOCOL] 準備發送 264 bytes
[2025-11-11 09:18:49,916] INFO: [PROTOCOL] 已發送 268/268 bytes
[2025-11-11 09:18:49,916] INFO: [PROTOCOL] ✅ 完整發送 268 bytes
[2025-11-11 09:18:49,917] INFO: [PROTOCOL] 準備發送 264 bytes
[2025-11-11 09:18:49,917] INFO: [PROTOCOL] 已發送 268/268 bytes
[2025-11-11 09:18:49,917] INFO: [PROTOCOL] ✅ 完整發送 268 bytes
[2025-11-11 09:18:49,917] INFO: [PROTOCOL] 準備發送 264 bytes
[2025-11-11 09:18:49,917] INFO: [PROTOCOL] 已發送 268/268 bytes
[2025-11-11 09:18:49,917] INFO: [PROTOCOL] ✅ 完整發送 268 bytes
[2025-11-11 09:18:50,022] INFO: [PROTOCOL] 準備發送 264 bytes
[2025-11-11 09:18:50,022] INFO: [PROTOCOL] 已發送 268/268 bytes
[2025-11-11 09:18:50,022] INFO: [PROTOCOL] ✅ 完整發送 268 bytes
[2025-11-11 09:18:50,022] INFO: [PROTOCOL] 準備發送 264 bytes
[2025-11-11 09:18:50,022] INFO: [PROTOCOL] 已發送 268/268 bytes
[2025-11-11 09:18:50,022] INFO: [PROTOCOL] ✅ 完整發送 268 bytes
[2025-11-11 09:18:50,022] INFO: [PROTOCOL] 準備發送 264 bytes
[2025-11-11 09:18:50,023] INFO: [PROTOCOL] 已發送 268/268 bytes
[2025-11-11 09:18:50,023] INFO: [PROTOCOL] ✅ 完整發送 268 bytes
[2025-11-11 09:18:50,023] INFO: [PROTOCOL] 準備發送 264 bytes
[2025-11-11 09:18:50,023] INFO: [PROTOCOL] 已發送 268/268 bytes
[2025-11-11 09:18:50,023] INFO: [PROTOCOL] ✅ 完整發送 268 bytes
[2025-11-11 09:18:50,128] INFO: [PROTOCOL] 準備發送 264 bytes
[2025-11-11 09:18:50,128] INFO: [PROTOCOL] 已發送 268/268 bytes
[2025-11-11 09:18:50,128] INFO: [PROTOCOL] ✅ 完整發送 268 bytes
[2025-11-11 09:18:50,128] INFO: [PROTOCOL] 準備發送 264 bytes
[2025-11-11 09:18:50,129] INFO: [PROTOCOL] 已發送 268/268 bytes
[2025-11-11 09:18:50,129] INFO: [PROTOCOL] ✅ 完整發送 268 bytes
[2025-11-11 09:18:50,129] INFO: [PROTOCOL] 準備發送 264 bytes
[2025-11-11 09:18:50,129] INFO: [PROTOCOL] 已發送 268/268 bytes
[2025-11-11 09:18:50,129] INFO: [PROTOCOL] ✅ 完整發送 268 bytes
[2025-11-11 09:18:50,130] INFO: [PROTOCOL] 準備發送 264 bytes
[2025-11-11 09:18:50,130] INFO: [PROTOCOL] 已發送 268/268 bytes
[2025-11-11 09:18:50,130] INFO: [PROTOCOL] ✅ 完整發送 268 bytes
[2025-11-11 09:18:50,232] INFO: [PROTOCOL] 準備發送 264 bytes
[2025-11-11 09:18:50,233] INFO: [PROTOCOL] 已發送 268/268 bytes
[2025-11-11 09:18:50,233] INFO: [PROTOCOL] ✅ 完整發送 268 bytes
[2025-11-11 09:18:50,233] INFO: [PROTOCOL] 準備發送 264 bytes
[2025-11-11 09:18:50,233] INFO: [PROTOCOL] 已發送 268/268 bytes
[2025-11-11 09:18:50,233] INFO: [PROTOCOL] ✅ 完整發送 268 bytes
[2025-11-11 09:18:50,233] INFO: [PROTOCOL] 準備發送 264 bytes
[2025-11-11 09:18:50,233] INFO: [PROTOCOL] 已發送 268/268 bytes
[2025-11-11 09:18:50,233] INFO: [PROTOCOL] ✅ 完整發送 268 bytes
[2025-11-11 09:18:50,233] INFO: [PROTOCOL] 準備發送 264 bytes
[2025-11-11 09:18:50,233] INFO: [PROTOCOL] 已發送 268/268 bytes
[2025-11-11 09:18:50,233] INFO: [PROTOCOL] ✅ 完整發送 268 bytes
[2025-11-11 09:18:50,338] INFO: [PROTOCOL] 準備發送 264 bytes
[2025-11-11 09:18:50,338] INFO: [PROTOCOL] 已發送 268/268 bytes
[2025-11-11 09:18:50,338] INFO: [PROTOCOL] ✅ 完整發送 268 bytes
[2025-11-11 09:18:50,338] INFO: [PROTOCOL] 準備發送 264 bytes
[2025-11-11 09:18:50,338] INFO: [PROTOCOL] 已發送 268/268 bytes
[2025-11-11 09:18:50,338] INFO: [PROTOCOL] ✅ 完整發送 268 bytes
[2025-11-11 09:18:50,338] INFO: [PROTOCOL] 準備發送 264 bytes
[2025-11-11 09:18:50,338] INFO: [PROTOCOL] 已發送 268/268 bytes
[2025-11-11 09:18:50,338] INFO: [PROTOCOL] ✅ 完整發送 268 bytes
[2025-11-11 09:18:50,339] INFO: [PROTOCOL] 準備發送 264 bytes
[2025-11-11 09:18:50,339] INFO: [PROTOCOL] 已發送 268/268 bytes
[2025-11-11 09:18:50,339] INFO: [PROTOCOL] ✅ 完整發送 268 bytes
[2025-11-11 09:18:50,440] INFO: [PROTOCOL] 準備發送 264 bytes
[2025-11-11 09:18:50,440] INFO: [PROTOCOL] 已發送 268/268 bytes
[2025-11-11 09:18:50,440] INFO: [PROTOCOL] ✅ 完整發送 268 bytes
[2025-11-11 09:18:50,440] INFO: [PROTOCOL] 準備發送 264 bytes
[2025-11-11 09:18:50,440] INFO: [PROTOCOL] 已發送 268/268 bytes
[2025-11-11 09:18:50,440] INFO: [PROTOCOL] ✅ 完整發送 268 bytes
[2025-11-11 09:18:50,440] INFO: [PROTOCOL] 準備發送 264 bytes
[2025-11-11 09:18:50,440] INFO: [PROTOCOL] 已發送 268/268 bytes
[2025-11-11 09:18:50,440] INFO: [PROTOCOL] ✅ 完整發送 268 bytes
[2025-11-11 09:18:50,440] INFO: [PROTOCOL] 準備發送 264 bytes
[2025-11-11 09:18:50,440] INFO: [PROTOCOL] 已發送 268/268 bytes
[2025-11-11 09:18:50,440] INFO: [PROTOCOL] ✅ 完整發送 268 bytes
[2025-11-11 09:18:50,545] INFO: [PROTOCOL] 準備發送 264 bytes
[2025-11-11 09:18:50,545] INFO: [PROTOCOL] 已發送 268/268 bytes
[2025-11-11 09:18:50,546] INFO: [PROTOCOL] ✅ 完整發送 268 bytes
[2025-11-11 09:18:50,546] INFO: [PROTOCOL] 準備發送 264 bytes
[2025-11-11 09:18:50,546] INFO: [PROTOCOL] 已發送 268/268 bytes
[2025-11-11 09:18:50,546] INFO: [PROTOCOL] ✅ 完整發送 268 bytes
[2025-11-11 09:18:50,546] INFO: [PROTOCOL] 準備發送 264 bytes
[2025-11-11 09:18:50,546] INFO: [PROTOCOL] 已發送 268/268 bytes
[2025-11-11 09:18:50,546] INFO: [PROTOCOL] ✅ 完整發送 268 bytes
[2025-11-11 09:18:50,546] INFO: [PROTOCOL] 準備發送 264 bytes
[2025-11-11 09:18:50,546] INFO: [PROTOCOL] 已發送 268/268 bytes
[2025-11-11 09:18:50,546] INFO: [PROTOCOL] ✅ 完整發送 268 bytes
[2025-11-11 09:18:50,651] INFO: [PROTOCOL] 準備發送 263 bytes
[2025-11-11 09:18:50,652] INFO: [PROTOCOL] 已發送 267/267 bytes
[2025-11-11 09:18:50,652] INFO: [PROTOCOL] ✅ 完整發送 267 bytes
[2025-11-11 09:18:50,652] INFO: [PROTOCOL] 準備發送 263 bytes
[2025-11-11 09:18:50,652] INFO: [PROTOCOL] 已發送 267/267 bytes
[2025-11-11 09:18:50,652] INFO: [PROTOCOL] ✅ 完整發送 267 bytes
[2025-11-11 09:18:50,652] INFO: [PROTOCOL] 準備發送 263 bytes
[2025-11-11 09:18:50,652] INFO: [PROTOCOL] 已發送 267/267 bytes
[2025-11-11 09:18:50,652] INFO: [PROTOCOL] ✅ 完整發送 267 bytes
[2025-11-11 09:18:50,652] INFO: [PROTOCOL] 準備發送 263 bytes
[2025-11-11 09:18:50,652] INFO: [PROTOCOL] 已發送 267/267 bytes
[2025-11-11 09:18:50,652] INFO: [PROTOCOL] ✅ 完整發送 267 bytes
[2025-11-11 09:18:50,756] INFO: [PROTOCOL] 準備發送 263 bytes
[2025-11-11 09:18:50,756] INFO: [PROTOCOL] 已發送 267/267 bytes
[2025-11-11 09:18:50,756] INFO: [PROTOCOL] ✅ 完整發送 267 bytes
[2025-11-11 09:18:50,756] INFO: [PROTOCOL] 準備發送 263 bytes
[2025-11-11 09:18:50,756] INFO: [PROTOCOL] 已發送 267/267 bytes
[2025-11-11 09:18:50,756] INFO: [PROTOCOL] ✅ 完整發送 267 bytes
[2025-11-11 09:18:50,756] INFO: [PROTOCOL] 準備發送 263 bytes
[2025-11-11 09:18:50,756] INFO: [PROTOCOL] 已發送 267/267 bytes
[2025-11-11 09:18:50,756] INFO: [PROTOCOL] ✅ 完整發送 267 bytes
[2025-11-11 09:18:50,756] INFO: [PROTOCOL] 準備發送 263 bytes
[2025-11-11 09:18:50,756] INFO: [PROTOCOL] 已發送 267/267 bytes
[2025-11-11 09:18:50,756] INFO: [PROTOCOL] ✅ 完整發送 267 bytes
[2025-11-11 09:18:50,862] INFO: [PROTOCOL] 準備發送 263 bytes
[2025-11-11 09:18:50,862] INFO: [PROTOCOL] 已發送 267/267 bytes
[2025-11-11 09:18:50,863] INFO: [PROTOCOL] ✅ 完整發送 267 bytes
[2025-11-11 09:18:50,863] INFO: [PROTOCOL] 準備發送 263 bytes
[2025-11-11 09:18:50,863] INFO: [PROTOCOL] 已發送 267/267 bytes
[2025-11-11 09:18:50,863] INFO: [PROTOCOL] ✅ 完整發送 267 bytes
[2025-11-11 09:18:50,863] INFO: [PROTOCOL] 準備發送 263 bytes
[2025-11-11 09:18:50,863] INFO: [PROTOCOL] 已發送 267/267 bytes
[2025-11-11 09:18:50,864] INFO: [PROTOCOL] ✅ 完整發送 267 bytes
[2025-11-11 09:18:50,864] INFO: [PROTOCOL] 準備發送 263 bytes
[2025-11-11 09:18:50,864] INFO: [PROTOCOL] 已發送 267/267 bytes
[2025-11-11 09:18:50,864] INFO: [PROTOCOL] ✅ 完整發送 267 bytes
[2025-11-11 09:18:50,970] INFO: [PROTOCOL] 準備發送 263 bytes
[2025-11-11 09:18:50,970] INFO: [PROTOCOL] 已發送 267/267 bytes
[2025-11-11 09:18:50,970] INFO: [PROTOCOL] ✅ 完整發送 267 bytes
[2025-11-11 09:18:50,970] INFO: [PROTOCOL] 準備發送 263 bytes
[2025-11-11 09:18:50,971] INFO: [PROTOCOL] 已發送 267/267 bytes
[2025-11-11 09:18:50,971] INFO: [PROTOCOL] ✅ 完整發送 267 bytes
[2025-11-11 09:18:50,971] INFO: [PROTOCOL] 準備發送 263 bytes
[2025-11-11 09:18:50,971] INFO: [PROTOCOL] 已發送 267/267 bytes
[2025-11-11 09:18:50,971] INFO: [PROTOCOL] ✅ 完整發送 267 bytes
[2025-11-11 09:18:50,971] INFO: [PROTOCOL] 準備發送 263 bytes
[2025-11-11 09:18:50,971] INFO: [PROTOCOL] 已發送 267/267 bytes
[2025-11-11 09:18:50,971] INFO: [PROTOCOL] ✅ 完整發送 267 bytes
[2025-11-11 09:18:51,076] INFO: [PROTOCOL] 準備發送 263 bytes
[2025-11-11 09:18:51,077] INFO: [PROTOCOL] 已發送 267/267 bytes
[2025-11-11 09:18:51,077] INFO: [PROTOCOL] ✅ 完整發送 267 bytes
[2025-11-11 09:18:51,077] INFO: [PROTOCOL] 準備發送 263 bytes
[2025-11-11 09:18:51,077] INFO: [PROTOCOL] 已發送 267/267 bytes
[2025-11-11 09:18:51,077] INFO: [PROTOCOL] ✅ 完整發送 267 bytes
[2025-11-11 09:18:51,077] INFO: [PROTOCOL] 準備發送 263 bytes
[2025-11-11 09:18:51,077] INFO: [PROTOCOL] 已發送 267/267 bytes
[2025-11-11 09:18:51,077] INFO: [PROTOCOL] ✅ 完整發送 267 bytes
[2025-11-11 09:18:51,077] INFO: [PROTOCOL] 準備發送 263 bytes
[2025-11-11 09:18:51,077] INFO: [PROTOCOL] 已發送 267/267 bytes
[2025-11-11 09:18:51,077] INFO: [PROTOCOL] ✅ 完整發送 267 bytes
[2025-11-11 09:18:51,182] INFO: [PROTOCOL] 準備發送 265 bytes
[2025-11-11 09:18:51,182] INFO: [PROTOCOL] 已發送 269/269 bytes
[2025-11-11 09:18:51,182] INFO: [PROTOCOL] ✅ 完整發送 269 bytes
[2025-11-11 09:18:51,182] INFO: [PROTOCOL] 準備發送 265 bytes
[2025-11-11 09:18:51,182] INFO: [PROTOCOL] 已發送 269/269 bytes
[2025-11-11 09:18:51,183] INFO: [PROTOCOL] ✅ 完整發送 269 bytes
[2025-11-11 09:18:51,183] INFO: [PROTOCOL] 準備發送 265 bytes
[2025-11-11 09:18:51,183] INFO: [PROTOCOL] 已發送 269/269 bytes
[2025-11-11 09:18:51,183] INFO: [PROTOCOL] ✅ 完整發送 269 bytes
[2025-11-11 09:18:51,183] INFO: [PROTOCOL] 準備發送 265 bytes
[2025-11-11 09:18:51,183] INFO: [PROTOCOL] 已發送 269/269 bytes
[2025-11-11 09:18:51,183] INFO: [PROTOCOL] ✅ 完整發送 269 bytes
[2025-11-11 09:18:51,284] INFO: [PROTOCOL] 準備發送 265 bytes
[2025-11-11 09:18:51,285] INFO: [PROTOCOL] 已發送 269/269 bytes
[2025-11-11 09:18:51,285] INFO: [PROTOCOL] ✅ 完整發送 269 bytes
[2025-11-11 09:18:51,285] INFO: [PROTOCOL] 準備發送 265 bytes
[2025-11-11 09:18:51,285] INFO: [PROTOCOL] 已發送 269/269 bytes
[2025-11-11 09:18:51,285] INFO: [PROTOCOL] ✅ 完整發送 269 bytes
[2025-11-11 09:18:51,285] INFO: [PROTOCOL] 準備發送 265 bytes
[2025-11-11 09:18:51,285] INFO: [PROTOCOL] 已發送 269/269 bytes
[2025-11-11 09:18:51,285] INFO: [PROTOCOL] ✅ 完整發送 269 bytes
[2025-11-11 09:18:51,285] INFO: [PROTOCOL] 準備發送 265 bytes
[2025-11-11 09:18:51,285] INFO: [PROTOCOL] 已發送 269/269 bytes
[2025-11-11 09:18:51,285] INFO: [PROTOCOL] ✅ 完整發送 269 bytes
[2025-11-11 09:18:51,386] INFO: [PROTOCOL] 準備發送 265 bytes
[2025-11-11 09:18:51,387] INFO: [PROTOCOL] 已發送 269/269 bytes
[2025-11-11 09:18:51,387] INFO: [PROTOCOL] ✅ 完整發送 269 bytes
[2025-11-11 09:18:51,387] INFO: [PROTOCOL] 準備發送 265 bytes
[2025-11-11 09:18:51,387] INFO: [PROTOCOL] 已發送 269/269 bytes
[2025-11-11 09:18:51,387] INFO: [PROTOCOL] ✅ 完整發送 269 bytes
[2025-11-11 09:18:51,387] INFO: [PROTOCOL] 準備發送 265 bytes
[2025-11-11 09:18:51,387] INFO: [PROTOCOL] 已發送 269/269 bytes
[2025-11-11 09:18:51,387] INFO: [PROTOCOL] ✅ 完整發送 269 bytes
[2025-11-11 09:18:51,387] INFO: [PROTOCOL] 準備發送 265 bytes
[2025-11-11 09:18:51,387] INFO: [PROTOCOL] 已發送 269/269 bytes
[2025-11-11 09:18:51,387] INFO: [PROTOCOL] ✅ 完整發送 269 bytes
[2025-11-11 09:18:51,487] INFO: [PROTOCOL] 準備發送 265 bytes
[2025-11-11 09:18:51,488] INFO: [PROTOCOL] 已發送 269/269 bytes
[2025-11-11 09:18:51,488] INFO: [PROTOCOL] ✅ 完整發送 269 bytes
[2025-11-11 09:18:51,488] INFO: [PROTOCOL] 準備發送 265 bytes
[2025-11-11 09:18:51,488] INFO: [PROTOCOL] 已發送 269/269 bytes
[2025-11-11 09:18:51,488] INFO: [PROTOCOL] ✅ 完整發送 269 bytes
[2025-11-11 09:18:51,488] INFO: [PROTOCOL] 準備發送 265 bytes
[2025-11-11 09:18:51,488] INFO: [PROTOCOL] 已發送 269/269 bytes
[2025-11-11 09:18:51,488] INFO: [PROTOCOL] ✅ 完整發送 269 bytes
[2025-11-11 09:18:51,488] INFO: [PROTOCOL] 準備發送 265 bytes
[2025-11-11 09:18:51,488] INFO: [PROTOCOL] 已發送 269/269 bytes
[2025-11-11 09:18:51,488] INFO: [PROTOCOL] ✅ 完整發送 269 bytes
[2025-11-11 09:18:51,590] INFO: [PROTOCOL] 準備發送 265 bytes
[2025-11-11 09:18:51,591] INFO: [PROTOCOL] 已發送 269/269 bytes
[2025-11-11 09:18:51,591] INFO: [PROTOCOL] ✅ 完整發送 269 bytes
[2025-11-11 09:18:51,591] INFO: [PROTOCOL] 準備發送 265 bytes
[2025-11-11 09:18:51,591] INFO: [PROTOCOL] 已發送 269/269 bytes
[2025-11-11 09:18:51,591] INFO: [PROTOCOL] ✅ 完整發送 269 bytes
[2025-11-11 09:18:51,591] INFO: [PROTOCOL] 準備發送 265 bytes
[2025-11-11 09:18:51,591] INFO: [PROTOCOL] 已發送 269/269 bytes
[2025-11-11 09:18:51,591] INFO: [PROTOCOL] ✅ 完整發送 269 bytes
[2025-11-11 09:18:51,591] INFO: [PROTOCOL] 準備發送 265 bytes
[2025-11-11 09:18:51,591] INFO: [PROTOCOL] 已發送 269/269 bytes
[2025-11-11 09:18:51,591] INFO: [PROTOCOL] ✅ 完整發送 269 bytes
[2025-11-11 09:18:51,692] INFO: [PROTOCOL] 準備發送 265 bytes
[2025-11-11 09:18:51,693] INFO: [PROTOCOL] 已發送 269/269 bytes
[2025-11-11 09:18:51,693] INFO: [PROTOCOL] ✅ 完整發送 269 bytes
[2025-11-11 09:18:51,693] INFO: [PROTOCOL] 準備發送 265 bytes
[2025-11-11 09:18:51,693] INFO: [PROTOCOL] 已發送 269/269 bytes
[2025-11-11 09:18:51,693] INFO: [PROTOCOL] ✅ 完整發送 269 bytes
[2025-11-11 09:18:51,693] INFO: [PROTOCOL] 準備發送 265 bytes
[2025-11-11 09:18:51,693] INFO: [PROTOCOL] 已發送 269/269 bytes
[2025-11-11 09:18:51,693] INFO: [PROTOCOL] ✅ 完整發送 269 bytes
[2025-11-11 09:18:51,693] INFO: [PROTOCOL] 準備發送 265 bytes
[2025-11-11 09:18:51,693] INFO: [PROTOCOL] 已發送 269/269 bytes
[2025-11-11 09:18:51,693] INFO: [PROTOCOL] ✅ 完整發送 269 bytes
[2025-11-11 09:18:51,798] INFO: [PROTOCOL] 準備發送 265 bytes
[2025-11-11 09:18:51,798] INFO: [PROTOCOL] 已發送 269/269 bytes
[2025-11-11 09:18:51,799] INFO: [PROTOCOL] ✅ 完整發送 269 bytes
[2025-11-11 09:18:51,799] INFO: [PROTOCOL] 準備發送 265 bytes
[2025-11-11 09:18:51,799] INFO: [PROTOCOL] 已發送 269/269 bytes
[2025-11-11 09:18:51,799] INFO: [PROTOCOL] ✅ 完整發送 269 bytes
[2025-11-11 09:18:51,799] INFO: [PROTOCOL] 準備發送 265 bytes
[2025-11-11 09:18:51,799] INFO: [PROTOCOL] 已發送 269/269 bytes
[2025-11-11 09:18:51,799] INFO: [PROTOCOL] ✅ 完整發送 269 bytes
[2025-11-11 09:18:51,799] INFO: [PROTOCOL] 準備發送 265 bytes
[2025-11-11 09:18:51,799] INFO: [PROTOCOL] 已發送 269/269 bytes
[2025-11-11 09:18:51,799] INFO: [PROTOCOL] ✅ 完整發送 269 bytes
[2025-11-11 09:18:51,900] INFO: [PROTOCOL] 準備發送 265 bytes
[2025-11-11 09:18:51,900] INFO: [PROTOCOL] 已發送 269/269 bytes
[2025-11-11 09:18:51,900] INFO: [PROTOCOL] ✅ 完整發送 269 bytes
[2025-11-11 09:18:51,900] INFO: [PROTOCOL] 準備發送 265 bytes
[2025-11-11 09:18:51,900] INFO: [PROTOCOL] 已發送 269/269 bytes
[2025-11-11 09:18:51,900] INFO: [PROTOCOL] ✅ 完整發送 269 bytes
[2025-11-11 09:18:51,900] INFO: [PROTOCOL] 準備發送 265 bytes
[2025-11-11 09:18:51,900] INFO: [PROTOCOL] 已發送 269/269 bytes
[2025-11-11 09:18:51,900] INFO: [PROTOCOL] ✅ 完整發送 269 bytes
[2025-11-11 09:18:51,900] INFO: [PROTOCOL] 準備發送 265 bytes
[2025-11-11 09:18:51,900] INFO: [PROTOCOL] 已發送 269/269 bytes
[2025-11-11 09:18:51,900] INFO: [PROTOCOL] ✅ 完整發送 269 bytes
[2025-11-11 09:18:52,004] INFO: [PROTOCOL] 準備發送 265 bytes
[2025-11-11 09:18:52,004] INFO: [PROTOCOL] 已發送 269/269 bytes
[2025-11-11 09:18:52,004] INFO: [PROTOCOL] ✅ 完整發送 269 bytes
[2025-11-11 09:18:52,004] INFO: [PROTOCOL] 準備發送 265 bytes
[2025-11-11 09:18:52,004] INFO: [PROTOCOL] 已發送 269/269 bytes
[2025-11-11 09:18:52,004] INFO: [PROTOCOL] ✅ 完整發送 269 bytes
[2025-11-11 09:18:52,004] INFO: [PROTOCOL] 準備發送 265 bytes
[2025-11-11 09:18:52,004] INFO: [PROTOCOL] 已發送 269/269 bytes
[2025-11-11 09:18:52,004] INFO: [PROTOCOL] ✅ 完整發送 269 bytes
[2025-11-11 09:18:52,005] INFO: [PROTOCOL] 準備發送 265 bytes
[2025-11-11 09:18:52,005] INFO: [PROTOCOL] 已發送 269/269 bytes
[2025-11-11 09:18:52,005] INFO: [PROTOCOL] ✅ 完整發送 269 bytes
[2025-11-11 09:18:52,106] INFO: [PROTOCOL] 準備發送 265 bytes
[2025-11-11 09:18:52,106] INFO: [PROTOCOL] 已發送 269/269 bytes
[2025-11-11 09:18:52,106] INFO: [PROTOCOL] ✅ 完整發送 269 bytes
[2025-11-11 09:18:52,106] INFO: [PROTOCOL] 準備發送 265 bytes
[2025-11-11 09:18:52,107] INFO: [PROTOCOL] 已發送 269/269 bytes
[2025-11-11 09:18:52,107] INFO: [PROTOCOL] ✅ 完整發送 269 bytes
[2025-11-11 09:18:52,107] INFO: [PROTOCOL] 準備發送 265 bytes
[2025-11-11 09:18:52,107] INFO: [PROTOCOL] 已發送 269/269 bytes
[2025-11-11 09:18:52,107] INFO: [PROTOCOL] ✅ 完整發送 269 bytes
[2025-11-11 09:18:52,107] INFO: [PROTOCOL] 準備發送 265 bytes
[2025-11-11 09:18:52,107] INFO: [PROTOCOL] 已發送 269/269 bytes
[2025-11-11 09:18:52,107] INFO: [PROTOCOL] ✅ 完整發送 269 bytes
[2025-11-11 09:18:52,208] INFO: [PROTOCOL] 準備發送 265 bytes
[2025-11-11 09:18:52,208] INFO: [PROTOCOL] 已發送 269/269 bytes
[2025-11-11 09:18:52,208] INFO: [PROTOCOL] ✅ 完整發送 269 bytes
[2025-11-11 09:18:52,208] INFO: [PROTOCOL] 準備發送 265 bytes
[2025-11-11 09:18:52,209] INFO: [PROTOCOL] 已發送 269/269 bytes
[2025-11-11 09:18:52,209] INFO: [PROTOCOL] ✅ 完整發送 269 bytes
[2025-11-11 09:18:52,209] INFO: [PROTOCOL] 準備發送 265 bytes
[2025-11-11 09:18:52,209] INFO: [PROTOCOL] 已發送 269/269 bytes
[2025-11-11 09:18:52,209] INFO: [PROTOCOL] ✅ 完整發送 269 bytes
[2025-11-11 09:18:52,209] INFO: [PROTOCOL] 準備發送 265 bytes
[2025-11-11 09:18:52,209] INFO: [PROTOCOL] 已發送 269/269 bytes
[2025-11-11 09:18:52,209] INFO: [PROTOCOL] ✅ 完整發送 269 bytes
[2025-11-11 09:18:52,315] INFO: [PROTOCOL] 準備發送 265 bytes
[2025-11-11 09:18:52,315] INFO: [PROTOCOL] 已發送 269/269 bytes
[2025-11-11 09:18:52,315] INFO: [PROTOCOL] ✅ 完整發送 269 bytes
[2025-11-11 09:18:52,315] INFO: [PROTOCOL] 準備發送 265 bytes
[2025-11-11 09:18:52,315] INFO: [PROTOCOL] 已發送 269/269 bytes
[2025-11-11 09:18:52,315] INFO: [PROTOCOL] ✅ 完整發送 269 bytes
[2025-11-11 09:18:52,315] INFO: [PROTOCOL] 準備發送 265 bytes
[2025-11-11 09:18:52,315] INFO: [PROTOCOL] 已發送 269/269 bytes
[2025-11-11 09:18:52,316] INFO: [PROTOCOL] ✅ 完整發送 269 bytes
[2025-11-11 09:18:52,316] INFO: [PROTOCOL] 準備發送 265 bytes
[2025-11-11 09:18:52,316] INFO: [PROTOCOL] 已發送 269/269 bytes
[2025-11-11 09:18:52,316] INFO: [PROTOCOL] ✅ 完整發送 269 bytes
[2025-11-11 09:18:52,420] INFO: [PROTOCOL] 準備發送 265 bytes
[2025-11-11 09:18:52,421] INFO: [PROTOCOL] 已發送 269/269 bytes
[2025-11-11 09:18:52,421] INFO: [PROTOCOL] ✅ 完整發送 269 bytes
[2025-11-11 09:18:52,421] INFO: [PROTOCOL] 準備發送 265 bytes
[2025-11-11 09:18:52,421] INFO: [PROTOCOL] 已發送 269/269 bytes
[2025-11-11 09:18:52,421] INFO: [PROTOCOL] ✅ 完整發送 269 bytes
[2025-11-11 09:18:52,421] INFO: [PROTOCOL] 準備發送 265 bytes
[2025-11-11 09:18:52,421] INFO: [PROTOCOL] 已發送 269/269 bytes
[2025-11-11 09:18:52,421] INFO: [PROTOCOL] ✅ 完整發送 269 bytes
[2025-11-11 09:18:52,421] INFO: [PROTOCOL] 準備發送 265 bytes
[2025-11-11 09:18:52,421] INFO: [PROTOCOL] 已發送 269/269 bytes
[2025-11-11 09:18:52,421] INFO: [PROTOCOL] ✅ 完整發送 269 bytes
[2025-11-11 09:18:52,526] INFO: [PROTOCOL] 準備發送 265 bytes
[2025-11-11 09:18:52,527] INFO: [PROTOCOL] 已發送 269/269 bytes
[2025-11-11 09:18:52,527] INFO: [PROTOCOL] ✅ 完整發送 269 bytes
[2025-11-11 09:18:52,527] INFO: [PROTOCOL] 準備發送 265 bytes
[2025-11-11 09:18:52,527] INFO: [PROTOCOL] 已發送 269/269 bytes
[2025-11-11 09:18:52,527] INFO: [PROTOCOL] ✅ 完整發送 269 bytes
[2025-11-11 09:18:52,527] INFO: [PROTOCOL] 準備發送 265 bytes
[2025-11-11 09:18:52,527] INFO: [PROTOCOL] 已發送 269/269 bytes
[2025-11-11 09:18:52,528] INFO: [PROTOCOL] ✅ 完整發送 269 bytes
[2025-11-11 09:18:52,528] INFO: [PROTOCOL] 準備發送 265 bytes
[2025-11-11 09:18:52,528] INFO: [PROTOCOL] 已發送 269/269 bytes
[2025-11-11 09:18:52,528] INFO: [PROTOCOL] ✅ 完整發送 269 bytes
[2025-11-11 09:18:52,633] INFO: [PROTOCOL] 準備發送 265 bytes
[2025-11-11 09:18:52,633] INFO: [PROTOCOL] 已發送 269/269 bytes
[2025-11-11 09:18:52,633] INFO: [PROTOCOL] ✅ 完整發送 269 bytes
[2025-11-11 09:18:52,633] INFO: [PROTOCOL] 準備發送 265 bytes
[2025-11-11 09:18:52,633] INFO: [PROTOCOL] 已發送 269/269 bytes
[2025-11-11 09:18:52,633] INFO: [PROTOCOL] ✅ 完整發送 269 bytes
[2025-11-11 09:18:52,633] INFO: [PROTOCOL] 準備發送 265 bytes
[2025-11-11 09:18:52,633] INFO: [PROTOCOL] 已發送 269/269 bytes
[2025-11-11 09:18:52,633] INFO: [PROTOCOL] ✅ 完整發送 269 bytes
[2025-11-11 09:18:52,633] INFO: [PROTOCOL] 準備發送 265 bytes
[2025-11-11 09:18:52,633] INFO: [PROTOCOL] 已發送 269/269 bytes
[2025-11-11 09:18:52,633] INFO: [PROTOCOL] ✅ 完整發送 269 bytes
[2025-11-11 09:18:52,733] INFO: [PROTOCOL] 準備發送 265 bytes
[2025-11-11 09:18:52,733] INFO: [PROTOCOL] 已發送 269/269 bytes
[2025-11-11 09:18:52,733] INFO: [PROTOCOL] ✅ 完整發送 269 bytes
[2025-11-11 09:18:52,733] INFO: [PROTOCOL] 準備發送 265 bytes
[2025-11-11 09:18:52,733] INFO: [PROTOCOL] 已發送 269/269 bytes
[2025-11-11 09:18:52,734] INFO: [PROTOCOL] ✅ 完整發送 269 bytes
[2025-11-11 09:18:52,734] INFO: [PROTOCOL] 準備發送 265 bytes
[2025-11-11 09:18:52,734] INFO: [PROTOCOL] 已發送 269/269 bytes
[2025-11-11 09:18:52,734] INFO: [PROTOCOL] ✅ 完整發送 269 bytes
[2025-11-11 09:18:52,734] INFO: [PROTOCOL] 準備發送 265 bytes
[2025-11-11 09:18:52,734] INFO: [PROTOCOL] 已發送 269/269 bytes
[2025-11-11 09:18:52,734] INFO: [PROTOCOL] ✅ 完整發送 269 bytes
[2025-11-11 09:18:52,839] INFO: [PROTOCOL] 準備發送 265 bytes
[2025-11-11 09:18:52,839] INFO: [PROTOCOL] 已發送 269/269 bytes
[2025-11-11 09:18:52,839] INFO: [PROTOCOL] ✅ 完整發送 269 bytes
[2025-11-11 09:18:52,840] INFO: [PROTOCOL] 準備發送 265 bytes
[2025-11-11 09:18:52,840] INFO: [PROTOCOL] 已發送 269/269 bytes
[2025-11-11 09:18:52,840] INFO: [PROTOCOL] ✅ 完整發送 269 bytes
[2025-11-11 09:18:52,840] INFO: [PROTOCOL] 準備發送 265 bytes
[2025-11-11 09:18:52,840] INFO: [PROTOCOL] 已發送 269/269 bytes
[2025-11-11 09:18:52,840] INFO: [PROTOCOL] ✅ 完整發送 269 bytes
[2025-11-11 09:18:52,840] INFO: [PROTOCOL] 準備發送 265 bytes
[2025-11-11 09:18:52,840] INFO: [PROTOCOL] 已發送 269/269 bytes
[2025-11-11 09:18:52,840] INFO: [PROTOCOL] ✅ 完整發送 269 bytes
[2025-11-11 09:18:52,942] INFO: [PROTOCOL] 準備發送 265 bytes
[2025-11-11 09:18:52,943] INFO: [PROTOCOL] 已發送 269/269 bytes
[2025-11-11 09:18:52,943] INFO: [PROTOCOL] ✅ 完整發送 269 bytes
[2025-11-11 09:18:52,943] INFO: [PROTOCOL] 準備發送 265 bytes
[2025-11-11 09:18:52,943] INFO: [PROTOCOL] 已發送 269/269 bytes
[2025-11-11 09:18:52,943] INFO: [PROTOCOL] ✅ 完整發送 269 bytes
[2025-11-11 09:18:52,943] INFO: [PROTOCOL] 準備發送 265 bytes
[2025-11-11 09:18:52,943] INFO: [PROTOCOL] 已發送 269/269 bytes
[2025-11-11 09:18:52,943] INFO: [PROTOCOL] ✅ 完整發送 269 bytes
[2025-11-11 09:18:52,944] INFO: [PROTOCOL] 準備發送 265 bytes
[2025-11-11 09:18:52,944] INFO: [PROTOCOL] 已發送 269/269 bytes
[2025-11-11 09:18:52,944] INFO: [PROTOCOL] ✅ 完整發送 269 bytes
[2025-11-11 09:18:53,049] INFO: [PROTOCOL] 準備發送 265 bytes
[2025-11-11 09:18:53,050] INFO: [PROTOCOL] 已發送 269/269 bytes
[2025-11-11 09:18:53,050] INFO: [PROTOCOL] ✅ 完整發送 269 bytes
[2025-11-11 09:18:53,050] INFO: [PROTOCOL] 準備發送 265 bytes
[2025-11-11 09:18:53,050] INFO: [PROTOCOL] 已發送 269/269 bytes
[2025-11-11 09:18:53,050] INFO: [PROTOCOL] ✅ 完整發送 269 bytes
[2025-11-11 09:18:53,050] INFO: [PROTOCOL] 準備發送 265 bytes
[2025-11-11 09:18:53,050] INFO: [PROTOCOL] 已發送 269/269 bytes
[2025-11-11 09:18:53,050] INFO: [PROTOCOL] ✅ 完整發送 269 bytes
[2025-11-11 09:18:53,050] INFO: [PROTOCOL] 準備發送 265 bytes
[2025-11-11 09:18:53,051] INFO: [PROTOCOL] 已發送 269/269 bytes
[2025-11-11 09:18:53,051] INFO: [PROTOCOL] ✅ 完整發送 269 bytes
[2025-11-11 09:18:53,153] INFO: [PROTOCOL] 準備發送 265 bytes
[2025-11-11 09:18:53,154] INFO: [PROTOCOL] 已發送 269/269 bytes
[2025-11-11 09:18:53,154] INFO: [PROTOCOL] ✅ 完整發送 269 bytes
[2025-11-11 09:18:53,154] INFO: [PROTOCOL] 準備發送 265 bytes
[2025-11-11 09:18:53,154] INFO: [PROTOCOL] 已發送 269/269 bytes
[2025-11-11 09:18:53,154] INFO: [PROTOCOL] ✅ 完整發送 269 bytes
[2025-11-11 09:18:53,154] INFO: [PROTOCOL] 準備發送 265 bytes
[2025-11-11 09:18:53,154] INFO: [PROTOCOL] 已發送 269/269 bytes
[2025-11-11 09:18:53,154] INFO: [PROTOCOL] ✅ 完整發送 269 bytes
[2025-11-11 09:18:53,154] INFO: [PROTOCOL] 準備發送 265 bytes
[2025-11-11 09:18:53,154] INFO: [PROTOCOL] 已發送 269/269 bytes
[2025-11-11 09:18:53,154] INFO: [PROTOCOL] ✅ 完整發送 269 bytes
[2025-11-11 09:18:53,256] INFO: [PROTOCOL] 準備發送 265 bytes
[2025-11-11 09:18:53,256] INFO: [PROTOCOL] 已發送 269/269 bytes
[2025-11-11 09:18:53,256] INFO: [PROTOCOL] ✅ 完整發送 269 bytes
[2025-11-11 09:18:53,256] INFO: [PROTOCOL] 準備發送 265 bytes
[2025-11-11 09:18:53,257] INFO: [PROTOCOL] 已發送 269/269 bytes
[2025-11-11 09:18:53,257] INFO: [PROTOCOL] ✅ 完整發送 269 bytes
[2025-11-11 09:18:53,257] INFO: [PROTOCOL] 準備發送 265 bytes
[2025-11-11 09:18:53,257] INFO: [PROTOCOL] 已發送 269/269 bytes
[2025-11-11 09:18:53,257] INFO: [PROTOCOL] ✅ 完整發送 269 bytes
[2025-11-11 09:18:53,257] INFO: [PROTOCOL] 準備發送 265 bytes
[2025-11-11 09:18:53,257] INFO: [PROTOCOL] 已發送 269/269 bytes
[2025-11-11 09:18:53,257] INFO: [PROTOCOL] ✅ 完整發送 269 bytes
[2025-11-11 09:18:53,362] INFO: [PROTOCOL] 準備發送 265 bytes
[2025-11-11 09:18:53,363] INFO: [PROTOCOL] 已發送 269/269 bytes
[2025-11-11 09:18:53,363] INFO: [PROTOCOL] ✅ 完整發送 269 bytes
[2025-11-11 09:18:53,363] INFO: [PROTOCOL] 準備發送 265 bytes
[2025-11-11 09:18:53,363] INFO: [PROTOCOL] 已發送 269/269 bytes
[2025-11-11 09:18:53,364] INFO: [PROTOCOL] ✅ 完整發送 269 bytes
[2025-11-11 09:18:53,364] INFO: [PROTOCOL] 準備發送 265 bytes
[2025-11-11 09:18:53,364] INFO: [PROTOCOL] 已發送 269/269 bytes
[2025-11-11 09:18:53,364] INFO: [PROTOCOL] ✅ 完整發送 269 bytes
[2025-11-11 09:18:53,364] INFO: [PROTOCOL] 準備發送 265 bytes
[2025-11-11 09:18:53,364] INFO: [PROTOCOL] 已發送 269/269 bytes
[2025-11-11 09:18:53,365] INFO: [PROTOCOL] ✅ 完整發送 269 bytes
[2025-11-11 09:18:53,471] INFO: [PROTOCOL] 準備發送 265 bytes
[2025-11-11 09:18:53,471] INFO: [PROTOCOL] 已發送 269/269 bytes
[2025-11-11 09:18:53,472] INFO: [PROTOCOL] ✅ 完整發送 269 bytes
[2025-11-11 09:18:53,472] INFO: [PROTOCOL] 準備發送 265 bytes
[2025-11-11 09:18:53,472] INFO: [PROTOCOL] 已發送 269/269 bytes
[2025-11-11 09:18:53,473] INFO: [PROTOCOL] ✅ 完整發送 269 bytes
[2025-11-11 09:18:53,473] INFO: [PROTOCOL] 準備發送 265 bytes
[2025-11-11 09:18:53,473] INFO: [PROTOCOL] 已發送 269/269 bytes
[2025-11-11 09:18:53,474] INFO: [PROTOCOL] ✅ 完整發送 269 bytes
[2025-11-11 09:18:53,474] INFO: [PROTOCOL] 準備發送 265 bytes
[2025-11-11 09:18:53,474] INFO: [PROTOCOL] 已發送 269/269 bytes
[2025-11-11 09:18:53,474] INFO: [PROTOCOL] ✅ 完整發送 269 bytes
[2025-11-11 09:18:53,579] INFO: [PROTOCOL] 準備發送 265 bytes
[2025-11-11 09:18:53,579] INFO: [PROTOCOL] 已發送 269/269 bytes
[2025-11-11 09:18:53,579] INFO: [PROTOCOL] ✅ 完整發送 269 bytes
[2025-11-11 09:18:53,580] INFO: [PROTOCOL] 準備發送 265 bytes
[2025-11-11 09:18:53,580] INFO: [PROTOCOL] 已發送 269/269 bytes
[2025-11-11 09:18:53,580] INFO: [PROTOCOL] ✅ 完整發送 269 bytes
[2025-11-11 09:18:53,580] INFO: [PROTOCOL] 準備發送 265 bytes
[2025-11-11 09:18:53,580] INFO: [PROTOCOL] 已發送 269/269 bytes
[2025-11-11 09:18:53,580] INFO: [PROTOCOL] ✅ 完整發送 269 bytes
[2025-11-11 09:18:53,580] INFO: [PROTOCOL] 準備發送 265 bytes
[2025-11-11 09:18:53,580] INFO: [PROTOCOL] 已發送 269/269 bytes
[2025-11-11 09:18:53,581] INFO: [PROTOCOL] ✅ 完整發送 269 bytes
[2025-11-11 09:18:53,603] ERROR: ❌ ProtocolError for 2: 接收失敗: [Errno 54] Connection reset by peer
[2025-11-11 09:18:53,605] WARNING: ⚠️ Player 2 disconnected during game!
[2025-11-11 09:18:53,605] INFO: [PROTOCOL] 準備發送 126 bytes
[2025-11-11 09:18:53,605] ERROR: [PROTOCOL] ❌ 發送訊息失敗: 發送失敗: [Errno 32] Broken pipe
[2025-11-11 09:18:53,606] INFO: [PROTOCOL] 準備發送 126 bytes
[2025-11-11 09:18:53,606] INFO: [PROTOCOL] 已發送 130/130 bytes
[2025-11-11 09:18:53,606] INFO: [PROTOCOL] ✅ 完整發送 130 bytes
[2025-11-11 09:18:53,606] INFO: 📊 Attempting to report game result to lobby: room=12, results={'P1': {'user_id': 1, 'score': 0, 'lines_cleared': 0}, 'P2': {'user_id': 2, 'score': 0, 'lines_cleared': 0}}
[2025-11-11 09:18:53,606] INFO: 📡 Connecting to lobby server at localhost:10002...
[2025-11-11 09:18:53,612] INFO: ✅ Connected to lobby server
[2025-11-11 09:18:53,613] INFO: 🏆 Winner: None
[2025-11-11 09:18:53,613] INFO: 📤 Sending report: {'action': 'report_game_result', 'data': {'room_id': 12, 'winner': None, 'results': {'P1': {'user_id': 1, 'score': 0, 'lines_cleared': 0}, 'P2': {'user_id': 2, 'score': 0, 'lines_cleared': 0}}}}
[2025-11-11 09:18:53,613] INFO: [PROTOCOL] 準備發送 194 bytes
[2025-11-11 09:18:53,613] INFO: [PROTOCOL] 已發送 198/198 bytes
[2025-11-11 09:18:53,613] INFO: [PROTOCOL] ✅ 完整發送 198 bytes
[2025-11-11 09:18:53,613] INFO: ✅ Report sent, waiting for response...
[2025-11-11 09:18:53,703] INFO: 🎮 Game Over! Winner: None
[2025-11-11 09:18:53,703] INFO: [PROTOCOL] 準備發送 158 bytes
[2025-11-11 09:18:53,703] ERROR: [PROTOCOL] ❌ 發送訊息失敗: 發送失敗: [Errno 32] Broken pipe
[2025-11-11 09:18:53,703] INFO: [PROTOCOL] 準備發送 158 bytes
[2025-11-11 09:18:53,703] INFO: [PROTOCOL] 已發送 162/162 bytes
[2025-11-11 09:18:53,703] INFO: [PROTOCOL] ✅ 完整發送 162 bytes
[2025-11-11 09:18:53,703] INFO: 📊 Attempting to report game result to lobby: room=12, results={'P2': {'user_id': 2, 'score': 0, 'lines_cleared': 0, 'max_combo': 0}, 'P1': {'user_id': 1, 'score': 0, 'lines_cleared': 0, 'max_combo': 0}}
[2025-11-11 09:18:53,703] INFO: 📡 Connecting to lobby server at localhost:10002...
[2025-11-11 09:18:53,706] INFO: ✅ Connected to lobby server
[2025-11-11 09:18:53,706] INFO: 🏆 Winner: None
[2025-11-11 09:18:53,706] INFO: 📤 Sending report: {'action': 'report_game_result', 'data': {'room_id': 12, 'winner': None, 'results': {'P2': {'user_id': 2, 'score': 0, 'lines_cleared': 0, 'max_combo': 0}, 'P1': {'user_id': 1, 'score': 0, 'lines_cleared': 0, 'max_combo': 0}}}}
[2025-11-11 09:18:53,706] INFO: [PROTOCOL] 準備發送 226 bytes
[2025-11-11 09:18:53,706] INFO: [PROTOCOL] 已發送 230/230 bytes
[2025-11-11 09:18:53,706] INFO: [PROTOCOL] ✅ 完整發送 230 bytes
[2025-11-11 09:18:53,706] INFO: ✅ Report sent, waiting for response...
[2025-11-11 09:18:54,022] INFO: 🔌 Player 1 input handler stopped
[2025-11-11 09:18:58,614] ERROR: ❌ Failed to report game result: 接收逾時
Traceback (most recent call last):
  File "/Users/ninachung/Documents/GitHub/Network_programming/game_server/../lobby_server/protocol.py", line 77, in recv_exact
    chunk = sock.recv(n - len(data))
            ^^^^^^^^^^^^^^^^^^^^^^^^
ConnectionResetError: [Errno 54] Connection reset by peer

During handling of the above exception, another exception occurred:

Traceback (most recent call last):
  File "/Users/ninachung/Documents/GitHub/Network_programming/game_server/game_server.py", line 316, in handle_player_input
    msg_str = recv_message(sock)
              ^^^^^^^^^^^^^^^^^^
  File "/Users/ninachung/Documents/GitHub/Network_programming/game_server/../lobby_server/protocol.py", line 103, in recv_message
    header = recv_exact(sock, 4)
             ^^^^^^^^^^^^^^^^^^^
  File "/Users/ninachung/Documents/GitHub/Network_programming/game_server/../lobby_server/protocol.py", line 84, in recv_exact
    raise ProtocolError(f"接收失敗: {e}")
lobby_server.protocol.ProtocolError: 接收失敗: [Errno 54] Connection reset by peer

During handling of the above exception, another exception occurred:

Traceback (most recent call last):
  File "/Users/ninachung/Documents/GitHub/Network_programming/game_server/../lobby_server/protocol.py", line 77, in recv_exact
    chunk = sock.recv(n - len(data))
            ^^^^^^^^^^^^^^^^^^^^^^^^
TimeoutError: timed out

During handling of the above exception, another exception occurred:

Traceback (most recent call last):
  File "/Users/ninachung/Documents/GitHub/Network_programming/game_server/game_server.py", line 607, in report_game_result
    response_str = recv_message(lobby_sock)
                   ^^^^^^^^^^^^^^^^^^^^^^^^
  File "/Users/ninachung/Documents/GitHub/Network_programming/game_server/../lobby_server/protocol.py", line 103, in recv_message
    header = recv_exact(sock, 4)
             ^^^^^^^^^^^^^^^^^^^
  File "/Users/ninachung/Documents/GitHub/Network_programming/game_server/../lobby_server/protocol.py", line 82, in recv_exact
    raise ProtocolError("接收逾時")
lobby_server.protocol.ProtocolError: 接收逾時
[2025-11-11 09:18:58,623] INFO: 🏁 Game ended due to player 2 disconnection
[2025-11-11 09:18:58,623] INFO: 🔌 Player 2 input handler stopped
[2025-11-11 09:18:58,707] ERROR: ❌ Failed to report game result: 接收逾時
Traceback (most recent call last):
  File "/Users/ninachung/Documents/GitHub/Network_programming/game_server/../lobby_server/protocol.py", line 77, in recv_exact
    chunk = sock.recv(n - len(data))
            ^^^^^^^^^^^^^^^^^^^^^^^^
TimeoutError: timed out

During handling of the above exception, another exception occurred:

Traceback (most recent call last):
  File "/Users/ninachung/Documents/GitHub/Network_programming/game_server/game_server.py", line 607, in report_game_result
    response_str = recv_message(lobby_sock)
                   ^^^^^^^^^^^^^^^^^^^^^^^^
  File "/Users/ninachung/Documents/GitHub/Network_programming/game_server/../lobby_server/protocol.py", line 103, in recv_message
    header = recv_exact(sock, 4)
             ^^^^^^^^^^^^^^^^^^^
  File "/Users/ninachung/Documents/GitHub/Network_programming/game_server/../lobby_server/protocol.py", line 82, in recv_exact
    raise ProtocolError("接收逾時")
lobby_server.protocol.ProtocolError: 接收逾時
[2025-11-11 09:18:58,708] INFO: 📊 Final results: {'P2': {'user_id': 2, 'score': 0, 'lines_cleared': 0, 'max_combo': 0}, 'P1': {'user_id': 1, 'score': 0, 'lines_cleared': 0, 'max_combo': 0}}
[2025-11-11 09:19:00,713] INFO: 🛑 Shutting down Game Server...
[2025-11-11 09:19:00,714] INFO: ✅ Game Server shut down
[2025-11-11 09:19:00,714] INFO: 🛑 Shutting down Game Server...
[2025-11-11 09:19:00,714] INFO: ✅ Game Server shut down
