[2025-11-11 09:26:09,286] INFO: 🎮 Game Server started on port 10102
[2025-11-11 09:26:09,286] INFO:    Room: 13, Players: [1, 2]
[2025-11-11 09:26:09,287] INFO:    Seed: 1887777926
[2025-11-11 09:26:11,411] INFO: 📥 Player 1 connected from ('127.0.0.1', 55687)
[2025-11-11 09:26:11,415] INFO: [PROTOCOL] 準備發送 121 bytes
[2025-11-11 09:26:11,415] INFO: [PROTOCOL] 已發送 125/125 bytes
[2025-11-11 09:26:11,415] INFO: [PROTOCOL] ✅ 完整發送 125 bytes
[2025-11-11 09:26:11,415] INFO: ✅ Player 2 (P2) ready
[2025-11-11 09:26:11,415] INFO: 📥 Player 2 connected from ('127.0.0.1', 55686)
[2025-11-11 09:26:11,415] INFO: [PROTOCOL] 準備發送 121 bytes
[2025-11-11 09:26:11,416] INFO: [PROTOCOL] 已發送 125/125 bytes
[2025-11-11 09:26:11,416] INFO: [PROTOCOL] ✅ 完整發送 125 bytes
[2025-11-11 09:26:11,416] INFO: ✅ Player 1 (P1) ready
[2025-11-11 09:26:11,416] INFO: ✅ Both players connected, starting game...
[2025-11-11 09:26:11,417] INFO: 🎮 Starting input handler for player 2
[2025-11-11 09:26:11,418] INFO: 🎮 Starting input handler for player 1
[2025-11-11 09:26:11,524] INFO: [PROTOCOL] 準備發送 262 bytes
[2025-11-11 09:26:11,526] INFO: [PROTOCOL] 已發送 266/266 bytes
[2025-11-11 09:26:11,526] INFO: [PROTOCOL] ✅ 完整發送 266 bytes
[2025-11-11 09:26:11,526] INFO: [PROTOCOL] 準備發送 262 bytes
[2025-11-11 09:26:11,526] INFO: [PROTOCOL] 已發送 266/266 bytes
[2025-11-11 09:26:11,526] INFO: [PROTOCOL] ✅ 完整發送 266 bytes
[2025-11-11 09:26:11,526] INFO: [PROTOCOL] 準備發送 262 bytes
[2025-11-11 09:26:11,526] INFO: [PROTOCOL] 已發送 266/266 bytes
[2025-11-11 09:26:11,526] INFO: [PROTOCOL] ✅ 完整發送 266 bytes
[2025-11-11 09:26:11,526] INFO: [PROTOCOL] 準備發送 262 bytes
[2025-11-11 09:26:11,526] INFO: [PROTOCOL] 已發送 266/266 bytes
[2025-11-11 09:26:11,527] INFO: [PROTOCOL] ✅ 完整發送 266 bytes
[2025-11-11 09:26:11,660] INFO: [PROTOCOL] 準備發送 262 bytes
[2025-11-11 09:26:11,661] INFO: [PROTOCOL] 已發送 266/266 bytes
[2025-11-11 09:26:11,661] INFO: [PROTOCOL] ✅ 完整發送 266 bytes
[2025-11-11 09:26:11,661] INFO: [PROTOCOL] 準備發送 262 bytes
[2025-11-11 09:26:11,661] INFO: [PROTOCOL] 已發送 266/266 bytes
[2025-11-11 09:26:11,661] INFO: [PROTOCOL] ✅ 完整發送 266 bytes
[2025-11-11 09:26:11,661] INFO: [PROTOCOL] 準備發送 262 bytes
[2025-11-11 09:26:11,661] INFO: [PROTOCOL] 已發送 266/266 bytes
[2025-11-11 09:26:11,661] INFO: [PROTOCOL] ✅ 完整發送 266 bytes
[2025-11-11 09:26:11,661] INFO: [PROTOCOL] 準備發送 262 bytes
[2025-11-11 09:26:11,661] INFO: [PROTOCOL] 已發送 266/266 bytes
[2025-11-11 09:26:11,661] INFO: [PROTOCOL] ✅ 完整發送 266 bytes
[2025-11-11 09:26:11,765] INFO: [PROTOCOL] 準備發送 262 bytes
[2025-11-11 09:26:11,765] INFO: [PROTOCOL] 已發送 266/266 bytes
[2025-11-11 09:26:11,765] INFO: [PROTOCOL] ✅ 完整發送 266 bytes
[2025-11-11 09:26:11,765] INFO: [PROTOCOL] 準備發送 262 bytes
[2025-11-11 09:26:11,765] INFO: [PROTOCOL] 已發送 266/266 bytes
[2025-11-11 09:26:11,765] INFO: [PROTOCOL] ✅ 完整發送 266 bytes
[2025-11-11 09:26:11,765] INFO: [PROTOCOL] 準備發送 262 bytes
[2025-11-11 09:26:11,766] INFO: [PROTOCOL] 已發送 266/266 bytes
[2025-11-11 09:26:11,766] INFO: [PROTOCOL] ✅ 完整發送 266 bytes
[2025-11-11 09:26:11,766] INFO: [PROTOCOL] 準備發送 262 bytes
[2025-11-11 09:26:11,766] INFO: [PROTOCOL] 已發送 266/266 bytes
[2025-11-11 09:26:11,766] INFO: [PROTOCOL] ✅ 完整發送 266 bytes
[2025-11-11 09:26:11,871] INFO: [PROTOCOL] 準備發送 262 bytes
[2025-11-11 09:26:11,872] INFO: [PROTOCOL] 已發送 266/266 bytes
[2025-11-11 09:26:11,872] INFO: [PROTOCOL] ✅ 完整發送 266 bytes
[2025-11-11 09:26:11,872] INFO: [PROTOCOL] 準備發送 262 bytes
[2025-11-11 09:26:11,872] INFO: [PROTOCOL] 已發送 266/266 bytes
[2025-11-11 09:26:11,872] INFO: [PROTOCOL] ✅ 完整發送 266 bytes
[2025-11-11 09:26:11,872] INFO: [PROTOCOL] 準備發送 262 bytes
[2025-11-11 09:26:11,872] INFO: [PROTOCOL] 已發送 266/266 bytes
[2025-11-11 09:26:11,872] INFO: [PROTOCOL] ✅ 完整發送 266 bytes
[2025-11-11 09:26:11,872] INFO: [PROTOCOL] 準備發送 262 bytes
[2025-11-11 09:26:11,872] INFO: [PROTOCOL] 已發送 266/266 bytes
[2025-11-11 09:26:11,872] INFO: [PROTOCOL] ✅ 完整發送 266 bytes
[2025-11-11 09:26:11,977] INFO: [PROTOCOL] 準備發送 263 bytes
[2025-11-11 09:26:11,978] INFO: [PROTOCOL] 已發送 267/267 bytes
[2025-11-11 09:26:11,978] INFO: [PROTOCOL] ✅ 完整發送 267 bytes
[2025-11-11 09:26:11,978] INFO: [PROTOCOL] 準備發送 263 bytes
[2025-11-11 09:26:11,978] INFO: [PROTOCOL] 已發送 267/267 bytes
[2025-11-11 09:26:11,978] INFO: [PROTOCOL] ✅ 完整發送 267 bytes
[2025-11-11 09:26:11,978] INFO: [PROTOCOL] 準備發送 263 bytes
[2025-11-11 09:26:11,978] INFO: [PROTOCOL] 已發送 267/267 bytes
[2025-11-11 09:26:11,978] INFO: [PROTOCOL] ✅ 完整發送 267 bytes
[2025-11-11 09:26:11,978] INFO: [PROTOCOL] 準備發送 263 bytes
[2025-11-11 09:26:11,978] INFO: [PROTOCOL] 已發送 267/267 bytes
[2025-11-11 09:26:11,978] INFO: [PROTOCOL] ✅ 完整發送 267 bytes
[2025-11-11 09:26:12,083] INFO: [PROTOCOL] 準備發送 263 bytes
[2025-11-11 09:26:12,084] INFO: [PROTOCOL] 已發送 267/267 bytes
[2025-11-11 09:26:12,084] INFO: [PROTOCOL] ✅ 完整發送 267 bytes
[2025-11-11 09:26:12,084] INFO: [PROTOCOL] 準備發送 263 bytes
[2025-11-11 09:26:12,084] INFO: [PROTOCOL] 已發送 267/267 bytes
[2025-11-11 09:26:12,084] INFO: [PROTOCOL] ✅ 完整發送 267 bytes
[2025-11-11 09:26:12,084] INFO: [PROTOCOL] 準備發送 263 bytes
[2025-11-11 09:26:12,084] INFO: [PROTOCOL] 已發送 267/267 bytes
[2025-11-11 09:26:12,084] INFO: [PROTOCOL] ✅ 完整發送 267 bytes
[2025-11-11 09:26:12,084] INFO: [PROTOCOL] 準備發送 263 bytes
[2025-11-11 09:26:12,085] INFO: [PROTOCOL] 已發送 267/267 bytes
[2025-11-11 09:26:12,085] INFO: [PROTOCOL] ✅ 完整發送 267 bytes
[2025-11-11 09:26:12,190] INFO: [PROTOCOL] 準備發送 263 bytes
[2025-11-11 09:26:12,190] INFO: [PROTOCOL] 已發送 267/267 bytes
[2025-11-11 09:26:12,190] INFO: [PROTOCOL] ✅ 完整發送 267 bytes
[2025-11-11 09:26:12,190] INFO: [PROTOCOL] 準備發送 263 bytes
[2025-11-11 09:26:12,190] INFO: [PROTOCOL] 已發送 267/267 bytes
[2025-11-11 09:26:12,190] INFO: [PROTOCOL] ✅ 完整發送 267 bytes
[2025-11-11 09:26:12,190] INFO: [PROTOCOL] 準備發送 263 bytes
[2025-11-11 09:26:12,190] INFO: [PROTOCOL] 已發送 267/267 bytes
[2025-11-11 09:26:12,190] INFO: [PROTOCOL] ✅ 完整發送 267 bytes
[2025-11-11 09:26:12,190] INFO: [PROTOCOL] 準備發送 263 bytes
[2025-11-11 09:26:12,190] INFO: [PROTOCOL] 已發送 267/267 bytes
[2025-11-11 09:26:12,190] INFO: [PROTOCOL] ✅ 完整發送 267 bytes
[2025-11-11 09:26:12,296] INFO: [PROTOCOL] 準備發送 263 bytes
[2025-11-11 09:26:12,296] INFO: [PROTOCOL] 已發送 267/267 bytes
[2025-11-11 09:26:12,297] INFO: [PROTOCOL] ✅ 完整發送 267 bytes
[2025-11-11 09:26:12,297] INFO: [PROTOCOL] 準備發送 263 bytes
[2025-11-11 09:26:12,297] INFO: [PROTOCOL] 已發送 267/267 bytes
[2025-11-11 09:26:12,297] INFO: [PROTOCOL] ✅ 完整發送 267 bytes
[2025-11-11 09:26:12,297] INFO: [PROTOCOL] 準備發送 263 bytes
[2025-11-11 09:26:12,298] INFO: [PROTOCOL] 已發送 267/267 bytes
[2025-11-11 09:26:12,298] INFO: [PROTOCOL] ✅ 完整發送 267 bytes
[2025-11-11 09:26:12,298] INFO: [PROTOCOL] 準備發送 263 bytes
[2025-11-11 09:26:12,298] INFO: [PROTOCOL] 已發送 267/267 bytes
[2025-11-11 09:26:12,298] INFO: [PROTOCOL] ✅ 完整發送 267 bytes
[2025-11-11 09:26:12,403] INFO: [PROTOCOL] 準備發送 263 bytes
[2025-11-11 09:26:12,403] INFO: [PROTOCOL] 已發送 267/267 bytes
[2025-11-11 09:26:12,404] INFO: [PROTOCOL] ✅ 完整發送 267 bytes
[2025-11-11 09:26:12,404] INFO: [PROTOCOL] 準備發送 263 bytes
[2025-11-11 09:26:12,404] INFO: [PROTOCOL] 已發送 267/267 bytes
[2025-11-11 09:26:12,404] INFO: [PROTOCOL] ✅ 完整發送 267 bytes
[2025-11-11 09:26:12,404] INFO: [PROTOCOL] 準備發送 263 bytes
[2025-11-11 09:26:12,404] INFO: [PROTOCOL] 已發送 267/267 bytes
[2025-11-11 09:26:12,404] INFO: [PROTOCOL] ✅ 完整發送 267 bytes
[2025-11-11 09:26:12,404] INFO: [PROTOCOL] 準備發送 263 bytes
[2025-11-11 09:26:12,404] INFO: [PROTOCOL] 已發送 267/267 bytes
[2025-11-11 09:26:12,404] INFO: [PROTOCOL] ✅ 完整發送 267 bytes
[2025-11-11 09:26:12,508] INFO: [PROTOCOL] 準備發送 264 bytes
[2025-11-11 09:26:12,508] INFO: [PROTOCOL] 已發送 268/268 bytes
[2025-11-11 09:26:12,508] INFO: [PROTOCOL] ✅ 完整發送 268 bytes
[2025-11-11 09:26:12,508] INFO: [PROTOCOL] 準備發送 264 bytes
[2025-11-11 09:26:12,508] INFO: [PROTOCOL] 已發送 268/268 bytes
[2025-11-11 09:26:12,508] INFO: [PROTOCOL] ✅ 完整發送 268 bytes
[2025-11-11 09:26:12,508] INFO: [PROTOCOL] 準備發送 264 bytes
[2025-11-11 09:26:12,508] INFO: [PROTOCOL] 已發送 268/268 bytes
[2025-11-11 09:26:12,508] INFO: [PROTOCOL] ✅ 完整發送 268 bytes
[2025-11-11 09:26:12,508] INFO: [PROTOCOL] 準備發送 264 bytes
[2025-11-11 09:26:12,508] INFO: [PROTOCOL] 已發送 268/268 bytes
[2025-11-11 09:26:12,508] INFO: [PROTOCOL] ✅ 完整發送 268 bytes
[2025-11-11 09:26:12,614] INFO: [PROTOCOL] 準備發送 264 bytes
[2025-11-11 09:26:12,614] INFO: [PROTOCOL] 已發送 268/268 bytes
[2025-11-11 09:26:12,614] INFO: [PROTOCOL] ✅ 完整發送 268 bytes
[2025-11-11 09:26:12,614] INFO: [PROTOCOL] 準備發送 264 bytes
[2025-11-11 09:26:12,614] INFO: [PROTOCOL] 已發送 268/268 bytes
[2025-11-11 09:26:12,614] INFO: [PROTOCOL] ✅ 完整發送 268 bytes
[2025-11-11 09:26:12,614] INFO: [PROTOCOL] 準備發送 264 bytes
[2025-11-11 09:26:12,614] INFO: [PROTOCOL] 已發送 268/268 bytes
[2025-11-11 09:26:12,614] INFO: [PROTOCOL] ✅ 完整發送 268 bytes
[2025-11-11 09:26:12,614] INFO: [PROTOCOL] 準備發送 264 bytes
[2025-11-11 09:26:12,614] INFO: [PROTOCOL] 已發送 268/268 bytes
[2025-11-11 09:26:12,614] INFO: [PROTOCOL] ✅ 完整發送 268 bytes
[2025-11-11 09:26:12,720] INFO: [PROTOCOL] 準備發送 264 bytes
[2025-11-11 09:26:12,721] INFO: [PROTOCOL] 已發送 268/268 bytes
[2025-11-11 09:26:12,721] INFO: [PROTOCOL] ✅ 完整發送 268 bytes
[2025-11-11 09:26:12,721] INFO: [PROTOCOL] 準備發送 264 bytes
[2025-11-11 09:26:12,721] INFO: [PROTOCOL] 已發送 268/268 bytes
[2025-11-11 09:26:12,721] INFO: [PROTOCOL] ✅ 完整發送 268 bytes
[2025-11-11 09:26:12,721] INFO: [PROTOCOL] 準備發送 264 bytes
[2025-11-11 09:26:12,721] INFO: [PROTOCOL] 已發送 268/268 bytes
[2025-11-11 09:26:12,721] INFO: [PROTOCOL] ✅ 完整發送 268 bytes
[2025-11-11 09:26:12,721] INFO: [PROTOCOL] 準備發送 264 bytes
[2025-11-11 09:26:12,721] INFO: [PROTOCOL] 已發送 268/268 bytes
[2025-11-11 09:26:12,721] INFO: [PROTOCOL] ✅ 完整發送 268 bytes
[2025-11-11 09:26:12,826] INFO: [PROTOCOL] 準備發送 264 bytes
[2025-11-11 09:26:12,827] INFO: [PROTOCOL] 已發送 268/268 bytes
[2025-11-11 09:26:12,827] INFO: [PROTOCOL] ✅ 完整發送 268 bytes
[2025-11-11 09:26:12,827] INFO: [PROTOCOL] 準備發送 264 bytes
[2025-11-11 09:26:12,827] INFO: [PROTOCOL] 已發送 268/268 bytes
[2025-11-11 09:26:12,827] INFO: [PROTOCOL] ✅ 完整發送 268 bytes
[2025-11-11 09:26:12,827] INFO: [PROTOCOL] 準備發送 264 bytes
[2025-11-11 09:26:12,827] INFO: [PROTOCOL] 已發送 268/268 bytes
[2025-11-11 09:26:12,827] INFO: [PROTOCOL] ✅ 完整發送 268 bytes
[2025-11-11 09:26:12,827] INFO: [PROTOCOL] 準備發送 264 bytes
[2025-11-11 09:26:12,827] INFO: [PROTOCOL] 已發送 268/268 bytes
[2025-11-11 09:26:12,827] INFO: [PROTOCOL] ✅ 完整發送 268 bytes
[2025-11-11 09:26:12,932] INFO: [PROTOCOL] 準備發送 264 bytes
[2025-11-11 09:26:12,932] INFO: [PROTOCOL] 已發送 268/268 bytes
[2025-11-11 09:26:12,933] INFO: [PROTOCOL] ✅ 完整發送 268 bytes
[2025-11-11 09:26:12,933] INFO: [PROTOCOL] 準備發送 264 bytes
[2025-11-11 09:26:12,933] INFO: [PROTOCOL] 已發送 268/268 bytes
[2025-11-11 09:26:12,933] INFO: [PROTOCOL] ✅ 完整發送 268 bytes
[2025-11-11 09:26:12,933] INFO: [PROTOCOL] 準備發送 264 bytes
[2025-11-11 09:26:12,933] INFO: [PROTOCOL] 已發送 268/268 bytes
[2025-11-11 09:26:12,934] INFO: [PROTOCOL] ✅ 完整發送 268 bytes
[2025-11-11 09:26:12,934] INFO: [PROTOCOL] 準備發送 264 bytes
[2025-11-11 09:26:12,934] INFO: [PROTOCOL] 已發送 268/268 bytes
[2025-11-11 09:26:12,934] INFO: [PROTOCOL] ✅ 完整發送 268 bytes
[2025-11-11 09:26:13,039] INFO: [PROTOCOL] 準備發送 264 bytes
[2025-11-11 09:26:13,039] INFO: [PROTOCOL] 已發送 268/268 bytes
[2025-11-11 09:26:13,039] INFO: [PROTOCOL] ✅ 完整發送 268 bytes
[2025-11-11 09:26:13,039] INFO: [PROTOCOL] 準備發送 264 bytes
[2025-11-11 09:26:13,039] INFO: [PROTOCOL] 已發送 268/268 bytes
[2025-11-11 09:26:13,039] INFO: [PROTOCOL] ✅ 完整發送 268 bytes
[2025-11-11 09:26:13,039] INFO: [PROTOCOL] 準備發送 264 bytes
[2025-11-11 09:26:13,039] INFO: [PROTOCOL] 已發送 268/268 bytes
[2025-11-11 09:26:13,039] INFO: [PROTOCOL] ✅ 完整發送 268 bytes
[2025-11-11 09:26:13,039] INFO: [PROTOCOL] 準備發送 264 bytes
[2025-11-11 09:26:13,039] INFO: [PROTOCOL] 已發送 268/268 bytes
[2025-11-11 09:26:13,039] INFO: [PROTOCOL] ✅ 完整發送 268 bytes
[2025-11-11 09:26:13,142] INFO: [PROTOCOL] 準備發送 264 bytes
[2025-11-11 09:26:13,142] INFO: [PROTOCOL] 已發送 268/268 bytes
[2025-11-11 09:26:13,142] INFO: [PROTOCOL] ✅ 完整發送 268 bytes
[2025-11-11 09:26:13,142] INFO: [PROTOCOL] 準備發送 264 bytes
[2025-11-11 09:26:13,142] INFO: [PROTOCOL] 已發送 268/268 bytes
[2025-11-11 09:26:13,142] INFO: [PROTOCOL] ✅ 完整發送 268 bytes
[2025-11-11 09:26:13,142] INFO: [PROTOCOL] 準備發送 264 bytes
[2025-11-11 09:26:13,142] INFO: [PROTOCOL] 已發送 268/268 bytes
[2025-11-11 09:26:13,142] INFO: [PROTOCOL] ✅ 完整發送 268 bytes
[2025-11-11 09:26:13,142] INFO: [PROTOCOL] 準備發送 264 bytes
[2025-11-11 09:26:13,142] INFO: [PROTOCOL] 已發送 268/268 bytes
[2025-11-11 09:26:13,142] INFO: [PROTOCOL] ✅ 完整發送 268 bytes
[2025-11-11 09:26:13,244] INFO: [PROTOCOL] 準備發送 264 bytes
[2025-11-11 09:26:13,244] INFO: [PROTOCOL] 已發送 268/268 bytes
[2025-11-11 09:26:13,244] INFO: [PROTOCOL] ✅ 完整發送 268 bytes
[2025-11-11 09:26:13,244] INFO: [PROTOCOL] 準備發送 264 bytes
[2025-11-11 09:26:13,244] INFO: [PROTOCOL] 已發送 268/268 bytes
[2025-11-11 09:26:13,244] INFO: [PROTOCOL] ✅ 完整發送 268 bytes
[2025-11-11 09:26:13,244] INFO: [PROTOCOL] 準備發送 264 bytes
[2025-11-11 09:26:13,244] INFO: [PROTOCOL] 已發送 268/268 bytes
[2025-11-11 09:26:13,244] INFO: [PROTOCOL] ✅ 完整發送 268 bytes
[2025-11-11 09:26:13,244] INFO: [PROTOCOL] 準備發送 264 bytes
[2025-11-11 09:26:13,244] INFO: [PROTOCOL] 已發送 268/268 bytes
[2025-11-11 09:26:13,245] INFO: [PROTOCOL] ✅ 完整發送 268 bytes
[2025-11-11 09:26:13,346] INFO: [PROTOCOL] 準備發送 264 bytes
[2025-11-11 09:26:13,347] INFO: [PROTOCOL] 已發送 268/268 bytes
[2025-11-11 09:26:13,347] INFO: [PROTOCOL] ✅ 完整發送 268 bytes
[2025-11-11 09:26:13,347] INFO: [PROTOCOL] 準備發送 264 bytes
[2025-11-11 09:26:13,347] INFO: [PROTOCOL] 已發送 268/268 bytes
[2025-11-11 09:26:13,347] INFO: [PROTOCOL] ✅ 完整發送 268 bytes
[2025-11-11 09:26:13,347] INFO: [PROTOCOL] 準備發送 264 bytes
[2025-11-11 09:26:13,347] INFO: [PROTOCOL] 已發送 268/268 bytes
[2025-11-11 09:26:13,347] INFO: [PROTOCOL] ✅ 完整發送 268 bytes
[2025-11-11 09:26:13,347] INFO: [PROTOCOL] 準備發送 264 bytes
[2025-11-11 09:26:13,347] INFO: [PROTOCOL] 已發送 268/268 bytes
[2025-11-11 09:26:13,347] INFO: [PROTOCOL] ✅ 完整發送 268 bytes
[2025-11-11 09:26:13,452] INFO: [PROTOCOL] 準備發送 264 bytes
[2025-11-11 09:26:13,452] INFO: [PROTOCOL] 已發送 268/268 bytes
[2025-11-11 09:26:13,452] INFO: [PROTOCOL] ✅ 完整發送 268 bytes
[2025-11-11 09:26:13,452] INFO: [PROTOCOL] 準備發送 264 bytes
[2025-11-11 09:26:13,452] INFO: [PROTOCOL] 已發送 268/268 bytes
[2025-11-11 09:26:13,452] INFO: [PROTOCOL] ✅ 完整發送 268 bytes
[2025-11-11 09:26:13,452] INFO: [PROTOCOL] 準備發送 264 bytes
[2025-11-11 09:26:13,452] INFO: [PROTOCOL] 已發送 268/268 bytes
[2025-11-11 09:26:13,452] INFO: [PROTOCOL] ✅ 完整發送 268 bytes
[2025-11-11 09:26:13,452] INFO: [PROTOCOL] 準備發送 264 bytes
[2025-11-11 09:26:13,452] INFO: [PROTOCOL] 已發送 268/268 bytes
[2025-11-11 09:26:13,452] INFO: [PROTOCOL] ✅ 完整發送 268 bytes
[2025-11-11 09:26:13,558] INFO: [PROTOCOL] 準備發送 264 bytes
[2025-11-11 09:26:13,558] INFO: [PROTOCOL] 已發送 268/268 bytes
[2025-11-11 09:26:13,558] INFO: [PROTOCOL] ✅ 完整發送 268 bytes
[2025-11-11 09:26:13,558] INFO: [PROTOCOL] 準備發送 264 bytes
[2025-11-11 09:26:13,558] INFO: [PROTOCOL] 已發送 268/268 bytes
[2025-11-11 09:26:13,558] INFO: [PROTOCOL] ✅ 完整發送 268 bytes
[2025-11-11 09:26:13,558] INFO: [PROTOCOL] 準備發送 264 bytes
[2025-11-11 09:26:13,558] INFO: [PROTOCOL] 已發送 268/268 bytes
[2025-11-11 09:26:13,558] INFO: [PROTOCOL] ✅ 完整發送 268 bytes
[2025-11-11 09:26:13,558] INFO: [PROTOCOL] 準備發送 264 bytes
[2025-11-11 09:26:13,558] INFO: [PROTOCOL] 已發送 268/268 bytes
[2025-11-11 09:26:13,558] INFO: [PROTOCOL] ✅ 完整發送 268 bytes
[2025-11-11 09:26:13,663] INFO: [PROTOCOL] 準備發送 264 bytes
[2025-11-11 09:26:13,663] INFO: [PROTOCOL] 已發送 268/268 bytes
[2025-11-11 09:26:13,663] INFO: [PROTOCOL] ✅ 完整發送 268 bytes
[2025-11-11 09:26:13,663] INFO: [PROTOCOL] 準備發送 264 bytes
[2025-11-11 09:26:13,664] INFO: [PROTOCOL] 已發送 268/268 bytes
[2025-11-11 09:26:13,664] INFO: [PROTOCOL] ✅ 完整發送 268 bytes
[2025-11-11 09:26:13,664] INFO: [PROTOCOL] 準備發送 264 bytes
[2025-11-11 09:26:13,664] INFO: [PROTOCOL] 已發送 268/268 bytes
[2025-11-11 09:26:13,664] INFO: [PROTOCOL] ✅ 完整發送 268 bytes
[2025-11-11 09:26:13,664] INFO: [PROTOCOL] 準備發送 264 bytes
[2025-11-11 09:26:13,665] INFO: [PROTOCOL] 已發送 268/268 bytes
[2025-11-11 09:26:13,665] INFO: [PROTOCOL] ✅ 完整發送 268 bytes
[2025-11-11 09:26:13,769] INFO: [PROTOCOL] 準備發送 264 bytes
[2025-11-11 09:26:13,769] INFO: [PROTOCOL] 已發送 268/268 bytes
[2025-11-11 09:26:13,769] INFO: [PROTOCOL] ✅ 完整發送 268 bytes
[2025-11-11 09:26:13,769] INFO: [PROTOCOL] 準備發送 264 bytes
[2025-11-11 09:26:13,769] INFO: [PROTOCOL] 已發送 268/268 bytes
[2025-11-11 09:26:13,769] INFO: [PROTOCOL] ✅ 完整發送 268 bytes
[2025-11-11 09:26:13,770] INFO: [PROTOCOL] 準備發送 264 bytes
[2025-11-11 09:26:13,770] INFO: [PROTOCOL] 已發送 268/268 bytes
[2025-11-11 09:26:13,770] INFO: [PROTOCOL] ✅ 完整發送 268 bytes
[2025-11-11 09:26:13,770] INFO: [PROTOCOL] 準備發送 264 bytes
[2025-11-11 09:26:13,770] INFO: [PROTOCOL] 已發送 268/268 bytes
[2025-11-11 09:26:13,770] INFO: [PROTOCOL] ✅ 完整發送 268 bytes
[2025-11-11 09:26:13,873] INFO: [PROTOCOL] 準備發送 264 bytes
[2025-11-11 09:26:13,873] INFO: [PROTOCOL] 已發送 268/268 bytes
[2025-11-11 09:26:13,873] INFO: [PROTOCOL] ✅ 完整發送 268 bytes
[2025-11-11 09:26:13,873] INFO: [PROTOCOL] 準備發送 264 bytes
[2025-11-11 09:26:13,873] INFO: [PROTOCOL] 已發送 268/268 bytes
[2025-11-11 09:26:13,873] INFO: [PROTOCOL] ✅ 完整發送 268 bytes
[2025-11-11 09:26:13,873] INFO: [PROTOCOL] 準備發送 264 bytes
[2025-11-11 09:26:13,873] INFO: [PROTOCOL] 已發送 268/268 bytes
[2025-11-11 09:26:13,874] INFO: [PROTOCOL] ✅ 完整發送 268 bytes
[2025-11-11 09:26:13,874] INFO: [PROTOCOL] 準備發送 264 bytes
[2025-11-11 09:26:13,874] INFO: [PROTOCOL] 已發送 268/268 bytes
[2025-11-11 09:26:13,874] INFO: [PROTOCOL] ✅ 完整發送 268 bytes
[2025-11-11 09:26:13,979] INFO: [PROTOCOL] 準備發送 264 bytes
[2025-11-11 09:26:13,979] INFO: [PROTOCOL] 已發送 268/268 bytes
[2025-11-11 09:26:13,979] INFO: [PROTOCOL] ✅ 完整發送 268 bytes
[2025-11-11 09:26:13,979] INFO: [PROTOCOL] 準備發送 264 bytes
[2025-11-11 09:26:13,980] INFO: [PROTOCOL] 已發送 268/268 bytes
[2025-11-11 09:26:13,980] INFO: [PROTOCOL] ✅ 完整發送 268 bytes
[2025-11-11 09:26:13,980] INFO: [PROTOCOL] 準備發送 264 bytes
[2025-11-11 09:26:13,980] INFO: [PROTOCOL] 已發送 268/268 bytes
[2025-11-11 09:26:13,980] INFO: [PROTOCOL] ✅ 完整發送 268 bytes
[2025-11-11 09:26:13,980] INFO: [PROTOCOL] 準備發送 264 bytes
[2025-11-11 09:26:13,980] INFO: [PROTOCOL] 已發送 268/268 bytes
[2025-11-11 09:26:13,980] INFO: [PROTOCOL] ✅ 完整發送 268 bytes
[2025-11-11 09:26:14,082] INFO: [PROTOCOL] 準備發送 264 bytes
[2025-11-11 09:26:14,082] INFO: [PROTOCOL] 已發送 268/268 bytes
[2025-11-11 09:26:14,082] INFO: [PROTOCOL] ✅ 完整發送 268 bytes
[2025-11-11 09:26:14,082] INFO: [PROTOCOL] 準備發送 264 bytes
[2025-11-11 09:26:14,082] INFO: [PROTOCOL] 已發送 268/268 bytes
[2025-11-11 09:26:14,082] INFO: [PROTOCOL] ✅ 完整發送 268 bytes
[2025-11-11 09:26:14,082] INFO: [PROTOCOL] 準備發送 264 bytes
[2025-11-11 09:26:14,082] INFO: [PROTOCOL] 已發送 268/268 bytes
[2025-11-11 09:26:14,082] INFO: [PROTOCOL] ✅ 完整發送 268 bytes
[2025-11-11 09:26:14,082] INFO: [PROTOCOL] 準備發送 264 bytes
[2025-11-11 09:26:14,082] INFO: [PROTOCOL] 已發送 268/268 bytes
[2025-11-11 09:26:14,082] INFO: [PROTOCOL] ✅ 完整發送 268 bytes
[2025-11-11 09:26:14,188] INFO: [PROTOCOL] 準備發送 264 bytes
[2025-11-11 09:26:14,188] INFO: [PROTOCOL] 已發送 268/268 bytes
[2025-11-11 09:26:14,188] INFO: [PROTOCOL] ✅ 完整發送 268 bytes
[2025-11-11 09:26:14,188] INFO: [PROTOCOL] 準備發送 264 bytes
[2025-11-11 09:26:14,188] INFO: [PROTOCOL] 已發送 268/268 bytes
[2025-11-11 09:26:14,188] INFO: [PROTOCOL] ✅ 完整發送 268 bytes
[2025-11-11 09:26:14,188] INFO: [PROTOCOL] 準備發送 264 bytes
[2025-11-11 09:26:14,188] INFO: [PROTOCOL] 已發送 268/268 bytes
[2025-11-11 09:26:14,188] INFO: [PROTOCOL] ✅ 完整發送 268 bytes
[2025-11-11 09:26:14,188] INFO: [PROTOCOL] 準備發送 264 bytes
[2025-11-11 09:26:14,188] INFO: [PROTOCOL] 已發送 268/268 bytes
[2025-11-11 09:26:14,188] INFO: [PROTOCOL] ✅ 完整發送 268 bytes
[2025-11-11 09:26:14,292] INFO: [PROTOCOL] 準備發送 264 bytes
[2025-11-11 09:26:14,292] INFO: [PROTOCOL] 已發送 268/268 bytes
[2025-11-11 09:26:14,292] INFO: [PROTOCOL] ✅ 完整發送 268 bytes
[2025-11-11 09:26:14,292] INFO: [PROTOCOL] 準備發送 264 bytes
[2025-11-11 09:26:14,293] INFO: [PROTOCOL] 已發送 268/268 bytes
[2025-11-11 09:26:14,293] INFO: [PROTOCOL] ✅ 完整發送 268 bytes
[2025-11-11 09:26:14,293] INFO: [PROTOCOL] 準備發送 264 bytes
[2025-11-11 09:26:14,293] INFO: [PROTOCOL] 已發送 268/268 bytes
[2025-11-11 09:26:14,293] INFO: [PROTOCOL] ✅ 完整發送 268 bytes
[2025-11-11 09:26:14,293] INFO: [PROTOCOL] 準備發送 264 bytes
[2025-11-11 09:26:14,293] INFO: [PROTOCOL] 已發送 268/268 bytes
[2025-11-11 09:26:14,293] INFO: [PROTOCOL] ✅ 完整發送 268 bytes
[2025-11-11 09:26:14,398] INFO: [PROTOCOL] 準備發送 264 bytes
[2025-11-11 09:26:14,398] INFO: [PROTOCOL] 已發送 268/268 bytes
[2025-11-11 09:26:14,398] INFO: [PROTOCOL] ✅ 完整發送 268 bytes
[2025-11-11 09:26:14,398] INFO: [PROTOCOL] 準備發送 264 bytes
[2025-11-11 09:26:14,398] INFO: [PROTOCOL] 已發送 268/268 bytes
[2025-11-11 09:26:14,398] INFO: [PROTOCOL] ✅ 完整發送 268 bytes
[2025-11-11 09:26:14,398] INFO: [PROTOCOL] 準備發送 264 bytes
[2025-11-11 09:26:14,398] INFO: [PROTOCOL] 已發送 268/268 bytes
[2025-11-11 09:26:14,398] INFO: [PROTOCOL] ✅ 完整發送 268 bytes
[2025-11-11 09:26:14,398] INFO: [PROTOCOL] 準備發送 264 bytes
[2025-11-11 09:26:14,398] INFO: [PROTOCOL] 已發送 268/268 bytes
[2025-11-11 09:26:14,399] INFO: [PROTOCOL] ✅ 完整發送 268 bytes
[2025-11-11 09:26:14,499] INFO: [PROTOCOL] 準備發送 264 bytes
[2025-11-11 09:26:14,500] INFO: [PROTOCOL] 已發送 268/268 bytes
[2025-11-11 09:26:14,500] INFO: [PROTOCOL] ✅ 完整發送 268 bytes
[2025-11-11 09:26:14,500] INFO: [PROTOCOL] 準備發送 264 bytes
[2025-11-11 09:26:14,500] INFO: [PROTOCOL] 已發送 268/268 bytes
[2025-11-11 09:26:14,500] INFO: [PROTOCOL] ✅ 完整發送 268 bytes
[2025-11-11 09:26:14,500] INFO: [PROTOCOL] 準備發送 264 bytes
[2025-11-11 09:26:14,500] INFO: [PROTOCOL] 已發送 268/268 bytes
[2025-11-11 09:26:14,500] INFO: [PROTOCOL] ✅ 完整發送 268 bytes
[2025-11-11 09:26:14,500] INFO: [PROTOCOL] 準備發送 264 bytes
[2025-11-11 09:26:14,500] INFO: [PROTOCOL] 已發送 268/268 bytes
[2025-11-11 09:26:14,500] INFO: [PROTOCOL] ✅ 完整發送 268 bytes
[2025-11-11 09:26:14,603] INFO: [PROTOCOL] 準備發送 264 bytes
[2025-11-11 09:26:14,604] INFO: [PROTOCOL] 已發送 268/268 bytes
[2025-11-11 09:26:14,604] INFO: [PROTOCOL] ✅ 完整發送 268 bytes
[2025-11-11 09:26:14,604] INFO: [PROTOCOL] 準備發送 264 bytes
[2025-11-11 09:26:14,605] INFO: [PROTOCOL] 已發送 268/268 bytes
[2025-11-11 09:26:14,605] INFO: [PROTOCOL] ✅ 完整發送 268 bytes
[2025-11-11 09:26:14,605] INFO: [PROTOCOL] 準備發送 264 bytes
[2025-11-11 09:26:14,605] INFO: [PROTOCOL] 已發送 268/268 bytes
[2025-11-11 09:26:14,605] INFO: [PROTOCOL] ✅ 完整發送 268 bytes
[2025-11-11 09:26:14,605] INFO: [PROTOCOL] 準備發送 264 bytes
[2025-11-11 09:26:14,605] INFO: [PROTOCOL] 已發送 268/268 bytes
[2025-11-11 09:26:14,605] INFO: [PROTOCOL] ✅ 完整發送 268 bytes
[2025-11-11 09:26:14,710] INFO: [PROTOCOL] 準備發送 264 bytes
[2025-11-11 09:26:14,711] INFO: [PROTOCOL] 已發送 268/268 bytes
[2025-11-11 09:26:14,711] INFO: [PROTOCOL] ✅ 完整發送 268 bytes
[2025-11-11 09:26:14,711] INFO: [PROTOCOL] 準備發送 264 bytes
[2025-11-11 09:26:14,711] INFO: [PROTOCOL] 已發送 268/268 bytes
[2025-11-11 09:26:14,711] INFO: [PROTOCOL] ✅ 完整發送 268 bytes
[2025-11-11 09:26:14,711] INFO: [PROTOCOL] 準備發送 264 bytes
[2025-11-11 09:26:14,711] INFO: [PROTOCOL] 已發送 268/268 bytes
[2025-11-11 09:26:14,711] INFO: [PROTOCOL] ✅ 完整發送 268 bytes
[2025-11-11 09:26:14,711] INFO: [PROTOCOL] 準備發送 264 bytes
[2025-11-11 09:26:14,711] INFO: [PROTOCOL] 已發送 268/268 bytes
[2025-11-11 09:26:14,711] INFO: [PROTOCOL] ✅ 完整發送 268 bytes
[2025-11-11 09:26:14,816] INFO: [PROTOCOL] 準備發送 264 bytes
[2025-11-11 09:26:14,816] INFO: [PROTOCOL] 已發送 268/268 bytes
[2025-11-11 09:26:14,816] INFO: [PROTOCOL] ✅ 完整發送 268 bytes
[2025-11-11 09:26:14,816] INFO: [PROTOCOL] 準備發送 264 bytes
[2025-11-11 09:26:14,816] INFO: [PROTOCOL] 已發送 268/268 bytes
[2025-11-11 09:26:14,816] INFO: [PROTOCOL] ✅ 完整發送 268 bytes
[2025-11-11 09:26:14,816] INFO: [PROTOCOL] 準備發送 264 bytes
[2025-11-11 09:26:14,816] INFO: [PROTOCOL] 已發送 268/268 bytes
[2025-11-11 09:26:14,816] INFO: [PROTOCOL] ✅ 完整發送 268 bytes
[2025-11-11 09:26:14,816] INFO: [PROTOCOL] 準備發送 264 bytes
[2025-11-11 09:26:14,816] INFO: [PROTOCOL] 已發送 268/268 bytes
[2025-11-11 09:26:14,817] INFO: [PROTOCOL] ✅ 完整發送 268 bytes
[2025-11-11 09:26:14,920] INFO: [PROTOCOL] 準備發送 264 bytes
[2025-11-11 09:26:14,920] INFO: [PROTOCOL] 已發送 268/268 bytes
[2025-11-11 09:26:14,920] INFO: [PROTOCOL] ✅ 完整發送 268 bytes
[2025-11-11 09:26:14,920] INFO: [PROTOCOL] 準備發送 264 bytes
[2025-11-11 09:26:14,920] INFO: [PROTOCOL] 已發送 268/268 bytes
[2025-11-11 09:26:14,920] INFO: [PROTOCOL] ✅ 完整發送 268 bytes
[2025-11-11 09:26:14,920] INFO: [PROTOCOL] 準備發送 264 bytes
[2025-11-11 09:26:14,920] INFO: [PROTOCOL] 已發送 268/268 bytes
[2025-11-11 09:26:14,920] INFO: [PROTOCOL] ✅ 完整發送 268 bytes
[2025-11-11 09:26:14,920] INFO: [PROTOCOL] 準備發送 264 bytes
[2025-11-11 09:26:14,920] INFO: [PROTOCOL] 已發送 268/268 bytes
[2025-11-11 09:26:14,920] INFO: [PROTOCOL] ✅ 完整發送 268 bytes
[2025-11-11 09:26:15,022] INFO: [PROTOCOL] 準備發送 264 bytes
[2025-11-11 09:26:15,022] INFO: [PROTOCOL] 已發送 268/268 bytes
[2025-11-11 09:26:15,023] INFO: [PROTOCOL] ✅ 完整發送 268 bytes
[2025-11-11 09:26:15,023] INFO: [PROTOCOL] 準備發送 264 bytes
[2025-11-11 09:26:15,023] INFO: [PROTOCOL] 已發送 268/268 bytes
[2025-11-11 09:26:15,023] INFO: [PROTOCOL] ✅ 完整發送 268 bytes
[2025-11-11 09:26:15,023] INFO: [PROTOCOL] 準備發送 264 bytes
[2025-11-11 09:26:15,023] INFO: [PROTOCOL] 已發送 268/268 bytes
[2025-11-11 09:26:15,023] INFO: [PROTOCOL] ✅ 完整發送 268 bytes
[2025-11-11 09:26:15,023] INFO: [PROTOCOL] 準備發送 264 bytes
[2025-11-11 09:26:15,023] INFO: [PROTOCOL] 已發送 268/268 bytes
[2025-11-11 09:26:15,023] INFO: [PROTOCOL] ✅ 完整發送 268 bytes
[2025-11-11 09:26:15,128] INFO: [PROTOCOL] 準備發送 264 bytes
[2025-11-11 09:26:15,129] INFO: [PROTOCOL] 已發送 268/268 bytes
[2025-11-11 09:26:15,129] INFO: [PROTOCOL] ✅ 完整發送 268 bytes
[2025-11-11 09:26:15,129] INFO: [PROTOCOL] 準備發送 264 bytes
[2025-11-11 09:26:15,129] INFO: [PROTOCOL] 已發送 268/268 bytes
[2025-11-11 09:26:15,129] INFO: [PROTOCOL] ✅ 完整發送 268 bytes
[2025-11-11 09:26:15,129] INFO: [PROTOCOL] 準備發送 264 bytes
[2025-11-11 09:26:15,129] INFO: [PROTOCOL] 已發送 268/268 bytes
[2025-11-11 09:26:15,129] INFO: [PROTOCOL] ✅ 完整發送 268 bytes
[2025-11-11 09:26:15,129] INFO: [PROTOCOL] 準備發送 264 bytes
[2025-11-11 09:26:15,130] INFO: [PROTOCOL] 已發送 268/268 bytes
[2025-11-11 09:26:15,130] INFO: [PROTOCOL] ✅ 完整發送 268 bytes
[2025-11-11 09:26:15,235] INFO: [PROTOCOL] 準備發送 264 bytes
[2025-11-11 09:26:15,235] INFO: [PROTOCOL] 已發送 268/268 bytes
[2025-11-11 09:26:15,236] INFO: [PROTOCOL] ✅ 完整發送 268 bytes
[2025-11-11 09:26:15,236] INFO: [PROTOCOL] 準備發送 264 bytes
[2025-11-11 09:26:15,236] INFO: [PROTOCOL] 已發送 268/268 bytes
[2025-11-11 09:26:15,236] INFO: [PROTOCOL] ✅ 完整發送 268 bytes
[2025-11-11 09:26:15,236] INFO: [PROTOCOL] 準備發送 264 bytes
[2025-11-11 09:26:15,236] INFO: [PROTOCOL] 已發送 268/268 bytes
[2025-11-11 09:26:15,236] INFO: [PROTOCOL] ✅ 完整發送 268 bytes
[2025-11-11 09:26:15,236] INFO: [PROTOCOL] 準備發送 264 bytes
[2025-11-11 09:26:15,237] INFO: [PROTOCOL] 已發送 268/268 bytes
[2025-11-11 09:26:15,237] INFO: [PROTOCOL] ✅ 完整發送 268 bytes
[2025-11-11 09:26:15,339] INFO: [PROTOCOL] 準備發送 264 bytes
[2025-11-11 09:26:15,339] INFO: [PROTOCOL] 已發送 268/268 bytes
[2025-11-11 09:26:15,339] INFO: [PROTOCOL] ✅ 完整發送 268 bytes
[2025-11-11 09:26:15,339] INFO: [PROTOCOL] 準備發送 264 bytes
[2025-11-11 09:26:15,339] INFO: [PROTOCOL] 已發送 268/268 bytes
[2025-11-11 09:26:15,339] INFO: [PROTOCOL] ✅ 完整發送 268 bytes
[2025-11-11 09:26:15,339] INFO: [PROTOCOL] 準備發送 264 bytes
[2025-11-11 09:26:15,339] INFO: [PROTOCOL] 已發送 268/268 bytes
[2025-11-11 09:26:15,339] INFO: [PROTOCOL] ✅ 完整發送 268 bytes
[2025-11-11 09:26:15,339] INFO: [PROTOCOL] 準備發送 264 bytes
[2025-11-11 09:26:15,339] INFO: [PROTOCOL] 已發送 268/268 bytes
[2025-11-11 09:26:15,340] INFO: [PROTOCOL] ✅ 完整發送 268 bytes
[2025-11-11 09:26:15,445] INFO: [PROTOCOL] 準備發送 264 bytes
[2025-11-11 09:26:15,445] INFO: [PROTOCOL] 已發送 268/268 bytes
[2025-11-11 09:26:15,445] INFO: [PROTOCOL] ✅ 完整發送 268 bytes
[2025-11-11 09:26:15,445] INFO: [PROTOCOL] 準備發送 264 bytes
[2025-11-11 09:26:15,445] INFO: [PROTOCOL] 已發送 268/268 bytes
[2025-11-11 09:26:15,445] INFO: [PROTOCOL] ✅ 完整發送 268 bytes
[2025-11-11 09:26:15,445] INFO: [PROTOCOL] 準備發送 264 bytes
[2025-11-11 09:26:15,446] INFO: [PROTOCOL] 已發送 268/268 bytes
[2025-11-11 09:26:15,446] INFO: [PROTOCOL] ✅ 完整發送 268 bytes
[2025-11-11 09:26:15,446] INFO: [PROTOCOL] 準備發送 264 bytes
[2025-11-11 09:26:15,446] INFO: [PROTOCOL] 已發送 268/268 bytes
[2025-11-11 09:26:15,446] INFO: [PROTOCOL] ✅ 完整發送 268 bytes
[2025-11-11 09:26:15,552] INFO: [PROTOCOL] 準備發送 264 bytes
[2025-11-11 09:26:15,552] INFO: [PROTOCOL] 已發送 268/268 bytes
[2025-11-11 09:26:15,552] INFO: [PROTOCOL] ✅ 完整發送 268 bytes
[2025-11-11 09:26:15,552] INFO: [PROTOCOL] 準備發送 264 bytes
[2025-11-11 09:26:15,552] INFO: [PROTOCOL] 已發送 268/268 bytes
[2025-11-11 09:26:15,553] INFO: [PROTOCOL] ✅ 完整發送 268 bytes
[2025-11-11 09:26:15,553] INFO: [PROTOCOL] 準備發送 264 bytes
[2025-11-11 09:26:15,553] INFO: [PROTOCOL] 已發送 268/268 bytes
[2025-11-11 09:26:15,553] INFO: [PROTOCOL] ✅ 完整發送 268 bytes
[2025-11-11 09:26:15,553] INFO: [PROTOCOL] 準備發送 264 bytes
[2025-11-11 09:26:15,553] INFO: [PROTOCOL] 已發送 268/268 bytes
[2025-11-11 09:26:15,553] INFO: [PROTOCOL] ✅ 完整發送 268 bytes
[2025-11-11 09:26:15,658] INFO: [PROTOCOL] 準備發送 264 bytes
[2025-11-11 09:26:15,658] INFO: [PROTOCOL] 已發送 268/268 bytes
[2025-11-11 09:26:15,659] INFO: [PROTOCOL] ✅ 完整發送 268 bytes
[2025-11-11 09:26:15,659] INFO: [PROTOCOL] 準備發送 264 bytes
[2025-11-11 09:26:15,659] INFO: [PROTOCOL] 已發送 268/268 bytes
[2025-11-11 09:26:15,659] INFO: [PROTOCOL] ✅ 完整發送 268 bytes
[2025-11-11 09:26:15,659] INFO: [PROTOCOL] 準備發送 264 bytes
[2025-11-11 09:26:15,659] INFO: [PROTOCOL] 已發送 268/268 bytes
[2025-11-11 09:26:15,659] INFO: [PROTOCOL] ✅ 完整發送 268 bytes
[2025-11-11 09:26:15,659] INFO: [PROTOCOL] 準備發送 264 bytes
[2025-11-11 09:26:15,659] INFO: [PROTOCOL] 已發送 268/268 bytes
[2025-11-11 09:26:15,660] INFO: [PROTOCOL] ✅ 完整發送 268 bytes
[2025-11-11 09:26:15,765] INFO: [PROTOCOL] 準備發送 264 bytes
[2025-11-11 09:26:15,765] INFO: [PROTOCOL] 已發送 268/268 bytes
[2025-11-11 09:26:15,766] INFO: [PROTOCOL] ✅ 完整發送 268 bytes
[2025-11-11 09:26:15,766] INFO: [PROTOCOL] 準備發送 264 bytes
[2025-11-11 09:26:15,766] INFO: [PROTOCOL] 已發送 268/268 bytes
[2025-11-11 09:26:15,766] INFO: [PROTOCOL] ✅ 完整發送 268 bytes
[2025-11-11 09:26:15,766] INFO: [PROTOCOL] 準備發送 264 bytes
[2025-11-11 09:26:15,766] INFO: [PROTOCOL] 已發送 268/268 bytes
[2025-11-11 09:26:15,766] INFO: [PROTOCOL] ✅ 完整發送 268 bytes
[2025-11-11 09:26:15,766] INFO: [PROTOCOL] 準備發送 264 bytes
[2025-11-11 09:26:15,766] INFO: [PROTOCOL] 已發送 268/268 bytes
[2025-11-11 09:26:15,767] INFO: [PROTOCOL] ✅ 完整發送 268 bytes
[2025-11-11 09:26:15,870] INFO: [PROTOCOL] 準備發送 264 bytes
[2025-11-11 09:26:15,870] INFO: [PROTOCOL] 已發送 268/268 bytes
[2025-11-11 09:26:15,870] INFO: [PROTOCOL] ✅ 完整發送 268 bytes
[2025-11-11 09:26:15,870] INFO: [PROTOCOL] 準備發送 264 bytes
[2025-11-11 09:26:15,870] INFO: [PROTOCOL] 已發送 268/268 bytes
[2025-11-11 09:26:15,871] INFO: [PROTOCOL] ✅ 完整發送 268 bytes
[2025-11-11 09:26:15,871] INFO: [PROTOCOL] 準備發送 264 bytes
[2025-11-11 09:26:15,871] INFO: [PROTOCOL] 已發送 268/268 bytes
[2025-11-11 09:26:15,871] INFO: [PROTOCOL] ✅ 完整發送 268 bytes
[2025-11-11 09:26:15,871] INFO: [PROTOCOL] 準備發送 264 bytes
[2025-11-11 09:26:15,871] INFO: [PROTOCOL] 已發送 268/268 bytes
[2025-11-11 09:26:15,871] INFO: [PROTOCOL] ✅ 完整發送 268 bytes
[2025-11-11 09:26:15,973] INFO: [PROTOCOL] 準備發送 264 bytes
[2025-11-11 09:26:15,974] INFO: [PROTOCOL] 已發送 268/268 bytes
[2025-11-11 09:26:15,974] INFO: [PROTOCOL] ✅ 完整發送 268 bytes
[2025-11-11 09:26:15,974] INFO: [PROTOCOL] 準備發送 264 bytes
[2025-11-11 09:26:15,974] INFO: [PROTOCOL] 已發送 268/268 bytes
[2025-11-11 09:26:15,974] INFO: [PROTOCOL] ✅ 完整發送 268 bytes
[2025-11-11 09:26:15,974] INFO: [PROTOCOL] 準備發送 264 bytes
[2025-11-11 09:26:15,974] INFO: [PROTOCOL] 已發送 268/268 bytes
[2025-11-11 09:26:15,974] INFO: [PROTOCOL] ✅ 完整發送 268 bytes
[2025-11-11 09:26:15,974] INFO: [PROTOCOL] 準備發送 264 bytes
[2025-11-11 09:26:15,974] INFO: [PROTOCOL] 已發送 268/268 bytes
[2025-11-11 09:26:15,974] INFO: [PROTOCOL] ✅ 完整發送 268 bytes
[2025-11-11 09:26:16,080] INFO: [PROTOCOL] 準備發送 263 bytes
[2025-11-11 09:26:16,080] INFO: [PROTOCOL] 已發送 267/267 bytes
[2025-11-11 09:26:16,080] INFO: [PROTOCOL] ✅ 完整發送 267 bytes
[2025-11-11 09:26:16,081] INFO: [PROTOCOL] 準備發送 263 bytes
[2025-11-11 09:26:16,081] INFO: [PROTOCOL] 已發送 267/267 bytes
[2025-11-11 09:26:16,081] INFO: [PROTOCOL] ✅ 完整發送 267 bytes
[2025-11-11 09:26:16,081] INFO: [PROTOCOL] 準備發送 263 bytes
[2025-11-11 09:26:16,081] INFO: [PROTOCOL] 已發送 267/267 bytes
[2025-11-11 09:26:16,081] INFO: [PROTOCOL] ✅ 完整發送 267 bytes
[2025-11-11 09:26:16,081] INFO: [PROTOCOL] 準備發送 263 bytes
[2025-11-11 09:26:16,081] INFO: [PROTOCOL] 已發送 267/267 bytes
[2025-11-11 09:26:16,081] INFO: [PROTOCOL] ✅ 完整發送 267 bytes
[2025-11-11 09:26:16,183] INFO: [PROTOCOL] 準備發送 263 bytes
[2025-11-11 09:26:16,183] INFO: [PROTOCOL] 已發送 267/267 bytes
[2025-11-11 09:26:16,183] INFO: [PROTOCOL] ✅ 完整發送 267 bytes
[2025-11-11 09:26:16,183] INFO: [PROTOCOL] 準備發送 263 bytes
[2025-11-11 09:26:16,184] INFO: [PROTOCOL] 已發送 267/267 bytes
[2025-11-11 09:26:16,184] INFO: [PROTOCOL] ✅ 完整發送 267 bytes
[2025-11-11 09:26:16,184] INFO: [PROTOCOL] 準備發送 263 bytes
[2025-11-11 09:26:16,184] INFO: [PROTOCOL] 已發送 267/267 bytes
[2025-11-11 09:26:16,184] INFO: [PROTOCOL] ✅ 完整發送 267 bytes
[2025-11-11 09:26:16,184] INFO: [PROTOCOL] 準備發送 263 bytes
[2025-11-11 09:26:16,185] INFO: [PROTOCOL] 已發送 267/267 bytes
[2025-11-11 09:26:16,185] INFO: [PROTOCOL] ✅ 完整發送 267 bytes
[2025-11-11 09:26:16,286] INFO: [PROTOCOL] 準備發送 263 bytes
[2025-11-11 09:26:16,286] INFO: [PROTOCOL] 已發送 267/267 bytes
[2025-11-11 09:26:16,286] INFO: [PROTOCOL] ✅ 完整發送 267 bytes
[2025-11-11 09:26:16,286] INFO: [PROTOCOL] 準備發送 263 bytes
[2025-11-11 09:26:16,286] INFO: [PROTOCOL] 已發送 267/267 bytes
[2025-11-11 09:26:16,286] INFO: [PROTOCOL] ✅ 完整發送 267 bytes
[2025-11-11 09:26:16,287] INFO: [PROTOCOL] 準備發送 263 bytes
[2025-11-11 09:26:16,287] INFO: [PROTOCOL] 已發送 267/267 bytes
[2025-11-11 09:26:16,287] INFO: [PROTOCOL] ✅ 完整發送 267 bytes
[2025-11-11 09:26:16,287] INFO: [PROTOCOL] 準備發送 263 bytes
[2025-11-11 09:26:16,287] INFO: [PROTOCOL] 已發送 267/267 bytes
[2025-11-11 09:26:16,287] INFO: [PROTOCOL] ✅ 完整發送 267 bytes
[2025-11-11 09:26:16,391] INFO: [PROTOCOL] 準備發送 263 bytes
[2025-11-11 09:26:16,391] INFO: [PROTOCOL] 已發送 267/267 bytes
[2025-11-11 09:26:16,391] INFO: [PROTOCOL] ✅ 完整發送 267 bytes
[2025-11-11 09:26:16,391] INFO: [PROTOCOL] 準備發送 263 bytes
[2025-11-11 09:26:16,391] INFO: [PROTOCOL] 已發送 267/267 bytes
[2025-11-11 09:26:16,391] INFO: [PROTOCOL] ✅ 完整發送 267 bytes
[2025-11-11 09:26:16,392] INFO: [PROTOCOL] 準備發送 263 bytes
[2025-11-11 09:26:16,392] INFO: [PROTOCOL] 已發送 267/267 bytes
[2025-11-11 09:26:16,392] INFO: [PROTOCOL] ✅ 完整發送 267 bytes
[2025-11-11 09:26:16,392] INFO: [PROTOCOL] 準備發送 263 bytes
[2025-11-11 09:26:16,392] INFO: [PROTOCOL] 已發送 267/267 bytes
[2025-11-11 09:26:16,392] INFO: [PROTOCOL] ✅ 完整發送 267 bytes
[2025-11-11 09:26:16,495] INFO: [PROTOCOL] 準備發送 265 bytes
[2025-11-11 09:26:16,495] INFO: [PROTOCOL] 已發送 269/269 bytes
[2025-11-11 09:26:16,495] INFO: [PROTOCOL] ✅ 完整發送 269 bytes
[2025-11-11 09:26:16,495] INFO: [PROTOCOL] 準備發送 265 bytes
[2025-11-11 09:26:16,495] INFO: [PROTOCOL] 已發送 269/269 bytes
[2025-11-11 09:26:16,496] INFO: [PROTOCOL] ✅ 完整發送 269 bytes
[2025-11-11 09:26:16,496] INFO: [PROTOCOL] 準備發送 265 bytes
[2025-11-11 09:26:16,496] INFO: [PROTOCOL] 已發送 269/269 bytes
[2025-11-11 09:26:16,496] INFO: [PROTOCOL] ✅ 完整發送 269 bytes
[2025-11-11 09:26:16,496] INFO: [PROTOCOL] 準備發送 265 bytes
[2025-11-11 09:26:16,496] INFO: [PROTOCOL] 已發送 269/269 bytes
[2025-11-11 09:26:16,496] INFO: [PROTOCOL] ✅ 完整發送 269 bytes
[2025-11-11 09:26:16,604] INFO: [PROTOCOL] 準備發送 265 bytes
[2025-11-11 09:26:16,605] INFO: [PROTOCOL] 已發送 269/269 bytes
[2025-11-11 09:26:16,605] INFO: [PROTOCOL] ✅ 完整發送 269 bytes
[2025-11-11 09:26:16,605] INFO: [PROTOCOL] 準備發送 265 bytes
[2025-11-11 09:26:16,605] INFO: [PROTOCOL] 已發送 269/269 bytes
[2025-11-11 09:26:16,605] INFO: [PROTOCOL] ✅ 完整發送 269 bytes
[2025-11-11 09:26:16,605] INFO: [PROTOCOL] 準備發送 265 bytes
[2025-11-11 09:26:16,605] INFO: [PROTOCOL] 已發送 269/269 bytes
[2025-11-11 09:26:16,605] INFO: [PROTOCOL] ✅ 完整發送 269 bytes
[2025-11-11 09:26:16,605] INFO: [PROTOCOL] 準備發送 265 bytes
[2025-11-11 09:26:16,605] INFO: [PROTOCOL] 已發送 269/269 bytes
[2025-11-11 09:26:16,605] INFO: [PROTOCOL] ✅ 完整發送 269 bytes
[2025-11-11 09:26:16,710] INFO: [PROTOCOL] 準備發送 265 bytes
[2025-11-11 09:26:16,710] INFO: [PROTOCOL] 已發送 269/269 bytes
[2025-11-11 09:26:16,710] INFO: [PROTOCOL] ✅ 完整發送 269 bytes
[2025-11-11 09:26:16,710] INFO: [PROTOCOL] 準備發送 265 bytes
[2025-11-11 09:26:16,710] INFO: [PROTOCOL] 已發送 269/269 bytes
[2025-11-11 09:26:16,710] INFO: [PROTOCOL] ✅ 完整發送 269 bytes
[2025-11-11 09:26:16,711] INFO: [PROTOCOL] 準備發送 265 bytes
[2025-11-11 09:26:16,711] INFO: [PROTOCOL] 已發送 269/269 bytes
[2025-11-11 09:26:16,711] INFO: [PROTOCOL] ✅ 完整發送 269 bytes
[2025-11-11 09:26:16,711] INFO: [PROTOCOL] 準備發送 265 bytes
[2025-11-11 09:26:16,711] INFO: [PROTOCOL] 已發送 269/269 bytes
[2025-11-11 09:26:16,711] INFO: [PROTOCOL] ✅ 完整發送 269 bytes
[2025-11-11 09:26:16,816] INFO: [PROTOCOL] 準備發送 265 bytes
[2025-11-11 09:26:16,816] INFO: [PROTOCOL] 已發送 269/269 bytes
[2025-11-11 09:26:16,816] INFO: [PROTOCOL] ✅ 完整發送 269 bytes
[2025-11-11 09:26:16,816] INFO: [PROTOCOL] 準備發送 265 bytes
[2025-11-11 09:26:16,817] INFO: [PROTOCOL] 已發送 269/269 bytes
[2025-11-11 09:26:16,817] INFO: [PROTOCOL] ✅ 完整發送 269 bytes
[2025-11-11 09:26:16,817] INFO: [PROTOCOL] 準備發送 265 bytes
[2025-11-11 09:26:16,817] INFO: [PROTOCOL] 已發送 269/269 bytes
[2025-11-11 09:26:16,817] INFO: [PROTOCOL] ✅ 完整發送 269 bytes
[2025-11-11 09:26:16,817] INFO: [PROTOCOL] 準備發送 265 bytes
[2025-11-11 09:26:16,817] INFO: [PROTOCOL] 已發送 269/269 bytes
[2025-11-11 09:26:16,817] INFO: [PROTOCOL] ✅ 完整發送 269 bytes
[2025-11-11 09:26:16,920] INFO: [PROTOCOL] 準備發送 265 bytes
[2025-11-11 09:26:16,920] INFO: [PROTOCOL] 已發送 269/269 bytes
[2025-11-11 09:26:16,920] INFO: [PROTOCOL] ✅ 完整發送 269 bytes
[2025-11-11 09:26:16,920] INFO: [PROTOCOL] 準備發送 265 bytes
[2025-11-11 09:26:16,920] INFO: [PROTOCOL] 已發送 269/269 bytes
[2025-11-11 09:26:16,921] INFO: [PROTOCOL] ✅ 完整發送 269 bytes
[2025-11-11 09:26:16,921] INFO: [PROTOCOL] 準備發送 265 bytes
[2025-11-11 09:26:16,921] INFO: [PROTOCOL] 已發送 269/269 bytes
[2025-11-11 09:26:16,921] INFO: [PROTOCOL] ✅ 完整發送 269 bytes
[2025-11-11 09:26:16,921] INFO: [PROTOCOL] 準備發送 265 bytes
[2025-11-11 09:26:16,921] INFO: [PROTOCOL] 已發送 269/269 bytes
[2025-11-11 09:26:16,921] INFO: [PROTOCOL] ✅ 完整發送 269 bytes
[2025-11-11 09:26:17,025] INFO: [PROTOCOL] 準備發送 265 bytes
[2025-11-11 09:26:17,025] INFO: [PROTOCOL] 已發送 269/269 bytes
[2025-11-11 09:26:17,025] INFO: [PROTOCOL] ✅ 完整發送 269 bytes
[2025-11-11 09:26:17,025] INFO: [PROTOCOL] 準備發送 265 bytes
[2025-11-11 09:26:17,026] INFO: [PROTOCOL] 已發送 269/269 bytes
[2025-11-11 09:26:17,026] INFO: [PROTOCOL] ✅ 完整發送 269 bytes
[2025-11-11 09:26:17,026] INFO: [PROTOCOL] 準備發送 265 bytes
[2025-11-11 09:26:17,026] INFO: [PROTOCOL] 已發送 269/269 bytes
[2025-11-11 09:26:17,026] INFO: [PROTOCOL] ✅ 完整發送 269 bytes
[2025-11-11 09:26:17,026] INFO: [PROTOCOL] 準備發送 265 bytes
[2025-11-11 09:26:17,027] INFO: [PROTOCOL] 已發送 269/269 bytes
[2025-11-11 09:26:17,027] INFO: [PROTOCOL] ✅ 完整發送 269 bytes
[2025-11-11 09:26:17,132] INFO: [PROTOCOL] 準備發送 265 bytes
[2025-11-11 09:26:17,138] INFO: [PROTOCOL] 已發送 269/269 bytes
[2025-11-11 09:26:17,138] INFO: [PROTOCOL] ✅ 完整發送 269 bytes
[2025-11-11 09:26:17,138] INFO: [PROTOCOL] 準備發送 265 bytes
[2025-11-11 09:26:17,138] INFO: [PROTOCOL] 已發送 269/269 bytes
[2025-11-11 09:26:17,138] INFO: [PROTOCOL] ✅ 完整發送 269 bytes
[2025-11-11 09:26:17,138] INFO: [PROTOCOL] 準備發送 265 bytes
[2025-11-11 09:26:17,138] INFO: [PROTOCOL] 已發送 269/269 bytes
[2025-11-11 09:26:17,138] INFO: [PROTOCOL] ✅ 完整發送 269 bytes
[2025-11-11 09:26:17,138] INFO: [PROTOCOL] 準備發送 265 bytes
[2025-11-11 09:26:17,138] INFO: [PROTOCOL] 已發送 269/269 bytes
[2025-11-11 09:26:17,138] INFO: [PROTOCOL] ✅ 完整發送 269 bytes
[2025-11-11 09:26:17,243] INFO: [PROTOCOL] 準備發送 265 bytes
[2025-11-11 09:26:17,243] INFO: [PROTOCOL] 已發送 269/269 bytes
[2025-11-11 09:26:17,243] INFO: [PROTOCOL] ✅ 完整發送 269 bytes
[2025-11-11 09:26:17,244] INFO: [PROTOCOL] 準備發送 265 bytes
[2025-11-11 09:26:17,244] INFO: [PROTOCOL] 已發送 269/269 bytes
[2025-11-11 09:26:17,244] INFO: [PROTOCOL] ✅ 完整發送 269 bytes
[2025-11-11 09:26:17,244] INFO: [PROTOCOL] 準備發送 265 bytes
[2025-11-11 09:26:17,244] INFO: [PROTOCOL] 已發送 269/269 bytes
[2025-11-11 09:26:17,244] INFO: [PROTOCOL] ✅ 完整發送 269 bytes
[2025-11-11 09:26:17,244] INFO: [PROTOCOL] 準備發送 265 bytes
[2025-11-11 09:26:17,244] INFO: [PROTOCOL] 已發送 269/269 bytes
[2025-11-11 09:26:17,244] INFO: [PROTOCOL] ✅ 完整發送 269 bytes
[2025-11-11 09:26:17,350] INFO: [PROTOCOL] 準備發送 265 bytes
[2025-11-11 09:26:17,350] INFO: [PROTOCOL] 已發送 269/269 bytes
[2025-11-11 09:26:17,350] INFO: [PROTOCOL] ✅ 完整發送 269 bytes
[2025-11-11 09:26:17,351] INFO: [PROTOCOL] 準備發送 265 bytes
[2025-11-11 09:26:17,351] INFO: [PROTOCOL] 已發送 269/269 bytes
[2025-11-11 09:26:17,351] INFO: [PROTOCOL] ✅ 完整發送 269 bytes
[2025-11-11 09:26:17,351] INFO: [PROTOCOL] 準備發送 265 bytes
[2025-11-11 09:26:17,351] INFO: [PROTOCOL] 已發送 269/269 bytes
[2025-11-11 09:26:17,351] INFO: [PROTOCOL] ✅ 完整發送 269 bytes
[2025-11-11 09:26:17,351] INFO: [PROTOCOL] 準備發送 265 bytes
[2025-11-11 09:26:17,351] INFO: [PROTOCOL] 已發送 269/269 bytes
[2025-11-11 09:26:17,351] INFO: [PROTOCOL] ✅ 完整發送 269 bytes
[2025-11-11 09:26:17,455] INFO: [PROTOCOL] 準備發送 265 bytes
[2025-11-11 09:26:17,455] INFO: [PROTOCOL] 已發送 269/269 bytes
[2025-11-11 09:26:17,456] INFO: [PROTOCOL] ✅ 完整發送 269 bytes
[2025-11-11 09:26:17,456] INFO: [PROTOCOL] 準備發送 265 bytes
[2025-11-11 09:26:17,456] INFO: [PROTOCOL] 已發送 269/269 bytes
[2025-11-11 09:26:17,456] INFO: [PROTOCOL] ✅ 完整發送 269 bytes
[2025-11-11 09:26:17,456] INFO: [PROTOCOL] 準備發送 265 bytes
[2025-11-11 09:26:17,456] INFO: [PROTOCOL] 已發送 269/269 bytes
[2025-11-11 09:26:17,456] INFO: [PROTOCOL] ✅ 完整發送 269 bytes
[2025-11-11 09:26:17,456] INFO: [PROTOCOL] 準備發送 265 bytes
[2025-11-11 09:26:17,456] INFO: [PROTOCOL] 已發送 269/269 bytes
[2025-11-11 09:26:17,456] INFO: [PROTOCOL] ✅ 完整發送 269 bytes
[2025-11-11 09:26:17,562] INFO: [PROTOCOL] 準備發送 265 bytes
[2025-11-11 09:26:17,562] INFO: [PROTOCOL] 已發送 269/269 bytes
[2025-11-11 09:26:17,562] INFO: [PROTOCOL] ✅ 完整發送 269 bytes
[2025-11-11 09:26:17,562] INFO: [PROTOCOL] 準備發送 265 bytes
[2025-11-11 09:26:17,562] INFO: [PROTOCOL] 已發送 269/269 bytes
[2025-11-11 09:26:17,562] INFO: [PROTOCOL] ✅ 完整發送 269 bytes
[2025-11-11 09:26:17,562] INFO: [PROTOCOL] 準備發送 265 bytes
[2025-11-11 09:26:17,563] INFO: [PROTOCOL] 已發送 269/269 bytes
[2025-11-11 09:26:17,563] INFO: [PROTOCOL] ✅ 完整發送 269 bytes
[2025-11-11 09:26:17,563] INFO: [PROTOCOL] 準備發送 265 bytes
[2025-11-11 09:26:17,563] INFO: [PROTOCOL] 已發送 269/269 bytes
[2025-11-11 09:26:17,563] INFO: [PROTOCOL] ✅ 完整發送 269 bytes
[2025-11-11 09:26:17,604] ERROR: ❌ ProtocolError for 2: 接收失敗: [Errno 54] Connection reset by peer
[2025-11-11 09:26:17,605] WARNING: ⚠️ Player 2 disconnected during game!
[2025-11-11 09:26:17,605] INFO: [PROTOCOL] 準備發送 126 bytes
[2025-11-11 09:26:17,608] ERROR: [PROTOCOL] ❌ 發送訊息失敗: 發送失敗: [Errno 32] Broken pipe
[2025-11-11 09:26:17,612] INFO: [PROTOCOL] 準備發送 126 bytes
[2025-11-11 09:26:17,612] INFO: [PROTOCOL] 已發送 130/130 bytes
[2025-11-11 09:26:17,617] INFO: [PROTOCOL] ✅ 完整發送 130 bytes
[2025-11-11 09:26:17,618] INFO: 📊 Attempting to report game result to lobby: room=13, results={'P1': {'user_id': 1, 'score': 0, 'lines_cleared': 0}, 'P2': {'user_id': 2, 'score': 0, 'lines_cleared': 0}}
[2025-11-11 09:26:17,618] INFO: 📡 Connecting to lobby server at localhost:10002...
[2025-11-11 09:26:17,624] INFO: ✅ Connected to lobby server
[2025-11-11 09:26:17,624] INFO: 🏆 Winner: None
[2025-11-11 09:26:17,624] INFO: 📤 Sending report: {'action': 'report_game_result', 'data': {'room_id': 13, 'winner': None, 'results': {'P1': {'user_id': 1, 'score': 0, 'lines_cleared': 0}, 'P2': {'user_id': 2, 'score': 0, 'lines_cleared': 0}}}}
[2025-11-11 09:26:17,624] INFO: [PROTOCOL] 準備發送 194 bytes
[2025-11-11 09:26:17,624] INFO: [PROTOCOL] 已發送 198/198 bytes
[2025-11-11 09:26:17,624] INFO: [PROTOCOL] ✅ 完整發送 198 bytes
[2025-11-11 09:26:17,624] INFO: ✅ Report sent, waiting for response...
[2025-11-11 09:26:17,661] INFO: 🎮 Game Over! Winner: None
[2025-11-11 09:26:17,661] INFO: [PROTOCOL] 準備發送 158 bytes
[2025-11-11 09:26:17,661] ERROR: [PROTOCOL] ❌ 發送訊息失敗: 發送失敗: [Errno 32] Broken pipe
[2025-11-11 09:26:17,661] INFO: [PROTOCOL] 準備發送 158 bytes
[2025-11-11 09:26:17,661] INFO: [PROTOCOL] 已發送 162/162 bytes
[2025-11-11 09:26:17,661] INFO: [PROTOCOL] ✅ 完整發送 162 bytes
[2025-11-11 09:26:17,661] INFO: 📊 Attempting to report game result to lobby: room=13, results={'P2': {'user_id': 2, 'score': 0, 'lines_cleared': 0, 'max_combo': 0}, 'P1': {'user_id': 1, 'score': 0, 'lines_cleared': 0, 'max_combo': 0}}
[2025-11-11 09:26:17,661] INFO: 📡 Connecting to lobby server at localhost:10002...
[2025-11-11 09:26:17,662] INFO: ✅ Connected to lobby server
[2025-11-11 09:26:17,662] INFO: 🏆 Winner: None
[2025-11-11 09:26:17,662] INFO: 📤 Sending report: {'action': 'report_game_result', 'data': {'room_id': 13, 'winner': None, 'results': {'P2': {'user_id': 2, 'score': 0, 'lines_cleared': 0, 'max_combo': 0}, 'P1': {'user_id': 1, 'score': 0, 'lines_cleared': 0, 'max_combo': 0}}}}
[2025-11-11 09:26:17,662] INFO: [PROTOCOL] 準備發送 226 bytes
[2025-11-11 09:26:17,662] INFO: [PROTOCOL] 已發送 230/230 bytes
[2025-11-11 09:26:17,662] INFO: [PROTOCOL] ✅ 完整發送 230 bytes
[2025-11-11 09:26:17,662] INFO: ✅ Report sent, waiting for response...
[2025-11-11 09:26:18,424] INFO: 🔌 Player 1 input handler stopped
[2025-11-11 09:26:22,626] ERROR: ❌ Failed to report game result: 接收逾時
Traceback (most recent call last):
  File "/Users/ninachung/Documents/GitHub/Network_programming/game_server/../lobby_server/protocol.py", line 77, in recv_exact
    chunk = sock.recv(n - len(data))
            ^^^^^^^^^^^^^^^^^^^^^^^^
ConnectionResetError: [Errno 54] Connection reset by peer

During handling of the above exception, another exception occurred:

Traceback (most recent call last):
  File "/Users/ninachung/Documents/GitHub/Network_programming/game_server/game_server.py", line 316, in handle_player_input
    msg_str = recv_message(sock)
              ^^^^^^^^^^^^^^^^^^
  File "/Users/ninachung/Documents/GitHub/Network_programming/game_server/../lobby_server/protocol.py", line 103, in recv_message
    header = recv_exact(sock, 4)
             ^^^^^^^^^^^^^^^^^^^
  File "/Users/ninachung/Documents/GitHub/Network_programming/game_server/../lobby_server/protocol.py", line 84, in recv_exact
    raise ProtocolError(f"接收失敗: {e}")
lobby_server.protocol.ProtocolError: 接收失敗: [Errno 54] Connection reset by peer

During handling of the above exception, another exception occurred:

Traceback (most recent call last):
  File "/Users/ninachung/Documents/GitHub/Network_programming/game_server/../lobby_server/protocol.py", line 77, in recv_exact
    chunk = sock.recv(n - len(data))
            ^^^^^^^^^^^^^^^^^^^^^^^^
TimeoutError: timed out

During handling of the above exception, another exception occurred:

Traceback (most recent call last):
  File "/Users/ninachung/Documents/GitHub/Network_programming/game_server/game_server.py", line 607, in report_game_result
    response_str = recv_message(lobby_sock)
                   ^^^^^^^^^^^^^^^^^^^^^^^^
  File "/Users/ninachung/Documents/GitHub/Network_programming/game_server/../lobby_server/protocol.py", line 103, in recv_message
    header = recv_exact(sock, 4)
             ^^^^^^^^^^^^^^^^^^^
  File "/Users/ninachung/Documents/GitHub/Network_programming/game_server/../lobby_server/protocol.py", line 82, in recv_exact
    raise ProtocolError("接收逾時")
lobby_server.protocol.ProtocolError: 接收逾時
[2025-11-11 09:26:22,635] INFO: 🏁 Game ended due to player 2 disconnection
[2025-11-11 09:26:22,635] INFO: 🔌 Player 2 input handler stopped
[2025-11-11 09:26:22,663] ERROR: ❌ Failed to report game result: 接收逾時
Traceback (most recent call last):
  File "/Users/ninachung/Documents/GitHub/Network_programming/game_server/../lobby_server/protocol.py", line 77, in recv_exact
    chunk = sock.recv(n - len(data))
            ^^^^^^^^^^^^^^^^^^^^^^^^
TimeoutError: timed out

During handling of the above exception, another exception occurred:

Traceback (most recent call last):
  File "/Users/ninachung/Documents/GitHub/Network_programming/game_server/game_server.py", line 607, in report_game_result
    response_str = recv_message(lobby_sock)
                   ^^^^^^^^^^^^^^^^^^^^^^^^
  File "/Users/ninachung/Documents/GitHub/Network_programming/game_server/../lobby_server/protocol.py", line 103, in recv_message
    header = recv_exact(sock, 4)
             ^^^^^^^^^^^^^^^^^^^
  File "/Users/ninachung/Documents/GitHub/Network_programming/game_server/../lobby_server/protocol.py", line 82, in recv_exact
    raise ProtocolError("接收逾時")
lobby_server.protocol.ProtocolError: 接收逾時
[2025-11-11 09:26:22,664] INFO: 📊 Final results: {'P2': {'user_id': 2, 'score': 0, 'lines_cleared': 0, 'max_combo': 0}, 'P1': {'user_id': 1, 'score': 0, 'lines_cleared': 0, 'max_combo': 0}}
[2025-11-11 09:26:24,669] INFO: 🛑 Shutting down Game Server...
[2025-11-11 09:26:24,669] INFO: ✅ Game Server shut down
[2025-11-11 09:26:24,669] INFO: 🛑 Shutting down Game Server...
[2025-11-11 09:26:24,669] INFO: ✅ Game Server shut down
