[2025-11-10 21:54:09,383] INFO: ğŸ® Game Server started on port 10102
[2025-11-10 21:54:09,383] INFO:    Room: 17, Players: [1, 2]
[2025-11-10 21:54:09,383] INFO:    Seed: 1846258022
[2025-11-10 21:54:13,434] INFO: ğŸ“¥ Player 1 connected from ('127.0.0.1', 61975)
[2025-11-10 21:54:13,435] INFO: âœ… Player 2 (P2) ready
[2025-11-10 21:54:13,435] INFO: ğŸ“¥ Player 2 connected from ('127.0.0.1', 61976)
[2025-11-10 21:54:13,436] INFO: âœ… Player 1 (P1) ready
[2025-11-10 21:54:13,436] INFO: âœ… Both players connected, starting game...
[2025-11-10 21:54:13,439] INFO: ğŸ® Starting input handler for player 2
[2025-11-10 21:54:13,439] INFO: ğŸ® Starting input handler for player 1
[2025-11-10 21:54:16,086] INFO: ğŸ® Received INPUT from 2: DOWN (seq: 1)
[2025-11-10 21:54:16,086] INFO: âœ… Processing action: DOWN
[2025-11-10 21:54:16,139] INFO: ğŸ® Received INPUT from 2: DOWN (seq: 2)
[2025-11-10 21:54:16,139] INFO: âœ… Processing action: DOWN
[2025-11-10 21:54:16,190] INFO: ğŸ® Received INPUT from 2: DOWN (seq: 3)
[2025-11-10 21:54:16,190] INFO: âœ… Processing action: DOWN
[2025-11-10 21:54:16,257] INFO: ğŸ® Received INPUT from 2: DOWN (seq: 4)
[2025-11-10 21:54:16,257] INFO: âœ… Processing action: DOWN
[2025-11-10 21:54:16,308] INFO: ğŸ® Received INPUT from 2: DOWN (seq: 5)
[2025-11-10 21:54:16,308] INFO: âœ… Processing action: DOWN
[2025-11-10 21:54:16,360] INFO: ğŸ® Received INPUT from 2: DOWN (seq: 6)
[2025-11-10 21:54:16,360] INFO: âœ… Processing action: DOWN
[2025-11-10 21:54:16,412] INFO: ğŸ® Received INPUT from 2: DOWN (seq: 7)
[2025-11-10 21:54:16,413] INFO: âœ… Processing action: DOWN
[2025-11-10 21:54:16,477] INFO: ğŸ® Received INPUT from 2: DOWN (seq: 8)
[2025-11-10 21:54:16,477] INFO: âœ… Processing action: DOWN
[2025-11-10 21:54:16,528] INFO: ğŸ® Received INPUT from 2: DOWN (seq: 9)
[2025-11-10 21:54:16,529] INFO: âœ… Processing action: DOWN
[2025-11-10 21:54:16,579] INFO: ğŸ® Received INPUT from 2: DOWN (seq: 10)
[2025-11-10 21:54:16,579] INFO: âœ… Processing action: DOWN
[2025-11-10 21:54:16,631] INFO: ğŸ® Received INPUT from 2: DOWN (seq: 11)
[2025-11-10 21:54:16,631] INFO: âœ… Processing action: DOWN
[2025-11-10 21:54:16,681] INFO: ğŸ® Received INPUT from 2: DOWN (seq: 12)
[2025-11-10 21:54:16,681] INFO: âœ… Processing action: DOWN
[2025-11-10 21:54:17,647] INFO: ğŸ® Received INPUT from 2: CCW (seq: 13)
[2025-11-10 21:54:17,647] INFO: âœ… Processing action: CCW
[2025-11-10 21:54:17,698] INFO: ğŸ® Received INPUT from 2: CCW (seq: 14)
[2025-11-10 21:54:17,699] INFO: âœ… Processing action: CCW
[2025-11-10 21:54:17,824] INFO: ğŸ® Received INPUT from 2: CCW (seq: 15)
[2025-11-10 21:54:17,824] INFO: âœ… Processing action: CCW
[2025-11-10 21:54:17,883] INFO: ğŸ® Received INPUT from 2: CCW (seq: 16)
[2025-11-10 21:54:17,884] INFO: âœ… Processing action: CCW
[2025-11-10 21:54:18,018] INFO: ğŸ® Received INPUT from 2: CCW (seq: 17)
[2025-11-10 21:54:18,019] INFO: âœ… Processing action: CCW
[2025-11-10 21:54:18,069] INFO: ğŸ® Received INPUT from 2: CCW (seq: 18)
[2025-11-10 21:54:18,069] INFO: âœ… Processing action: CCW
[2025-11-10 21:54:22,831] ERROR: âŒ ProtocolError for 2: é€£ç·šå·²é—œé–‰ï¼ˆrecv å›å‚³ç©ºè³‡æ–™ï¼‰
[2025-11-10 21:54:22,831] WARNING: âš ï¸ Player 2 disconnected during game!
[2025-11-10 21:54:22,831] ERROR: âŒ Error handling input for 2: 'GameServer' object has no attribute 'player1_id'
Traceback (most recent call last):
  File "/Users/ninachung/Documents/GitHub/Network_programming/game_server/game_server.py", line 316, in handle_player_input
    msg_str = recv_message(sock)
              ^^^^^^^^^^^^^^^^^^
  File "/Users/ninachung/Documents/GitHub/Network_programming/game_server/../lobby_server/protocol.py", line 94, in recv_message
    header = recv_exact(sock, 4)
             ^^^^^^^^^^^^^^^^^^^
  File "/Users/ninachung/Documents/GitHub/Network_programming/game_server/../lobby_server/protocol.py", line 70, in recv_exact
    raise ProtocolError("é€£ç·šå·²é—œé–‰ï¼ˆrecv å›å‚³ç©ºè³‡æ–™ï¼‰")
lobby_server.protocol.ProtocolError: é€£ç·šå·²é—œé–‰ï¼ˆrecv å›å‚³ç©ºè³‡æ–™ï¼‰

During handling of the above exception, another exception occurred:

Traceback (most recent call last):
  File "/Users/ninachung/Documents/GitHub/Network_programming/game_server/game_server.py", line 346, in handle_player_input
    self.handle_player_disconnect(user_id)
  File "/Users/ninachung/Documents/GitHub/Network_programming/game_server/game_server.py", line 640, in handle_player_disconnect
    for role, player_info in [("P1", self.players.get(self.player1_id)), ("P2", self.players.get(self.player2_id))]:
                                                      ^^^^^^^^^^^^^^^
AttributeError: 'GameServer' object has no attribute 'player1_id'. Did you mean: 'player_ids'?
[2025-11-10 21:54:22,840] INFO: ğŸ”Œ Player 2 input handler stopped
[2025-11-10 21:54:22,862] INFO: ğŸ® Game Over! Winner: None
[2025-11-10 21:54:23,450] INFO: ğŸ”Œ Player 1 input handler stopped
[2025-11-10 21:57:58,160] INFO: ğŸ›‘ Shutting down Game Server...
[2025-11-10 21:57:58,162] INFO: âœ… Game Server shut down
[2025-11-10 21:57:58,162] INFO: 
âš ï¸ Interrupted
[2025-11-10 21:57:58,162] INFO: ğŸ›‘ Shutting down Game Server...
[2025-11-10 21:57:58,162] INFO: âœ… Game Server shut down
